--------- beginning of crash
12-13 20:29:12.170 12802 12802 E AndroidRuntime: FATAL EXCEPTION: main
12-13 20:29:12.170 12802 12802 E AndroidRuntime: Process: io.agora.rtc.education, PID: 12802
12-13 20:29:12.170 12802 12802 E AndroidRuntime: java.lang.IllegalStateException: The specified child already has a parent. You must call removeView() on the child's parent first.
12-13 20:29:12.170 12802 12802 E AndroidRuntime: 	at android.view.ViewGroup.addViewInner(ViewGroup.java:4937)
12-13 20:29:12.170 12802 12802 E AndroidRuntime: 	at android.view.ViewGroup.addView(ViewGroup.java:4768)
12-13 20:29:12.170 12802 12802 E AndroidRuntime: 	at android.view.ViewGroup.addView(ViewGroup.java:4725)
12-13 20:29:12.170 12802 12802 E AndroidRuntime: 	at io.agora.rtc.education.room.view.UserVideoItem.setVideoView(UserVideoItem.java:51)
12-13 20:29:12.170 12802 12802 E AndroidRuntime: 	at io.agora.rtc.education.room.largeclass.LargeClassActivity$2$2.run(LargeClassActivity.java:194)
12-13 20:29:12.170 12802 12802 E AndroidRuntime: 	at android.os.Handler.handleCallback(Handler.java:790)
12-13 20:29:12.170 12802 12802 E AndroidRuntime: 	at android.os.Handler.dispatchMessage(Handler.java:99)
12-13 20:29:12.170 12802 12802 E AndroidRuntime: 	at android.os.Looper.loop(Looper.java:192)
12-13 20:29:12.170 12802 12802 E AndroidRuntime: 	at android.app.ActivityThread.main(ActivityThread.java:6842)
12-13 20:29:12.170 12802 12802 E AndroidRuntime: 	at java.lang.reflect.Method.invoke(Native Method)
12-13 20:29:12.170 12802 12802 E AndroidRuntime: 	at com.android.internal.os.RuntimeInit$MethodAndArgsCaller.run(RuntimeInit.java:438)
12-13 20:29:12.170 12802 12802 E AndroidRuntime: 	at com.android.internal.os.ZygoteInit.main(ZygoteInit.java:886)
12-13 20:34:38.790 13369 13369 E AndroidRuntime: FATAL EXCEPTION: main
12-13 20:34:38.790 13369 13369 E AndroidRuntime: Process: io.agora.rtc.education, PID: 13369
12-13 20:34:38.790 13369 13369 E AndroidRuntime: java.lang.IllegalStateException: The specified child already has a parent. You must call removeView() on the child's parent first.
12-13 20:34:38.790 13369 13369 E AndroidRuntime: 	at android.view.ViewGroup.addViewInner(ViewGroup.java:4937)
12-13 20:34:38.790 13369 13369 E AndroidRuntime: 	at android.view.ViewGroup.addView(ViewGroup.java:4768)
12-13 20:34:38.790 13369 13369 E AndroidRuntime: 	at android.view.ViewGroup.addView(ViewGroup.java:4725)
12-13 20:34:38.790 13369 13369 E AndroidRuntime: 	at io.agora.rtc.education.room.view.UserVideoItem.setVideoView(UserVideoItem.java:51)
12-13 20:34:38.790 13369 13369 E AndroidRuntime: 	at io.agora.rtc.education.room.largeclass.LargeClassActivity$2$2.run(LargeClassActivity.java:204)
12-13 20:34:38.790 13369 13369 E AndroidRuntime: 	at android.os.Handler.handleCallback(Handler.java:790)
12-13 20:34:38.790 13369 13369 E AndroidRuntime: 	at android.os.Handler.dispatchMessage(Handler.java:99)
12-13 20:34:38.790 13369 13369 E AndroidRuntime: 	at android.os.Looper.loop(Looper.java:192)
12-13 20:34:38.790 13369 13369 E AndroidRuntime: 	at android.app.ActivityThread.main(ActivityThread.java:6842)
12-13 20:34:38.790 13369 13369 E AndroidRuntime: 	at java.lang.reflect.Method.invoke(Native Method)
12-13 20:34:38.790 13369 13369 E AndroidRuntime: 	at com.android.internal.os.RuntimeInit$MethodAndArgsCaller.run(RuntimeInit.java:438)
12-13 20:34:38.790 13369 13369 E AndroidRuntime: 	at com.android.internal.os.ZygoteInit.main(ZygoteInit.java:886)
--------- beginning of system
12-13 21:03:53.028  1491  1784 I chatty  : uid=1000(system) InputReader expire 58 lines
12-13 21:03:55.639  1491  3558 I chatty  : uid=1000(system) Binder:1491_10 expire 17 lines
12-13 21:04:29.351  1491  2343 I chatty  : uid=1000(system) NetworkPolicy expire 18 lines
12-13 21:04:29.402  1491  1543 I chatty  : uid=1000(system) android.ui expire 8 lines
12-13 21:04:29.455  1491  5739 I chatty  : uid=1000(system) Binder:1491_17 expire 2 lines
12-13 21:04:39.410  1491  2642 I chatty  : uid=1000(system) Binder:1491_6 expire 14 lines
12-13 21:04:40.133  1491  1512 I chatty  : uid=1000(system) Binder:1491_1 expire 15 lines
12-13 21:06:06.460  1491  4858 I chatty  : uid=1000(system) Binder:1491_16 expire 12 lines
12-13 21:06:27.465  1491  2520 I chatty  : uid=1000(system) Binder:1491_5 expire 44 lines
12-13 21:06:34.030  1491  1559 I chatty  : uid=1000(system) android.fg expire 20 lines
12-13 21:06:34.035  2476  2476 D PowerUI : buckets   .....34 .. 29 .. 9
12-13 21:06:34.035  2476  2476 D PowerUI : level          81 --> 80
12-13 21:06:34.035  2476  2476 D PowerUI : status         2 --> 2
12-13 21:06:34.035  2476  2476 D PowerUI : plugType       2 --> 2
12-13 21:06:34.035  2476  2476 D PowerUI : invalidCharger 0 --> 0
12-13 21:06:34.035  2476  2476 D PowerUI : bucket         1 --> 1
12-13 21:06:34.035  2476  2476 D PowerUI : plugged        true --> true
12-13 21:06:34.036  2476  2476 D PowerUI.Notification: dismissing low battery warning: level=80
12-13 21:06:34.036  2476  2476 D PowerUI.Notification: updateNotification mWarning=false mPlaySound=false mInvalidCharger=false
12-13 21:06:34.036  1491  2642 I chatty  : uid=1000(system) Binder:1491_6 expire 61 lines
12-13 21:07:00.001  1491  1779 I chatty  : uid=1000(system) AlarmManager expire 29 lines
12-13 21:07:29.925  1491  2343 I chatty  : uid=1000(system) NetworkPolicy expire 48 lines
12-13 21:08:10.200  1491  4858 I chatty  : uid=1000(system) Binder:1491_16 expire 78 lines
12-13 21:09:00.004  1491  1491 I chatty  : uid=1000 system_server expire 71 lines
12-13 21:10:40.225  1491  3659 I chatty  : uid=1000(system) Binder:1491_14 expire 24 lines
12-13 21:14:42.908  1491  1569 I chatty  : uid=1000(system) PowerManagerSer expire 21 lines
12-13 21:14:45.455  2476  2476 D PowerUI : buckets   .....34 .. 29 .. 9
12-13 21:14:45.455  2476  2476 D PowerUI : level          80 --> 79
12-13 21:14:45.455  2476  2476 D PowerUI : status         2 --> 2
12-13 21:14:45.455  2476  2476 D PowerUI : plugType       2 --> 2
12-13 21:14:45.455  2476  2476 D PowerUI : invalidCharger 0 --> 0
12-13 21:14:45.455  2476  2476 D PowerUI : bucket         1 --> 1
12-13 21:14:45.455  2476  2476 D PowerUI : plugged        true --> true
12-13 21:14:45.458  2476  2476 D PowerUI.Notification: dismissing low battery warning: level=79
12-13 21:14:45.458  2476  2476 D PowerUI.Notification: updateNotification mWarning=false mPlaySound=false mInvalidCharger=false
12-13 21:14:45.482  1491  3659 I chatty  : uid=1000(system) Binder:1491_14 expire 20 lines
12-13 21:14:49.911  1491  4769 I chatty  : uid=1000(system) pool-10-thread- expire 1 line
12-13 21:14:49.960  1491  2642 I chatty  : uid=1000(system) Binder:1491_6 expire 14 lines
12-13 21:14:50.110  1491  2406 I chatty  : uid=1000(system) PhotonicModulat expire 8 lines
12-13 21:14:50.152  1491  2344 I chatty  : uid=1000(system) tworkPolicy.uid expire 11 lines
12-13 21:14:50.184  1491  1512 I chatty  : uid=1000(system) Binder:1491_1 expire 24 lines
12-13 21:14:50.257  1491  1550 I chatty  : uid=1000(system) FileObserver expire 2 lines
12-13 21:14:50.379  1491  2658 I chatty  : uid=1000(system) Binder:1491_7 expire 59 lines
12-13 21:14:51.756  1491 12500 I chatty  : uid=1000(system) Binder:1491_1C expire 21 lines
12-13 21:14:51.816 25258 18853 W ContextImpl: Calling a method in the system process without a qualified user: android.app.ContextImpl.startService:1480 android.content.ContextWrapper.startService:650 filtratorsdk.apb.a:25 filtratorsdk.api$1$2.run:84 <bottom of call stack> 
12-13 21:14:51.927  1491  2343 I chatty  : uid=1000(system) NetworkPolicy expire 12 lines
12-13 21:14:52.476 25258 25465 W ContextImpl: Calling a method in the system process without a qualified user: android.app.ContextImpl.startService:1480 android.content.ContextWrapper.startService:650 filtratorsdk.apb.a:25 filtratorsdk.asf.a:108 filtratorsdk.asf.a:91 
12-13 21:14:54.961  1491  1779 I chatty  : uid=1000(system) AlarmManager expire 15 lines
12-13 21:14:55.218  2476  2476 V KeyguardStatusView: refresh statusview showing:true
12-13 21:14:55.224  2476  2476 V KeyguardDisplayManager: show
12-13 21:15:02.552  1491  2336 I chatty  : uid=1000(system) rtnds-e expire 4 lines
12-13 21:15:06.071  1491  2337 I chatty  : uid=1000(system) rtnds-n expire 2 lines
12-13 21:15:07.098  1491  2346 I chatty  : uid=1000(system) WifiStateMachin expire 2 lines
12-13 21:15:07.108   997   997 W wificond: Skip scan ssid for single scan: 单县羊肉汤
12-13 21:15:10.300  1491  2642 I chatty  : uid=1000(system) Binder:1491_6 expire 18 lines
12-13 21:15:11.026   997   997 I wificond: Enters wifigbk_ageOutHistory
12-13 21:15:11.027   997   997 I wificond: Enters wifigbk_ageOutHistory
12-13 21:15:11.063  3518  3518 W ContextImpl: Calling a method in the system process without a qualified user: android.app.ContextImpl.startService:1480 android.content.ContextWrapper.startService:650 android.content.ContextWrapper.startService:650 com.meizu.dataservice.ExperienceReceiver.a:64 com.meizu.dataservice.ExperienceReceiver.onReceive:46 
12-13 21:15:11.065  1491 12500 I chatty  : uid=1000(system) Binder:1491_1C expire 10 lines
12-13 21:15:11.137  1491  2335 I chatty  : uid=1000(system) rtnds-s expire 3 lines
12-13 21:15:11.570  1491  3645 I chatty  : uid=1000(system) Binder:1491_12 expire 22 lines
12-13 21:15:17.100  1491  1491 I chatty  : uid=1000 system_server expire 18 lines
12-13 21:15:17.636 18913 18913 E ActivityThread: Service meizu.picker.ocr.service.OCRMessengerService has leaked ServiceConnection te$1@f1297e that was originally bound here
12-13 21:15:17.636 18913 18913 E ActivityThread: android.app.ServiceConnectionLeaked: Service meizu.picker.ocr.service.OCRMessengerService has leaked ServiceConnection te$1@f1297e that was originally bound here
12-13 21:15:17.636 18913 18913 E ActivityThread: 	at android.app.LoadedApk$ServiceDispatcher.<init>(LoadedApk.java:1536)
12-13 21:15:17.636 18913 18913 E ActivityThread: 	at android.app.LoadedApk.getServiceDispatcher(LoadedApk.java:1428)
12-13 21:15:17.636 18913 18913 E ActivityThread: 	at android.app.ContextImpl.bindServiceCommon(ContextImpl.java:1609)
12-13 21:15:17.636 18913 18913 E ActivityThread: 	at android.app.ContextImpl.bindService(ContextImpl.java:1561)
12-13 21:15:17.636 18913 18913 E ActivityThread: 	at android.content.ContextWrapper.bindService(ContextWrapper.java:684)
12-13 21:15:17.636 18913 18913 E ActivityThread: 	at te.a(Unknown Source:40)
12-13 21:15:17.636 18913 18913 E ActivityThread: 	at meizu.picker.ocr.service.OCRMessengerService$3.a(Unknown Source:2)
12-13 21:15:17.636 18913 18913 E ActivityThread: 	at meizu.picker.ocr.service.OCRMessengerService$3.a(Unknown Source:2)
12-13 21:15:17.636 18913 18913 E ActivityThread: 	at aqy$a.a(Unknown Source:2)
12-13 21:15:17.636 18913 18913 E ActivityThread: 	at arz$d.a(Unknown Source:51)
12-13 21:15:17.636 18913 18913 E ActivityThread: 	at ard$a$1.a(Unknown Source:32)
12-13 21:15:17.636 18913 18913 E ActivityThread: 	at aqa.a(Unknown Source:40)
12-13 21:15:17.636 18913 18913 E ActivityThread: 	at aqa.a(Unknown Source:25)
12-13 21:15:17.636 18913 18913 E ActivityThread: 	at ard$a.a(Unknown Source:7)
12-13 21:15:17.636 18913 18913 E ActivityThread: 	at aqy$a.a(Unknown Source:2)
12-13 21:15:17.636 18913 18913 E ActivityThread: 	at arz$a.a(Unknown Source:6)
12-13 21:15:17.636 18913 18913 E ActivityThread: 	at arz$a.a(Unknown Source:2)
12-13 21:15:17.636 18913 18913 E ActivityThread: 	at apu.a(Unknown Source:9)
12-13 21:15:17.636 18913 18913 E ActivityThread: 	at aqy.a(Unknown Source:12)
12-13 21:15:17.636 18913 18913 E ActivityThread: 	at aqy.a(Unknown Source:2)
12-13 21:15:17.636 18913 18913 E ActivityThread: 	at apu.a(Unknown Source:9)
12-13 21:15:17.636 18913 18913 E ActivityThread: 	at ard$a.c(Unknown Source:11)
12-13 21:15:17.636 18913 18913 E ActivityThread: 	at aro.run(Unknown Source:9)
12-13 21:15:17.636 18913 18913 E ActivityThread: 	at java.util.concurrent.Executors$RunnableAdapter.call(Executors.java:457)
12-13 21:15:17.636 18913 18913 E ActivityThread: 	at java.util.concurrent.FutureTask.run(FutureTask.java:266)
12-13 21:15:17.636 18913 18913 E ActivityThread: 	at java.util.concurrent.ScheduledThreadPoolExecutor$ScheduledFutureTask.run(ScheduledThreadPoolExecutor.java:301)
12-13 21:15:17.636 18913 18913 E ActivityThread: 	at java.util.concurrent.ThreadPoolExecutor.runWorker(ThreadPoolExecutor.java:1162)
12-13 21:15:17.636 18913 18913 E ActivityThread: 	at java.util.concurrent.ThreadPoolExecutor$Worker.run(ThreadPoolExecutor.java:636)
12-13 21:15:17.636 18913 18913 E ActivityThread: 	at java.lang.Thread.run(Thread.java:764)
12-13 21:15:20.764  1491  2775 I chatty  : uid=1000(system) Binder:1491_A expire 36 lines
12-13 21:15:52.684  1491  2343 I chatty  : uid=1000(system) NetworkPolicy expire 10 lines
12-13 21:16:00.960  1491  1542 I chatty  : uid=1000(system) ActivityManager expire 14 lines
12-13 21:16:00.967  1491  2344 I chatty  : uid=1000(system) tworkPolicy.uid expire 6 lines
12-13 21:16:29.840 30880 18972 W PackageParser: Ignoring duplicate uses-permissions/uses-permissions-sdk-m: com.android.browser.permission.READ_HISTORY_BOOKMARKS in package: com.sinovatech.unicom.ui at: Binary XML file line #-1
12-13 21:16:29.841 30880 18972 W PackageParser: Ignoring duplicate uses-permissions/uses-permissions-sdk-m: android.permission.RECEIVE_BOOT_COMPLETED in package: com.sinovatech.unicom.ui at: Binary XML file line #-1
12-13 21:16:29.841 30880 18972 W PackageParser: Ignoring duplicate uses-permissions/uses-permissions-sdk-m: android.permission.INTERNET in package: com.sinovatech.unicom.ui at: Binary XML file line #-1
12-13 21:16:31.477  1491  2775 I chatty  : uid=1000(system) Binder:1491_A expire 19 lines
12-13 21:16:31.506 18997 18997 W ContextImpl: Calling a method in the system process without a qualified user: android.app.ContextImpl.startService:1480 android.content.ContextWrapper.startService:650 android.content.ContextWrapper.startService:650 com.qualcomm.qti.seemp.service.SeempBroadcastReceiver.onReceive:56 android.app.ActivityThread.handleReceiver:3406 
12-13 21:16:31.547  1491  2371 I chatty  : uid=1000(system) Binder:1491_3 expire 153 lines
12-13 21:16:35.471  1491  1513 I chatty  : uid=1000(system) Binder:1491_2 expire 4 lines
12-13 21:16:35.481  1491  7813 I chatty  : uid=1000(system) Binder:1491_18 expire 3 lines
12-13 21:16:35.490  1491  2755 I chatty  : uid=1000(system) Binder:1491_8 expire 4 lines
12-13 21:16:35.495  1491  1491 I chatty  : uid=1000 system_server expire 18 lines
12-13 21:16:35.501  1491  3452 I chatty  : uid=1000(system) Binder:1491_E expire 5 lines
12-13 21:16:35.502  1491 13665 I chatty  : uid=1000(system) Binder:1491_20 expire 10 lines
12-13 21:16:35.521  1491 13607 I chatty  : uid=1000(system) Binder:1491_1F expire 39 lines
12-13 21:16:35.616  1491  2642 I chatty  : uid=1000(system) Binder:1491_6 expire 14 lines
12-13 21:16:36.865 19122 19122 W ContextImpl: Calling a method in the system process without a qualified user: android.app.ContextImpl.startService:1480 android.content.ContextWrapper.startService:650 android.content.ContextWrapper.startService:650 com.qualcomm.qti.seemp.service.SeempBroadcastReceiver.onReceive:56 android.app.ActivityThread.handleReceiver:3406 
12-13 21:16:36.960  1491  1542 I chatty  : uid=1000(system) ActivityManager expire 18 lines
12-13 21:16:37.997  1491  2343 I chatty  : uid=1000(system) NetworkPolicy expire 15 lines
12-13 21:16:38.040  1491 13202 I chatty  : uid=1000(system) Binder:1491_1D expire 6 lines
12-13 21:17:08.060  1491  1541 I chatty  : uid=1000(system) android.bg expire 8 lines
12-13 21:17:39.637  1491  2791 I chatty  : uid=1000(system) Binder:1491_C expire 11 lines
12-13 21:17:40.325  1491  2658 I chatty  : uid=1000(system) Binder:1491_7 expire 42 lines
12-13 21:17:40.653  1491  1575 I chatty  : uid=1000(system) PackageManager expire 9 lines
12-13 21:17:40.893 19325 19325 W ContextImpl: Calling a method in the system process without a qualified user: android.app.ContextImpl.startService:1480 android.content.ContextWrapper.startService:650 android.content.ContextWrapper.startService:650 com.qualcomm.qti.seemp.service.SeempBroadcastReceiver.onReceive:56 android.app.ActivityThread.handleReceiver:3406 
12-13 21:17:42.263  1491  1491 I chatty  : uid=1000 system_server expire 14 lines
12-13 21:17:42.269  1491 12169 I chatty  : uid=1000(system) Binder:1491_1A expire 29 lines
12-13 21:17:42.281  1491  2788 I chatty  : uid=1000(system) Binder:1491_B expire 5 lines
12-13 21:17:42.306  1491  3155 I chatty  : uid=1000(system) Binder:1491_D expire 1 line
12-13 21:17:50.492 25258 19416 W ContextImpl: Calling a method in the system process without a qualified user: android.app.ContextImpl.startService:1480 android.content.ContextWrapper.startService:650 filtratorsdk.auc.a:118 filtratorsdk.auc.a:62 filtratorsdk.auc$1.run:69 
12-13 21:17:53.055  1491  2343 I chatty  : uid=1000(system) NetworkPolicy expire 12 lines
12-13 21:18:00.336  1491  1559 I chatty  : uid=1000(system) android.fg expire 44 lines
12-13 21:18:00.698  1491  2768 I chatty  : uid=1000(system) Binder:1491_9 expire 9 lines
12-13 21:18:01.747  1491  1784 I chatty  : uid=1000(system) InputReader expire 14 lines
12-13 21:18:01.754  1491  1569 I chatty  : uid=1000(system) PowerManagerSer expire 20 lines
12-13 21:18:02.171  2429 19535 W ClientMonitor: handlePreviewFrame() called for authenticate!
12-13 21:18:02.240  2429  2515 V ClientMonitor: onAuthenticated(owner=com.android.systemui, id=1010, gp=0)
12-13 21:18:02.245  1491  3645 I chatty  : uid=1000(system) Binder:1491_12 expire 8 lines
12-13 21:18:02.251  1491  2658 I chatty  : uid=1000(system) Binder:1491_7 expire 19 lines
12-13 21:18:02.261  1491  3620 I chatty  : uid=1000(system) Binder:1491_11 expire 10 lines
12-13 21:18:02.489  1491  1542 I chatty  : uid=1000(system) ActivityManager expire 1 line
12-13 21:18:02.546  2476  2476 V KeyguardDisplayManager: hide
12-13 21:18:02.563  1491 19343 I chatty  : uid=1000 system_server expire 1 line
12-13 21:18:02.579  1491  2344 I chatty  : uid=1000(system) tworkPolicy.uid expire 9 lines
12-13 21:18:02.585  1491  2788 I chatty  : uid=1000(system) Binder:1491_B expire 1 line
12-13 21:18:02.713 25258 19606 W ContextImpl: Calling a method in the system process without a qualified user: android.app.ContextImpl.startService:1480 android.content.ContextWrapper.startService:650 android.content.ContextWrapper.startService:650 filtratorsdk.apb.a:25 com.meizu.networkmanager.boradcast.TrafficGlobalReceiver$2.run:283 
12-13 21:18:02.995   997   997 W wificond: Skip scan ssid for single scan: 单县羊肉汤
12-13 21:18:03.001  1491  2350 I chatty  : uid=1000(system) WifiScanningSer expire 3 lines
12-13 21:18:03.175 25258 19610 W ContextImpl: Calling a method in the system process without a qualified user: android.app.ContextImpl.startService:1480 android.content.ContextWrapper.startService:650 filtratorsdk.auc.a:118 filtratorsdk.auc.a:62 filtratorsdk.auc$1.run:69 
12-13 21:18:05.697   997   997 I wificond: Enters wifigbk_ageOutHistory
12-13 21:18:05.698   997   997 I wificond: Enters wifigbk_ageOutHistory
12-13 21:18:05.720  3518  3518 W ContextImpl: Calling a method in the system process without a qualified user: android.app.ContextImpl.startService:1480 android.content.ContextWrapper.startService:650 android.content.ContextWrapper.startService:650 com.meizu.dataservice.ExperienceReceiver.a:64 com.meizu.dataservice.ExperienceReceiver.onReceive:46 
12-13 21:18:11.875  1491  1769 I chatty  : uid=1000(system) android.anim expire 2 lines
12-13 21:18:12.743  1491  1557 I chatty  : uid=1000(system) PPSServer expire 1 line
12-13 21:18:16.309  1491  1779 I chatty  : uid=1000(system) AlarmManager expire 6 lines
12-13 21:18:16.313  1491  2344 I chatty  : uid=1000(system) tworkPolicy.uid expire 8 lines
12-13 21:18:16.320  1491  1491 I chatty  : uid=1000 system_server expire 16 lines
12-13 21:18:16.321  1491  3620 I chatty  : uid=1000(system) Binder:1491_11 expire 49 lines
12-13 21:18:16.323  1491  2658 I chatty  : uid=1000(system) Binder:1491_7 expire 15 lines
12-13 21:18:16.361  1491  1541 I chatty  : uid=1000(system) android.bg expire 1 line
12-13 21:18:28.905  1491  1784 I chatty  : uid=1000(system) InputReader expire 67 lines
12-13 21:18:33.725  1491  1769 I chatty  : uid=1000(system) android.anim expire 2 lines
12-13 21:18:35.632  1491  3645 I chatty  : uid=1000(system) Binder:1491_12 expire 19 lines
12-13 21:18:58.163  1491  1569 I chatty  : uid=1000(system) PowerManagerSer expire 6 lines
12-13 21:19:00.262  1491  1543 I chatty  : uid=1000(system) android.ui expire 5 lines
12-13 21:19:00.279  1491  2343 I chatty  : uid=1000(system) NetworkPolicy expire 10 lines
12-13 21:19:00.443  1491  2791 I chatty  : uid=1000(system) Binder:1491_C expire 10 lines
12-13 21:19:03.717  1491  4153 I chatty  : uid=1000(system) Binder:1491_15 expire 16 lines
12-13 21:19:04.528  1491  3155 I chatty  : uid=1000(system) Binder:1491_D expire 12 lines
12-13 21:19:06.530  1491  2336 I chatty  : uid=1000(system) rtnds-e expire 1 line
12-13 21:19:13.111  1491  2353 I chatty  : uid=1000(system) ConnectivitySer expire 4 lines
12-13 21:19:13.121  1491 12169 I chatty  : uid=1000(system) Binder:1491_1A expire 8 lines
12-13 21:19:13.130  1491  1542 I chatty  : uid=1000(system) ActivityManager expire 3 lines
12-13 21:19:13.142  1491  2388 I chatty  : uid=1000(system) ConnectivityThr expire 14 lines
12-13 21:19:13.174  1491  4858 I chatty  : uid=1000(system) Binder:1491_16 expire 4 lines
12-13 21:19:13.181  1491  2642 I chatty  : uid=1000(system) Binder:1491_6 expire 8 lines
12-13 21:19:13.181  1491  2343 I chatty  : uid=1000(system) NetworkPolicy expire 27 lines
12-13 21:19:13.191  1491  3620 I chatty  : uid=1000(system) Binder:1491_11 expire 13 lines
12-13 21:19:13.197  1491  2658 I chatty  : uid=1000(system) Binder:1491_7 expire 5 lines
12-13 21:19:13.211  1491  2346 I chatty  : uid=1000(system) WifiStateMachin expire 1 line
12-13 21:19:13.231  1491 12500 I chatty  : uid=1000(system) Binder:1491_1C expire 7 lines
12-13 21:19:13.233  1491  2491 I chatty  : uid=1000(system) Binder:1491_4 expire 11 lines
12-13 21:19:13.233  1491  7813 I chatty  : uid=1000(system) Binder:1491_18 expire 14 lines
12-13 21:19:13.234  1491  2768 I chatty  : uid=1000(system) Binder:1491_9 expire 7 lines
12-13 21:19:13.234  1491  2788 I chatty  : uid=1000(system) Binder:1491_B expire 8 lines
12-13 21:19:13.234  1491  1512 I chatty  : uid=1000(system) Binder:1491_1 expire 9 lines
12-13 21:19:13.234  1491  3155 I chatty  : uid=1000(system) Binder:1491_D expire 2 lines
12-13 21:19:13.234  1491  3645 I chatty  : uid=1000(system) Binder:1491_12 expire 8 lines
12-13 21:19:13.234  1491 13607 I chatty  : uid=1000(system) Binder:1491_1F expire 3 lines
12-13 21:19:13.235  1491  3659 I chatty  : uid=1000(system) Binder:1491_14 expire 4 lines
12-13 21:19:13.235  1491  5739 I chatty  : uid=1000(system) Binder:1491_17 expire 2 lines
12-13 21:19:13.235  1491  2755 I chatty  : uid=1000(system) Binder:1491_8 expire 15 lines
12-13 21:19:13.235  1491 11940 I chatty  : uid=1000(system) Binder:1491_19 expire 18 lines
12-13 21:19:13.235  1491  4153 I chatty  : uid=1000(system) Binder:1491_15 expire 3 lines
12-13 21:19:13.235  1491 12169 I chatty  : uid=1000(system) Binder:1491_1A expire 8 lines
12-13 21:19:13.235  1491 13202 I chatty  : uid=1000(system) Binder:1491_1D expire 6 lines
12-13 21:19:13.235  1491  3647 I chatty  : uid=1000(system) Binder:1491_13 expire 7 lines
12-13 21:19:13.235  1491  1513 I chatty  : uid=1000(system) Binder:1491_2 expire 6 lines
12-13 21:19:13.236  1491  2791 I chatty  : uid=1000(system) Binder:1491_C expire 6 lines
12-13 21:19:13.236  1491 13665 I chatty  : uid=1000(system) Binder:1491_20 expire 2 lines
12-13 21:19:13.236  1491  3557 I chatty  : uid=1000(system) Binder:1491_F expire 3 lines
12-13 21:19:13.287   684 23113 I android.hardware.wifi@1.0-service: Legacy HAL stop complete callback received
12-13 21:19:13.306  1491  1769 I chatty  : uid=1000(system) android.anim expire 2 lines
12-13 21:19:13.419   995  1160 E NetlinkEvent: NetlinkEvent::FindParam(): Parameter 'INTERFACE' not found
12-13 21:19:13.419   995  1160 E NetlinkEvent: NetlinkEvent::FindParam(): Parameter 'STATE' not found
12-13 21:19:13.419   995  1160 E NetlinkEvent: NetlinkEvent::FindParam(): Parameter 'TIME_NS' not found
12-13 21:19:13.419   995  1160 E NetlinkEvent: NetlinkEvent::FindParam(): Parameter 'UID' not found
12-13 21:19:13.518  1491  1784 I chatty  : uid=1000(system) InputReader expire 3 lines
12-13 21:19:13.630  1491  2353 I chatty  : uid=1000(system) ConnectivitySer expire 9 lines
12-13 21:19:13.702  1491  2632 I chatty  : uid=1000(system) NetworkTimeUpda expire 2 lines
12-13 21:19:13.725  1491  3452 I chatty  : uid=1000(system) Binder:1491_E expire 6 lines
12-13 21:19:13.725  1491  3558 I chatty  : uid=1000(system) Binder:1491_10 expire 3 lines
12-13 21:19:13.726  1491  2371 I chatty  : uid=1000(system) Binder:1491_3 expire 2 lines
12-13 21:19:13.726  1491  2520 I chatty  : uid=1000(system) Binder:1491_5 expire 3 lines
12-13 21:19:13.726  1491 12498 I chatty  : uid=1000(system) Binder:1491_1B expire 9 lines
12-13 21:19:13.726  1491 13488 I chatty  : uid=1000(system) Binder:1491_1E expire 4 lines
12-13 21:19:13.726  1491  2775 I chatty  : uid=1000(system) Binder:1491_A expire 19 lines
12-13 21:19:13.776   995  1160 E NetlinkEvent: NetlinkEvent::FindParam(): Parameter 'INTERFACE' not found
12-13 21:19:13.776   995  1160 E NetlinkEvent: NetlinkEvent::FindParam(): Parameter 'STATE' not found
12-13 21:19:13.776   995  1160 E NetlinkEvent: NetlinkEvent::FindParam(): Parameter 'TIME_NS' not found
12-13 21:19:13.776   995  1160 E NetlinkEvent: NetlinkEvent::FindParam(): Parameter 'UID' not found
12-13 21:19:13.823  1491  2343 I chatty  : uid=1000(system) NetworkPolicy expire 24 lines
12-13 21:19:13.824  1491  3558 I chatty  : uid=1000(system) Binder:1491_10 expire 1 line
12-13 21:19:13.833  1491 13488 I chatty  : uid=1000(system) Binder:1491_1E expire 1 line
12-13 21:19:13.836  1491 11940 I chatty  : uid=1000(system) Binder:1491_19 expire 11 lines
12-13 21:19:13.851  1491  2658 I chatty  : uid=1000(system) Binder:1491_7 expire 2 lines
12-13 21:19:13.851  1491  1513 I chatty  : uid=1000(system) Binder:1491_2 expire 7 lines
12-13 21:19:13.851  1491  2788 I chatty  : uid=1000(system) Binder:1491_B expire 2 lines
12-13 21:19:13.851  1491 12500 I chatty  : uid=1000(system) Binder:1491_1C expire 2 lines
12-13 21:19:13.851  1491  3645 I chatty  : uid=1000(system) Binder:1491_12 expire 30 lines
12-13 21:19:13.852  1491  2520 I chatty  : uid=1000(system) Binder:1491_5 expire 2 lines
12-13 21:19:13.852  1491  2388 I chatty  : uid=1000(system) ConnectivityThr expire 103 lines
12-13 21:19:13.852  1491  3647 I chatty  : uid=1000(system) Binder:1491_13 expire 1 line
12-13 21:19:13.852  1491  1512 I chatty  : uid=1000(system) Binder:1491_1 expire 1 line
12-13 21:19:13.852  1491 12498 I chatty  : uid=1000(system) Binder:1491_1B expire 1 line
12-13 21:19:13.852  1491  2768 I chatty  : uid=1000(system) Binder:1491_9 expire 1 line
12-13 21:19:13.852  1491  3452 I chatty  : uid=1000(system) Binder:1491_E expire 1 line
12-13 21:19:13.852  1491  3620 I chatty  : uid=1000(system) Binder:1491_11 expire 1 line
12-13 21:19:13.853  1491 13202 I chatty  : uid=1000(system) Binder:1491_1D expire 5 lines
12-13 21:19:13.853  1491  4858 I chatty  : uid=1000(system) Binder:1491_16 expire 20 lines
12-13 21:19:13.853  1491  2755 I chatty  : uid=1000(system) Binder:1491_8 expire 2 lines
12-13 21:19:13.867  1491  7813 I chatty  : uid=1000(system) Binder:1491_18 expire 26 lines
12-13 21:19:13.881  1491  1491 I chatty  : uid=1000 system_server expire 5 lines
12-13 21:19:13.980  1491  2353 I chatty  : uid=1000(system) ConnectivitySer expire 1 line
12-13 21:19:13.981  1491  1542 I chatty  : uid=1000(system) ActivityManager expire 20 lines
12-13 21:19:14.136  1491 11940 I chatty  : uid=1000(system) Binder:1491_19 expire 37 lines
12-13 21:19:14.137  1491  1513 I chatty  : uid=1000(system) Binder:1491_2 expire 87 lines
12-13 21:19:14.140  1491  3645 I chatty  : uid=1000(system) Binder:1491_12 expire 5 lines
12-13 21:19:14.189  1491  7813 I chatty  : uid=1000(system) Binder:1491_18 expire 81 lines
12-13 21:19:14.212  1491  4858 I chatty  : uid=1000(system) Binder:1491_16 expire 13 lines
12-13 21:19:14.234  1491 13202 I chatty  : uid=1000(system) Binder:1491_1D expire 21 lines
12-13 21:19:14.242  1491  2775 I chatty  : uid=1000(system) Binder:1491_A expire 12 lines
12-13 21:19:14.244  1491  2755 I chatty  : uid=1000(system) Binder:1491_8 expire 7 lines
12-13 21:19:14.382   684   684 I android.hardware.wifi@1.0-service: Wifi HAL stopped
12-13 21:19:14.387   997   997 I wificond: Unsubscribe scan result for interface with index: 28
12-13 21:19:14.387   997   997 E wificond: Could not read interface state for wlan0 (No such device)
12-13 21:19:14.391   997   997 E wificond: Failed to get wiphy indices
12-13 21:19:14.392  1491  1546 I chatty  : uid=1000(system) batterystats-wo expire 2 lines
12-13 21:19:14.402 20037 20037 W ContextImpl: Calling a method in the system process without a qualified user: android.app.ContextImpl.startService:1480 android.content.ContextWrapper.startService:650 android.content.ContextWrapper.startService:650 com.meizu.wifiadmin.receiver.StateObserver.a:49 com.meizu.wifiadmin.receiver.StateObserver.onReceive:38 
12-13 21:19:14.963  1491  1784 I chatty  : uid=1000(system) InputReader expire 8 lines
12-13 21:19:15.215  1491  1491 I chatty  : uid=1000 system_server expire 1 line
12-13 21:19:15.331  1491  1769 I chatty  : uid=1000(system) android.anim expire 6 lines
12-13 21:19:15.573  1491  2353 I chatty  : uid=1000(system) ConnectivitySer expire 3 lines
12-13 21:19:15.595  1491  2343 I chatty  : uid=1000(system) NetworkPolicy expire 12 lines
12-13 21:19:19.004  1491  1779 I chatty  : uid=1000(system) AlarmManager expire 8 lines
12-13 21:19:19.221  1491 11940 I chatty  : uid=1000(system) Binder:1491_19 expire 20 lines
12-13 21:19:19.232  1491 13202 I chatty  : uid=1000(system) Binder:1491_1D expire 36 lines
12-13 21:19:19.300  1491  1513 I chatty  : uid=1000(system) Binder:1491_2 expire 11 lines
12-13 21:19:20.227  1491  4858 I chatty  : uid=1000(system) Binder:1491_16 expire 11 lines
12-13 21:19:20.349  1491  1491 I chatty  : uid=1000 system_server expire 4 lines
12-13 21:19:20.444  1491  1769 I chatty  : uid=1000(system) android.anim expire 14 lines
12-13 21:19:20.741  1491  1784 I chatty  : uid=1000(system) InputReader expire 17 lines
12-13 21:19:21.090 19948 20302 W PackageParser: Failed to parse /data/user/999/com.tencent.mobileqq/app_tbs/core_private/x5.tbs
12-13 21:19:21.090 19948 20302 W PackageParser: java.io.FileNotFoundException: Corrupt XML binary file
12-13 21:19:21.090 19948 20302 W PackageParser: 	at android.content.res.AssetManager.openXmlAssetNative(Native Method)
12-13 21:19:21.090 19948 20302 W PackageParser: 	at android.content.res.AssetManager.openXmlBlockAsset(AssetManager.java:546)
12-13 21:19:21.090 19948 20302 W PackageParser: 	at android.content.res.AssetManager.openXmlResourceParser(AssetManager.java:514)
12-13 21:19:21.090 19948 20302 W PackageParser: 	at android.content.pm.PackageParser.parseApkLite(PackageParser.java:1853)
12-13 21:19:21.090 19948 20302 W PackageParser: 	at android.content.pm.PackageParser.parseMonolithicPackageLite(PackageParser.java:908)
12-13 21:19:21.090 19948 20302 W PackageParser: 	at android.content.pm.PackageParser.parseMonolithicPackage(PackageParser.java:1296)
12-13 21:19:21.090 19948 20302 W PackageParser: 	at android.content.pm.PackageManager.getPackageArchiveInfo(PackageManager.java:4693)
12-13 21:19:21.090 19948 20302 W PackageParser: 	at com.tencent.smtt.utils.ApkUtil.getApkVersion(ProGuard:276)
12-13 21:19:21.090 19948 20302 W PackageParser: 	at com.tencent.smtt.utils.ApkUtil.getApkVersion(ProGuard:140)
12-13 21:19:21.090 19948 20302 W PackageParser: 	at com.tencent.smtt.sdk.TbsApkDownloader.removeTbsApkIfNeeded(ProGuard:1796)
12-13 21:19:21.090 19948 20302 W PackageParser: 	at com.tencent.smtt.sdk.TbsDownloader$1.handleMessage(ProGuard:1108)
12-13 21:19:21.090 19948 20302 W PackageParser: 	at android.os.Handler.dispatchMessage(Handler.java:106)
12-13 21:19:21.090 19948 20302 W PackageParser: 	at android.os.Looper.loop(Looper.java:192)
12-13 21:19:21.090 19948 20302 W PackageParser: 	at android.os.HandlerThread.run(HandlerThread.java:65)
12-13 21:19:21.316  1491  2343 I chatty  : uid=1000(system) NetworkPolicy expire 102 lines
12-13 21:19:26.680 20037 20864 W ContextImpl: Calling a method in the system process without a qualified user: android.app.ContextImpl.sendBroadcast:970 android.content.ContextWrapper.sendBroadcast:437 tmsdkobf.lc.a:51 tmsdkobf.lh$4$2$1.a:96 tmsdkobf.lc$1.a:411 
12-13 21:19:30.256  1491  1542 I chatty  : uid=1000(system) ActivityManager expire 1 line
12-13 21:19:30.286  1491  1541 I chatty  : uid=1000(system) android.bg expire 5 lines
12-13 21:19:43.726  1491  7813 I chatty  : uid=1000(system) Binder:1491_18 expire 6 lines
12-13 21:20:06.589   684   684 I android.hardware.wifi@1.0-service: Wifi HAL started
12-13 21:20:06.616  1491  4858 I chatty  : uid=1000(system) Binder:1491_16 expire 12 lines
12-13 21:20:07.090   997   997 I wificond: create scanner for interface with index: 30
12-13 21:20:07.090   997   997 I wificond: subscribe scan result for interface with index: 30
12-13 21:20:07.097   997   997 E wificond: No Offload Service available
12-13 21:20:07.097   997   997 I wificond: Offload HAL not supported 
12-13 21:20:07.216  1491  1784 I chatty  : uid=1000(system) InputReader expire 3 lines
12-13 21:20:07.338  1491  2346 I chatty  : uid=1000(system) WifiStateMachin expire 3 lines
12-13 21:20:07.366  1491 11940 I chatty  : uid=1000(system) Binder:1491_19 expire 8 lines
12-13 21:20:07.370  1491 13202 I chatty  : uid=1000(system) Binder:1491_1D expire 3 lines
12-13 21:20:07.384  1491  1513 I chatty  : uid=1000(system) Binder:1491_2 expire 11 lines
12-13 21:20:07.387  1491  2346 I chatty  : uid=1000(system) WifiStateMachin expire 7 lines
12-13 21:20:07.387  1491  4858 I chatty  : uid=1000(system) Binder:1491_16 expire 23 lines
12-13 21:20:07.388  1491 11940 I chatty  : uid=1000(system) Binder:1491_19 expire 13 lines
12-13 21:20:07.390  1491  1542 I chatty  : uid=1000(system) ActivityManager expire 28 lines
12-13 21:20:07.390   997   997 W wificond: Skip scan ssid for single scan: 单县羊肉汤
12-13 21:20:07.393  1491  2350 I chatty  : uid=1000(system) WifiScanningSer expire 1 line
12-13 21:20:07.404 20037 20037 W ContextImpl: Calling a method in the system process without a qualified user: android.app.ContextImpl.startService:1480 android.content.ContextWrapper.startService:650 android.content.ContextWrapper.startService:650 com.meizu.wifiadmin.receiver.StateObserver.a:49 com.meizu.wifiadmin.receiver.StateObserver.onReceive:38 
12-13 21:20:07.417  1491  1546 I chatty  : uid=1000(system) batterystats-wo expire 1 line
12-13 21:20:08.181  1491  2343 I chatty  : uid=1000(system) NetworkPolicy expire 43 lines
12-13 21:20:08.547   997   997 I wificond: Enters wifigbk_ageOutHistory
12-13 21:20:08.548   997   997 I wificond: Enters wifigbk_ageOutHistory
12-13 21:20:08.580   997   997 W wificond: Scan is not started. Ignore abort request
12-13 21:20:08.586  3518  3518 W ContextImpl: Calling a method in the system process without a qualified user: android.app.ContextImpl.startService:1480 android.content.ContextWrapper.startService:650 android.content.ContextWrapper.startService:650 com.meizu.dataservice.ExperienceReceiver.a:64 com.meizu.dataservice.ExperienceReceiver.onReceive:46 
12-13 21:20:08.612  1491 13202 I chatty  : uid=1000(system) Binder:1491_1D expire 16 lines
12-13 21:20:08.653   997   997 I wificond: Enters wifigbk_ageOutHistory
12-13 21:20:08.705  1491  2353 I chatty  : uid=1000(system) ConnectivitySer expire 14 lines
12-13 21:20:08.708  1491  7813 I chatty  : uid=1000(system) Binder:1491_18 expire 6 lines
12-13 21:20:08.714  1491  2347 I chatty  : uid=1000(system) IpManager.wlan0 expire 4 lines
12-13 21:20:08.751  1491  2775 I chatty  : uid=1000(system) Binder:1491_A expire 5 lines
12-13 21:20:08.757  1491 20995 I chatty  : uid=1000 system_server expire 12 lines
12-13 21:20:09.902   995  1160 E NetlinkEvent: NetlinkEvent::FindParam(): Parameter 'INTERFACE' not found
12-13 21:20:09.902   995  1160 E NetlinkEvent: NetlinkEvent::FindParam(): Parameter 'STATE' not found
12-13 21:20:09.902   995  1160 E NetlinkEvent: NetlinkEvent::FindParam(): Parameter 'TIME_NS' not found
12-13 21:20:09.902   995  1160 E NetlinkEvent: NetlinkEvent::FindParam(): Parameter 'UID' not found
12-13 21:20:09.926  1491  2632 I chatty  : uid=1000(system) NetworkTimeUpda expire 2 lines
12-13 21:20:09.963  1491  3558 I chatty  : uid=1000(system) Binder:1491_10 expire 2 lines
12-13 21:20:09.986  1491  2388 I chatty  : uid=1000(system) ConnectivityThr expire 23 lines
12-13 21:20:10.024  1491  1512 I chatty  : uid=1000(system) Binder:1491_1 expire 16 lines
12-13 21:20:10.054  1491  2658 I chatty  : uid=1000(system) Binder:1491_7 expire 1 line
12-13 21:20:10.055  1491  3645 I chatty  : uid=1000(system) Binder:1491_12 expire 1 line
12-13 21:20:10.055  1491  3452 I chatty  : uid=1000(system) Binder:1491_E expire 1 line
12-13 21:20:10.055  1491 12498 I chatty  : uid=1000(system) Binder:1491_1B expire 1 line
12-13 21:20:10.055  1491  2491 I chatty  : uid=1000(system) Binder:1491_4 expire 1 line
12-13 21:20:10.055  1491  3659 I chatty  : uid=1000(system) Binder:1491_14 expire 1 line
12-13 21:20:10.055  1491  3557 I chatty  : uid=1000(system) Binder:1491_F expire 1 line
12-13 21:20:10.056  1491  5739 I chatty  : uid=1000(system) Binder:1491_17 expire 1 line
12-13 21:20:10.056  1491  2791 I chatty  : uid=1000(system) Binder:1491_C expire 1 line
12-13 21:20:10.056  1491  2520 I chatty  : uid=1000(system) Binder:1491_5 expire 1 line
12-13 21:20:10.056  1491 12500 I chatty  : uid=1000(system) Binder:1491_1C expire 1 line
12-13 21:20:10.056  1491 12169 I chatty  : uid=1000(system) Binder:1491_1A expire 1 line
12-13 21:20:10.056  1491  2788 I chatty  : uid=1000(system) Binder:1491_B expire 1 line
12-13 21:20:10.056  1491  2755 I chatty  : uid=1000(system) Binder:1491_8 expire 1 line
12-13 21:20:10.056  1491  3155 I chatty  : uid=1000(system) Binder:1491_D expire 3 lines
12-13 21:20:10.056  1491  3647 I chatty  : uid=1000(system) Binder:1491_13 expire 2 lines
12-13 21:20:10.056  1491 13665 I chatty  : uid=1000(system) Binder:1491_20 expire 1 line
12-13 21:20:10.056  1491  2371 I chatty  : uid=1000(system) Binder:1491_3 expire 1 line
12-13 21:20:10.056  1491  4153 I chatty  : uid=1000(system) Binder:1491_15 expire 1 line
12-13 21:20:10.056  1491 13607 I chatty  : uid=1000(system) Binder:1491_1F expire 1 line
12-13 21:20:10.056  1491 13488 I chatty  : uid=1000(system) Binder:1491_1E expire 11 lines
12-13 21:20:10.057  1491  3620 I chatty  : uid=1000(system) Binder:1491_11 expire 1 line
12-13 21:20:10.057  1491  2768 I chatty  : uid=1000(system) Binder:1491_9 expire 1 line
12-13 21:20:10.057  1491  2642 I chatty  : uid=1000(system) Binder:1491_6 expire 10 lines
12-13 21:20:10.068  1491  2388 I chatty  : uid=1000(system) ConnectivityThr expire 24 lines
12-13 21:20:10.069  1491 11940 I chatty  : uid=1000(system) Binder:1491_19 expire 7 lines
12-13 21:20:10.070  1491 13607 I chatty  : uid=1000(system) Binder:1491_1F expire 5 lines
12-13 21:20:10.070  1491  5739 I chatty  : uid=1000(system) Binder:1491_17 expire 7 lines
12-13 21:20:10.071  1491  2658 I chatty  : uid=1000(system) Binder:1491_7 expire 4 lines
12-13 21:20:10.071  1491  4153 I chatty  : uid=1000(system) Binder:1491_15 expire 8 lines
12-13 21:20:10.071  1491  2788 I chatty  : uid=1000(system) Binder:1491_B expire 3 lines
12-13 21:20:10.072  1491  2371 I chatty  : uid=1000(system) Binder:1491_3 expire 11 lines
12-13 21:20:10.073  1491 12169 I chatty  : uid=1000(system) Binder:1491_1A expire 20 lines
12-13 21:20:10.074  1491  2491 I chatty  : uid=1000(system) Binder:1491_4 expire 26 lines
12-13 21:20:10.076  1491 13665 I chatty  : uid=1000(system) Binder:1491_20 expire 4 lines
12-13 21:20:10.076  1491  3557 I chatty  : uid=1000(system) Binder:1491_F expire 2 lines
12-13 21:20:10.078  1491  2755 I chatty  : uid=1000(system) Binder:1491_8 expire 5 lines
12-13 21:20:10.080  1491 13202 I chatty  : uid=1000(system) Binder:1491_1D expire 12 lines
12-13 21:20:10.083  1491  2791 I chatty  : uid=1000(system) Binder:1491_C expire 13 lines
12-13 21:20:10.083  1491 12498 I chatty  : uid=1000(system) Binder:1491_1B expire 5 lines
12-13 21:20:10.083  1491  3620 I chatty  : uid=1000(system) Binder:1491_11 expire 21 lines
12-13 21:20:10.084  1491  3558 I chatty  : uid=1000(system) Binder:1491_10 expire 6 lines
12-13 21:20:10.084  1491  7813 I chatty  : uid=1000(system) Binder:1491_18 expire 1 line
12-13 21:20:10.085  1491 12500 I chatty  : uid=1000(system) Binder:1491_1C expire 21 lines
12-13 21:20:10.088  1491  3645 I chatty  : uid=1000(system) Binder:1491_12 expire 6 lines
12-13 21:20:10.091  1491  2768 I chatty  : uid=1000(system) Binder:1491_9 expire 1 line
12-13 21:20:10.091  1491  3647 I chatty  : uid=1000(system) Binder:1491_13 expire 5 lines
12-13 21:20:10.091  1491  2520 I chatty  : uid=1000(system) Binder:1491_5 expire 5 lines
12-13 21:20:10.092  1491  3659 I chatty  : uid=1000(system) Binder:1491_14 expire 5 lines
12-13 21:20:10.092  1491  1513 I chatty  : uid=1000(system) Binder:1491_2 expire 25 lines
12-13 21:20:10.101  1491  3452 I chatty  : uid=1000(system) Binder:1491_E expire 7 lines
12-13 21:20:10.102  1491  2775 I chatty  : uid=1000(system) Binder:1491_A expire 3 lines
12-13 21:20:10.109  1491  1512 I chatty  : uid=1000(system) Binder:1491_1 expire 4 lines
12-13 21:20:10.130  1491  3155 I chatty  : uid=1000(system) Binder:1491_D expire 50 lines
12-13 21:20:10.130  1491  2388 I chatty  : uid=1000(system) ConnectivityThr expire 10 lines
12-13 21:20:10.131  1491 12169 I chatty  : uid=1000(system) Binder:1491_1A expire 4 lines
12-13 21:20:10.131  1491  1491 I chatty  : uid=1000 system_server expire 3 lines
12-13 21:20:10.132  1491  1513 I chatty  : uid=1000(system) Binder:1491_2 expire 3 lines
12-13 21:20:10.150  1491  2343 I chatty  : uid=1000(system) NetworkPolicy expire 10 lines
12-13 21:20:10.152  1491  2642 I chatty  : uid=1000(system) Binder:1491_6 expire 27 lines
12-13 21:20:10.152  1491  2658 I chatty  : uid=1000(system) Binder:1491_7 expire 38 lines
12-13 21:20:10.152  1491  3557 I chatty  : uid=1000(system) Binder:1491_F expire 2 lines
12-13 21:20:10.152  1491  3645 I chatty  : uid=1000(system) Binder:1491_12 expire 8 lines
12-13 21:20:10.152  1491  4858 I chatty  : uid=1000(system) Binder:1491_16 expire 60 lines
12-13 21:20:10.152  1491 11940 I chatty  : uid=1000(system) Binder:1491_19 expire 2 lines
12-13 21:20:10.152  1491 13488 I chatty  : uid=1000(system) Binder:1491_1E expire 3 lines
12-13 21:20:10.152  1491  2371 I chatty  : uid=1000(system) Binder:1491_3 expire 2 lines
12-13 21:20:10.152  1491  3558 I chatty  : uid=1000(system) Binder:1491_10 expire 3 lines
12-13 21:20:10.152  1491  3452 I chatty  : uid=1000(system) Binder:1491_E expire 2 lines
12-13 21:20:10.153  1491 12500 I chatty  : uid=1000(system) Binder:1491_1C expire 7 lines
12-13 21:20:10.153  1491  2491 I chatty  : uid=1000(system) Binder:1491_4 expire 2 lines
12-13 21:20:10.181  1491  2336 I chatty  : uid=1000(system) rtnds-e expire 1 line
12-13 21:20:10.186  1491 13607 I chatty  : uid=1000(system) Binder:1491_1F expire 3 lines
12-13 21:20:10.186  1491  2788 I chatty  : uid=1000(system) Binder:1491_B expire 1 line
12-13 21:20:10.186  1491  2791 I chatty  : uid=1000(system) Binder:1491_C expire 30 lines
12-13 21:20:10.186  1491  3620 I chatty  : uid=1000(system) Binder:1491_11 expire 3 lines
12-13 21:20:10.225 25258 21069 W ContextImpl: Calling a method in the system process without a qualified user: android.app.ContextImpl.bindService:1560 android.content.ContextWrapper.bindService:684 filtratorsdk.bco.c:108 filtratorsdk.bco.a:75 com.meizu.safe.viruscanner.utils.VirusLibUpdater$4.run:289 
12-13 21:20:10.231  1491  1769 I chatty  : uid=1000(system) android.anim expire 7 lines
12-13 21:20:10.420 25258 21099 W ContextImpl: Calling a method in the system process without a qualified user: android.app.ContextImpl.bindService:1560 android.content.ContextWrapper.bindService:684 filtratorsdk.bco.c:108 filtratorsdk.bco.a:75 com.meizu.safe.viruscanner.utils.VirusLibUpdater$4.run:289 
12-13 21:20:12.912 25258 21158 W ContextImpl: Calling a method in the system process without a qualified user: android.app.ContextImpl.sendBroadcast:970 android.content.ContextWrapper.sendBroadcast:437 android.content.ContextWrapper.sendBroadcast:437 tmsdkobf.na.a:51 tmsdkobf.nf$4$2$1.a:95 
12-13 21:20:13.703  1491  2337 I chatty  : uid=1000(system) rtnds-n expire 2 lines
12-13 21:20:14.729   997   997 W wificond: Skip scan ssid for single scan: 单县羊肉汤
12-13 21:20:14.733  1491  2350 I chatty  : uid=1000(system) WifiScanningSer expire 1 line
12-13 21:20:15.069  1491  1779 I chatty  : uid=1000(system) AlarmManager expire 7 lines
12-13 21:20:15.233  1491  1769 I chatty  : uid=1000(system) android.anim expire 5 lines
12-13 21:20:16.275  1491  2658 I chatty  : uid=1000(system) Binder:1491_7 expire 13 lines
12-13 21:20:17.042  1491  1491 I chatty  : uid=1000 system_server expire 11 lines
12-13 21:20:17.673   997   997 I wificond: Enters wifigbk_ageOutHistory
12-13 21:20:17.674   997   997 I wificond: Enters wifigbk_ageOutHistory
12-13 21:20:17.713  3518  3518 W ContextImpl: Calling a method in the system process without a qualified user: android.app.ContextImpl.startService:1480 android.content.ContextWrapper.startService:650 android.content.ContextWrapper.startService:650 com.meizu.dataservice.ExperienceReceiver.a:64 com.meizu.dataservice.ExperienceReceiver.onReceive:46 
12-13 21:20:18.510  1491  3155 I chatty  : uid=1000(system) Binder:1491_D expire 15 lines
12-13 21:20:20.128 25258 25298 W ContextImpl: Calling a method in the system process without a qualified user: android.app.ContextImpl.sendBroadcast:970 android.content.ContextWrapper.sendBroadcast:437 android.content.ContextWrapper.sendBroadcast:437 tmsdkobf.na.a:51 tmsdkobf.nf$4.handleMessage:102 
12-13 21:20:20.424  1491  1784 I chatty  : uid=1000(system) InputReader expire 24 lines
12-13 21:20:22.407  1491  1542 I chatty  : uid=1000(system) ActivityManager expire 12 lines
12-13 21:20:33.157  1491  2343 I chatty  : uid=1000(system) NetworkPolicy expire 37 lines
12-13 21:20:33.183  1491  4858 I chatty  : uid=1000(system) Binder:1491_16 expire 16 lines
12-13 21:20:33.607  2476  2476 D PowerUI : buckets   .....34 .. 29 .. 9
12-13 21:20:33.607  2476  2476 D PowerUI : level          79 --> 78
12-13 21:20:33.607  2476  2476 D PowerUI : status         2 --> 2
12-13 21:20:33.607  2476  2476 D PowerUI : plugType       2 --> 2
12-13 21:20:33.607  2476  2476 D PowerUI : invalidCharger 0 --> 0
12-13 21:20:33.607  2476  2476 D PowerUI : bucket         1 --> 1
12-13 21:20:33.607  2476  2476 D PowerUI : plugged        true --> true
12-13 21:20:33.609  2476  2476 D PowerUI.Notification: dismissing low battery warning: level=78
12-13 21:20:33.609  2476  2476 D PowerUI.Notification: updateNotification mWarning=false mPlaySound=false mInvalidCharger=false
12-13 21:20:33.613  1491  1559 I chatty  : uid=1000(system) android.fg expire 10 lines
12-13 21:20:33.621  1491  2658 I chatty  : uid=1000(system) Binder:1491_7 expire 16 lines
12-13 21:20:33.669  1491  1546 I chatty  : uid=1000(system) batterystats-wo expire 1 line
12-13 21:21:03.363  1491  2642 I chatty  : uid=1000(system) Binder:1491_6 expire 7 lines
12-13 21:21:05.967  1491  2353 I chatty  : uid=1000(system) ConnectivitySer expire 11 lines
12-13 21:21:16.773  1491  1569 I chatty  : uid=1000(system) PowerManagerSer expire 3 lines
12-13 21:21:17.734  1491 13607 I chatty  : uid=1000(system) Binder:1491_1F expire 2 lines
12-13 21:21:17.728  1491  2346 I chatty  : uid=1000(system) WifiStateMachin expire 2 lines
12-13 21:21:17.760  1491  3647 I chatty  : uid=1000(system) Binder:1491_13 expire 3 lines
12-13 21:21:17.763  1491  2337 I chatty  : uid=1000(system) rtnds-n expire 3 lines
12-13 21:21:17.786  1491  2791 I chatty  : uid=1000(system) Binder:1491_C expire 1 line
12-13 21:21:17.834  1491  3558 I chatty  : uid=1000(system) Binder:1491_10 expire 2 lines
12-13 21:21:17.835  1491 12500 I chatty  : uid=1000(system) Binder:1491_1C expire 4 lines
12-13 21:21:17.835  1491  2491 I chatty  : uid=1000(system) Binder:1491_4 expire 3 lines
12-13 21:21:17.835  1491 13202 I chatty  : uid=1000(system) Binder:1491_1D expire 1 line
12-13 21:21:17.835  1491  4153 I chatty  : uid=1000(system) Binder:1491_15 expire 1 line
12-13 21:21:17.836  1491 11940 I chatty  : uid=1000(system) Binder:1491_19 expire 1 line
12-13 21:21:17.836  1491  1512 I chatty  : uid=1000(system) Binder:1491_1 expire 3 lines
12-13 21:21:17.837  1491  2520 I chatty  : uid=1000(system) Binder:1491_5 expire 1 line
12-13 21:21:17.837  1491 12498 I chatty  : uid=1000(system) Binder:1491_1B expire 4 lines
12-13 21:21:17.837  1491  1513 I chatty  : uid=1000(system) Binder:1491_2 expire 2 lines
12-13 21:21:17.838  1491  2755 I chatty  : uid=1000(system) Binder:1491_8 expire 1 line
12-13 21:21:17.839  1491  2371 I chatty  : uid=1000(system) Binder:1491_3 expire 1 line
12-13 21:21:17.839  1491  3645 I chatty  : uid=1000(system) Binder:1491_12 expire 1 line
12-13 21:21:17.839  1491 13488 I chatty  : uid=1000(system) Binder:1491_1E expire 2 lines
12-13 21:21:17.839  1491 13665 I chatty  : uid=1000(system) Binder:1491_20 expire 1 line
12-13 21:21:17.840  1491  3659 I chatty  : uid=1000(system) Binder:1491_14 expire 16 lines
12-13 21:21:17.840  1491  2775 I chatty  : uid=1000(system) Binder:1491_A expire 13 lines
12-13 21:21:17.841  1491 12169 I chatty  : uid=1000(system) Binder:1491_1A expire 1 line
