12-13 22:13:11.225  1491  3557 I chatty  : uid=1000(system) Binder:1491_F expire 28 lines
12-13 22:13:12.064  1491  1491 I chatty  : uid=1000 system_server expire 6 lines
12-13 22:13:25.727  1491  2343 I chatty  : uid=1000(system) NetworkPolicy expire 6 lines
12-13 22:13:28.369  1491  1569 I chatty  : uid=1000(system) PowerManagerSer expire 3 lines
12-13 22:13:50.773  1491 13665 I chatty  : uid=1000(system) Binder:1491_20 expire 140 lines
12-13 22:14:00.001  1491  1779 I chatty  : uid=1000(system) AlarmManager expire 1 line
12-13 22:14:07.204  1491  3659 I chatty  : uid=1000(system) Binder:1491_14 expire 1 line
12-13 22:14:07.332  1491  3647 I chatty  : uid=1000(system) Binder:1491_13 expire 72 lines
12-13 22:14:20.733  1491  1513 I chatty  : uid=1000(system) Binder:1491_2 expire 109 lines
12-13 22:14:20.768  1491  2642 I chatty  : uid=1000(system) Binder:1491_6 expire 47 lines
12-13 22:14:25.907  1491  2343 I chatty  : uid=1000(system) NetworkPolicy expire 6 lines
12-13 22:14:30.364  1491 13665 I chatty  : uid=1000(system) Binder:1491_20 expire 54 lines
12-13 22:14:36.451  1491  3659 I chatty  : uid=1000(system) Binder:1491_14 expire 1 line
12-13 22:14:47.382  1491  1784 I chatty  : uid=1000(system) InputReader expire 36 lines
12-13 22:14:52.253  1491  1569 I chatty  : uid=1000(system) PowerManagerSer expire 6 lines
12-13 22:15:00.001  1491  1779 I chatty  : uid=1000(system) AlarmManager expire 1 line
12-13 22:15:00.005  1491  1491 I chatty  : uid=1000 system_server expire 1 line
12-13 22:15:06.637  1491  1769 I chatty  : uid=1000(system) android.anim expire 35 lines
12-13 22:15:10.989  1491  1784 I chatty  : uid=1000(system) InputReader expire 50 lines
12-13 22:15:11.260  1491  2642 I chatty  : uid=1000(system) Binder:1491_6 expire 3 lines
12-13 22:15:13.114  1491  1513 I chatty  : uid=1000(system) Binder:1491_2 expire 17 lines
12-13 22:15:14.233  1491  3647 I chatty  : uid=1000(system) Binder:1491_13 expire 24 lines
12-13 22:15:14.381  1491 11940 I chatty  : uid=1000(system) Binder:1491_19 expire 6 lines
12-13 22:15:14.875  1491  1542 I chatty  : uid=1000(system) ActivityManager expire 1 line
12-13 22:15:17.243  1491  2768 I chatty  : uid=1000(system) Binder:1491_9 expire 24 lines
12-13 22:15:19.687  1491  1491 I chatty  : uid=1000 system_server expire 29 lines
12-13 22:15:26.095  1491  2343 I chatty  : uid=1000(system) NetworkPolicy expire 6 lines
12-13 22:15:43.288  1491  1569 I chatty  : uid=1000(system) PowerManagerSer expire 22 lines
12-13 22:15:50.225  1491  2406 I chatty  : uid=1000(system) PhotonicModulat expire 8 lines
12-13 22:15:58.221  1491  1779 I chatty  : uid=1000(system) AlarmManager expire 8 lines
12-13 22:15:58.339  1491  2791 I chatty  : uid=1000(system) Binder:1491_C expire 1 line
12-13 22:15:58.357  1491  1541 I chatty  : uid=1000(system) android.bg expire 1 line
12-13 22:16:11.593  1491  1784 I RecentGestureListener: isInRecentPanelModeArea  state=0,isInNavigationBarArea=false mActionNotpassToUser true mGestureState IDLE
12-13 22:16:12.984  1491  1784 I RecentGestureListener: hasNavigationBarInner is false, pw.isKeyguardLocked() is false, isUserSetupComplete is true
12-13 22:16:12.984  1491  1784 I RecentGestureListener: isInRecentPanelModeArea  state=0,isInNavigationBarArea=false mActionNotpassToUser true mGestureState IDLE
12-13 22:16:14.012  1491  1784 I RecentGestureListener: hasNavigationBarInner is false, pw.isKeyguardLocked() is false, isUserSetupComplete is true
12-13 22:16:14.012  1491  1784 I RecentGestureListener: isInRecentPanelModeArea  state=0,isInNavigationBarArea=false mActionNotpassToUser true mGestureState IDLE
12-13 22:16:14.966  1491  1784 I RecentGestureListener: hasNavigationBarInner is false, pw.isKeyguardLocked() is false, isUserSetupComplete is true
12-13 22:16:14.966  1491  1784 I RecentGestureListener: isInRecentPanelModeArea  state=0,isInNavigationBarArea=false mActionNotpassToUser true mGestureState IDLE
12-13 22:16:16.201  1491  1779 D AlarmManager: set alarm to RTC 2-89273642-22:17:01
12-13 22:16:16.202  1491  1779 D AlarmManager: set alarm to RTC 3-89272360-22:16:59
12-13 22:16:16.202  1491  1779 V AlarmManager: sending alarm Alarm{9618b20 type 0 when 1576246576199 22:16:16 com.meizu.cloud}
12-13 22:16:16.207  1491  3647 V AlarmManager: setImplLocked:Alarm{45ab5d2 type 0 when 1576246582204 22:16:22 com.meizu.cloud}
12-13 22:16:16.208  1491  3647 D AlarmManager: set alarm to RTC 2-89234564-22:16:22
12-13 22:16:16.253  1491  3647 D AlarmManager: set alarm to RTC 2-89273642-22:17:01
12-13 22:16:16.257  1491  3647 V AlarmManager: setImplLocked:Alarm{7196a3 type 0 when 1576246944280 22:22:24 com.meizu.cloud}
12-13 22:16:19.531  1491  2791 D NetworkPolicy: uid 10093 is allowed on unmetered network
12-13 22:16:19.533  1491  2791 D NetworkPolicy: uid 10093 is allowed on unmetered network
12-13 22:16:23.668  1491  1784 I RecentGestureListener: hasNavigationBarInner is false, pw.isKeyguardLocked() is false, isUserSetupComplete is true
12-13 22:16:23.669  1491  1784 I RecentGestureListener: isInRecentPanelModeArea  state=0,isInNavigationBarArea=false mActionNotpassToUser true mGestureState IDLE
12-13 22:16:23.761  1491  2791 V ActivityManager: ComponentInfo{com.baidu.input/com.baidu.input.ImeService}
12-13 22:16:23.761  1491  2791 V ActivityManager:  freeze=false, pid=11921
12-13 22:16:23.876  1491  2791 D NotificationService: pkg android, userFilter = 0, intercept = false, score = 100.0, score_scale = 0.0, category=unknow, shouldAffectIntercept=false,notification.category = sys,filter.tag = null
12-13 22:16:23.881  1491  2791 D NotificationService: pkg android, userFilter = 0, intercept = false, score = 100.0, score_scale = 0.0, category=unknow, shouldAffectIntercept=false,notification.category = sys,filter.tag = null
12-13 22:16:24.241  1491  1769 V WindowManager: real win animation done:WindowStateAnimator{ca8ea7a InputMethod}
12-13 22:16:24.356  1491  1784 I RecentGestureListener: hasNavigationBarInner is false, pw.isKeyguardLocked() is false, isUserSetupComplete is true
12-13 22:16:24.357  1491  1784 I RecentGestureListener: isInRecentPanelModeArea  state=0,isInNavigationBarArea=false mActionNotpassToUser true mGestureState IDLE
12-13 22:16:24.359  1491  2791 I VibratorService:  vibrate opPkg com.baidu.input uid 10314
12-13 22:16:24.361  1491  2791 D VibratorService: Turning vibrator off.
12-13 22:16:24.404  1491  1784 D MisOperationDetect: System Gesture move ignore mBack
12-13 22:16:24.562  1491  1784 I RecentGestureListener: hasNavigationBarInner is false, pw.isKeyguardLocked() is false, isUserSetupComplete is true
12-13 22:16:24.562  1491  1784 I RecentGestureListener: isInRecentPanelModeArea  state=0,isInNavigationBarArea=false mActionNotpassToUser true mGestureState IDLE
12-13 22:16:24.566  1491  2791 I VibratorService:  vibrate opPkg com.baidu.input uid 10314
12-13 22:16:24.566  1491  2791 D VibratorService: Turning vibrator off.
12-13 22:16:24.620  1491  1784 D MisOperationDetect: System Gesture move ignore mBack
12-13 22:16:24.808  1491  1784 I RecentGestureListener: hasNavigationBarInner is false, pw.isKeyguardLocked() is false, isUserSetupComplete is true
12-13 22:16:24.808  1491  1784 I RecentGestureListener: isInRecentPanelModeArea  state=0,isInNavigationBarArea=false mActionNotpassToUser true mGestureState IDLE
12-13 22:16:24.811  1491  2791 I VibratorService:  vibrate opPkg com.baidu.input uid 10314
12-13 22:16:24.811  1491  2791 D VibratorService: Turning vibrator off.
12-13 22:16:25.410  1491  1569 D AutomaticBrightnessController: LightSensor P-Sensor changed positive = true,mLsProximitySensorEnabled:true
12-13 22:16:25.439  1491  1784 I RecentGestureListener: hasNavigationBarInner is false, pw.isKeyguardLocked() is false, isUserSetupComplete is true
12-13 22:16:25.439  1491  1784 I RecentGestureListener: isInRecentPanelModeArea  state=0,isInNavigationBarArea=false mActionNotpassToUser true mGestureState IDLE
12-13 22:16:25.443  1491  2791 I VibratorService:  vibrate opPkg com.baidu.input uid 10314
12-13 22:16:25.443  1491  2791 D VibratorService: Turning vibrator off.
12-13 22:16:25.627  1491  1569 D AutomaticBrightnessController: LightSensor P-Sensor changed positive = false,mLsProximitySensorEnabled:true
12-13 22:16:25.827  1491  1569 D AutomaticBrightnessController: LightSensor P-Sensor changed proximity negative .
12-13 22:16:26.184  1491  1784 I RecentGestureListener: hasNavigationBarInner is false, pw.isKeyguardLocked() is false, isUserSetupComplete is true
12-13 22:16:26.185  1491  1784 I RecentGestureListener: isInRecentPanelModeArea  state=0,isInNavigationBarArea=false mActionNotpassToUser true mGestureState IDLE
12-13 22:16:26.273  1491  2343 V NetworkPolicy: updateNetworkEnabledNL()
12-13 22:16:26.273  1491  2343 V NetworkPolicy: No need to control the network enable or disable
12-13 22:16:26.273  1491  2343 V NetworkPolicy: updateNotificationsNL()
12-13 22:16:26.274  1491  2791 D InputMethodManagerService: checkIsQuickReply = false
12-13 22:16:26.281  1491  3647 D InputMethodManagerService: hideInputMethodMenuLocked mImeWindowVis = 0
12-13 22:16:26.303  1491  2343 D NetworkStats: Resolving plan for NetworkTemplate: matchRule=MOBILE_ALL, subscriberId=460013..., matchSubscriberIds=[460013...]
12-13 22:16:26.303  1491  2791 D NetworkStats: Resolving plan for NetworkTemplate: matchRule=MOBILE_ALL, subscriberId=460013..., matchSubscriberIds=[460013...]
12-13 22:16:26.309  1491  2343 D NetworkStats: Found active matching subId 1
12-13 22:16:26.311  1491  2791 D NetworkStats: Found active matching subId 1
12-13 22:16:26.317  1491  2343 D NetworkStats: Resolved to plan null
12-13 22:16:26.317  1491  2791 D NetworkStats: Resolved to plan null
12-13 22:16:26.324  1491  2791 D NetworkStats: Resolving plan for NetworkTemplate: matchRule=MOBILE_ALL, subscriberId=460013..., matchSubscriberIds=[460013...]
12-13 22:16:26.325  1491  2791 D NetworkStats: Found active matching subId 1
12-13 22:16:26.328  1491  2791 D NetworkStats: Resolved to plan null
12-13 22:16:26.343  1491  3647 D NotificationService: pkg android, userFilter = 0, intercept = false, score = 100.0, score_scale = 0.0, category=unknow, shouldAffectIntercept=false,notification.category = sys,filter.tag = null
12-13 22:16:26.554  1491  1769 V WindowManager: real win animation done:WindowStateAnimator{ca8ea7a InputMethod}
12-13 22:16:28.132  1491  1784 I RecentGestureListener: hasNavigationBarInner is false, pw.isKeyguardLocked() is false, isUserSetupComplete is true
12-13 22:16:28.133  1491  1784 I RecentGestureListener: isInRecentPanelModeArea  state=0,isInNavigationBarArea=false mActionNotpassToUser true mGestureState IDLE
12-13 22:16:28.240  1491  1513 D InputMethodManagerService: checkIsQuickReply = false
12-13 22:16:28.564  1491  1784 I RecentGestureListener: hasNavigationBarInner is false, pw.isKeyguardLocked() is false, isUserSetupComplete is true
12-13 22:16:28.564  1491  1784 I RecentGestureListener: isInRecentPanelModeArea  state=0,isInNavigationBarArea=false mActionNotpassToUser true mGestureState IDLE
12-13 22:16:41.296  1491  1513 W ActivityManager: Unable to start service Intent { act=android.security.IKeyChainService cmp=com.android.keychain/.KeyChainService } U=999: not found
12-13 22:16:41.304  1491  1513 W ActivityManager: Unable to start service Intent { act=android.security.IKeyChainService cmp=com.android.keychain/.KeyChainService } U=999: not found
12-13 22:16:44.961  1491  2791 D NetworkPolicy: uid 10117 is allowed on unmetered network
12-13 22:16:55.619  1491  2791 D NetworkPolicy: uid 10117 is allowed on unmetered network
12-13 22:16:55.619  1491  1513 D NetworkPolicy: uid 10117 is allowed on unmetered network
12-13 22:16:56.485  1491  1784 I RecentGestureListener: hasNavigationBarInner is false, pw.isKeyguardLocked() is false, isUserSetupComplete is true
12-13 22:16:56.486  1491  1784 I RecentGestureListener: isInRecentPanelModeArea  state=0,isInNavigationBarArea=false mActionNotpassToUser true mGestureState IDLE
12-13 22:16:56.988  1491  1784 I RecentGestureListener: hasNavigationBarInner is false, pw.isKeyguardLocked() is false, isUserSetupComplete is true
12-13 22:16:56.988  1491  1784 I RecentGestureListener: isInRecentPanelModeArea  state=0,isInNavigationBarArea=false mActionNotpassToUser true mGestureState IDLE
12-13 22:16:57.420  1491  1784 I RecentGestureListener: hasNavigationBarInner is false, pw.isKeyguardLocked() is false, isUserSetupComplete is true
12-13 22:16:57.421  1491  1784 I RecentGestureListener: isInRecentPanelModeArea  state=0,isInNavigationBarArea=false mActionNotpassToUser true mGestureState IDLE
12-13 22:16:57.456  1491  3647 D NetworkPolicy: uid 10117 is allowed on unmetered network
12-13 22:16:57.460  1491  3647 I chatty  : uid=1000(system) Binder:1491_13 identical 3 lines
12-13 22:16:57.481  1491  3647 D NetworkPolicy: uid 10117 is allowed on unmetered network
12-13 22:16:57.483  1491  2791 D NetworkPolicy: uid 10117 is allowed on unmetered network
12-13 22:16:57.484  1491  2791 D NetworkPolicy: uid 10117 is allowed on unmetered network
12-13 22:16:57.486  1491  3647 D NetworkPolicy: uid 10117 is allowed on unmetered network
12-13 22:16:57.488  1491  3647 D NetworkPolicy: uid 10117 is allowed on unmetered network
12-13 22:16:57.489  1491  2791 D NetworkPolicy: uid 10117 is allowed on unmetered network
12-13 22:16:57.494  1491  2791 I chatty  : uid=1000(system) Binder:1491_C identical 1 line
12-13 22:16:57.496  1491  2791 D NetworkPolicy: uid 10117 is allowed on unmetered network
12-13 22:16:57.498  1491  1513 D NetworkPolicy: uid 10117 is allowed on unmetered network
12-13 22:16:57.506  1491  2768 D NetworkPolicy: uid 10117 is allowed on unmetered network
12-13 22:16:57.693  1491  2768 I chatty  : uid=1000(system) Binder:1491_9 identical 23 lines
12-13 22:16:57.697  1491  2768 D NetworkPolicy: uid 10117 is allowed on unmetered network
12-13 22:16:57.707  1491  3647 D NetworkPolicy: uid 10117 is allowed on unmetered network
12-13 22:16:57.707  1491  2768 D NetworkPolicy: uid 10117 is allowed on unmetered network
12-13 22:16:57.712  1491  2768 I chatty  : uid=1000(system) Binder:1491_9 identical 5 lines
12-13 22:16:57.714  1491  2768 D NetworkPolicy: uid 10117 is allowed on unmetered network
12-13 22:16:57.720  1491  3647 D NetworkPolicy: uid 10117 is allowed on unmetered network
12-13 22:16:57.723  1491  3647 D NetworkPolicy: uid 10117 is allowed on unmetered network
12-13 22:16:57.725  1491  2768 D NetworkPolicy: uid 10117 is allowed on unmetered network
12-13 22:16:57.726  1491  2768 I chatty  : uid=1000(system) Binder:1491_9 identical 2 lines
12-13 22:16:57.726  1491  2768 D NetworkPolicy: uid 10117 is allowed on unmetered network
12-13 22:16:57.727  1491  2768 V AlarmManager: remove:com.tencent.mm
12-13 22:16:57.729  1491  2768 V AlarmManager: setImplLocked:Alarm{f30ed0 type 2 when 89850088 22:26:37 com.tencent.mm}
12-13 22:16:57.732  1491  3647 D NetworkPolicy: uid 10117 is allowed on unmetered network
12-13 22:16:57.735  1491  2768 D NetworkPolicy: uid 10117 is allowed on unmetered network
12-13 22:16:57.738  1491  2768 I chatty  : uid=1000(system) Binder:1491_9 identical 4 lines
12-13 22:16:57.739  1491  2768 D NetworkPolicy: uid 10117 is allowed on unmetered network
12-13 22:16:57.852  1491  1784 I RecentGestureListener: hasNavigationBarInner is false, pw.isKeyguardLocked() is false, isUserSetupComplete is true
12-13 22:16:57.853  1491  1784 I RecentGestureListener: isInRecentPanelModeArea  state=0,isInNavigationBarArea=false mActionNotpassToUser true mGestureState IDLE
12-13 22:16:57.871  1491  2768 D NetworkPolicy: uid 10117 is allowed on unmetered network
12-13 22:16:57.872  1491  2768 D NetworkPolicy: uid 10117 is allowed on unmetered network
12-13 22:16:58.126  1491  1784 I RecentGestureListener: hasNavigationBarInner is false, pw.isKeyguardLocked() is false, isUserSetupComplete is true
12-13 22:16:58.127  1491  1784 I RecentGestureListener: isInRecentPanelModeArea  state=0,isInNavigationBarArea=false mActionNotpassToUser true mGestureState IDLE
12-13 22:16:58.974  1491  3647 D NetworkPolicy: uid 10117 is allowed on unmetered network
12-13 22:16:59.037  1491  3647 I chatty  : uid=1000(system) Binder:1491_13 identical 12 lines
12-13 22:16:59.039  1491  3647 D NetworkPolicy: uid 10117 is allowed on unmetered network
12-13 22:16:59.040  1491  2768 D NetworkPolicy: uid 10117 is allowed on unmetered network
12-13 22:16:59.041  1491  2768 D NetworkPolicy: uid 10117 is allowed on unmetered network
12-13 22:16:59.041  1491  3647 D NetworkPolicy: uid 10117 is allowed on unmetered network
12-13 22:16:59.042  1491  2768 D NetworkPolicy: uid 10117 is allowed on unmetered network
12-13 22:16:59.097  1491  2768 I chatty  : uid=1000(system) Binder:1491_9 identical 10 lines
12-13 22:16:59.124  1491  2768 D NetworkPolicy: uid 10117 is allowed on unmetered network
12-13 22:16:59.125  1491  3647 D NetworkPolicy: uid 10117 is allowed on unmetered network
12-13 22:16:59.153  1491  3647 I chatty  : uid=1000(system) Binder:1491_13 identical 3 lines
12-13 22:16:59.155  1491  3647 D NetworkPolicy: uid 10117 is allowed on unmetered network
12-13 22:16:59.163  1491  2768 D NetworkPolicy: uid 10117 is allowed on unmetered network
12-13 22:16:59.163  1491  3647 D NetworkPolicy: uid 10117 is allowed on unmetered network
12-13 22:16:59.163  1491  2768 D NetworkPolicy: uid 10117 is allowed on unmetered network
12-13 22:16:59.163  1491  3647 D NetworkPolicy: uid 10117 is allowed on unmetered network
12-13 22:16:59.164  1491  2768 D NetworkPolicy: uid 10117 is allowed on unmetered network
12-13 22:16:59.164  1491  2768 I chatty  : uid=1000(system) Binder:1491_9 identical 1 line
12-13 22:16:59.171  1491  2768 D NetworkPolicy: uid 10117 is allowed on unmetered network
12-13 22:16:59.172  1491  3647 D NetworkPolicy: uid 10117 is allowed on unmetered network
12-13 22:16:59.172  1491  3647 D NetworkPolicy: uid 10117 is allowed on unmetered network
12-13 22:16:59.172  1491  2768 D NetworkPolicy: uid 10117 is allowed on unmetered network
12-13 22:16:59.173  1491  3647 D NetworkPolicy: uid 10117 is allowed on unmetered network
12-13 22:16:59.174  1491  2768 D NetworkPolicy: uid 10117 is allowed on unmetered network
12-13 22:16:59.191  1491  2768 I chatty  : uid=1000(system) Binder:1491_9 identical 3 lines
12-13 22:16:59.192  1491  2768 D NetworkPolicy: uid 10117 is allowed on unmetered network
12-13 22:16:59.193  1491  2791 D NetworkPolicy: uid 10117 is allowed on unmetered network
12-13 22:16:59.195  1491  2791 I chatty  : uid=1000(system) Binder:1491_C identical 3 lines
12-13 22:16:59.195  1491  2791 D NetworkPolicy: uid 10117 is allowed on unmetered network
12-13 22:16:59.202  1491  3647 D NetworkPolicy: uid 10117 is allowed on unmetered network
12-13 22:16:59.216  1491  3647 I chatty  : uid=1000(system) Binder:1491_13 identical 2 lines
12-13 22:16:59.217  1491  3647 D NetworkPolicy: uid 10117 is allowed on unmetered network
12-13 22:17:00.000  1491  1779 V AlarmManager: sending alarm Alarm{3eee9ed type 3 when 89272360 22:17:00 android}
12-13 22:17:00.003  1491  1491 V AlarmManager: setImplLocked:Alarm{e1649ce type 3 when 89332361 22:18:00 android}
12-13 22:17:00.034  1491  2768 D NetworkPolicy: uid 10117 is allowed on unmetered network
12-13 22:17:01.287  1491  1779 D AlarmManager: set alarm to RTC 2-89452361-22:20:00
12-13 22:17:01.287  1491  1779 D AlarmManager: set alarm to RTC 3-89332361-22:18:00
12-13 22:17:01.288  1491  1779 V AlarmManager: sending alarm Alarm{d506d2f type 0 when 1576246621281 22:17:01 com.tencent.mobileqq}
12-13 22:17:01.326  1491  3647 V AlarmManager: setImplLocked:Alarm{3c247fc type 0 when 1576246891325 22:21:31 com.tencent.mobileqq}
12-13 22:17:07.503  1491  3647 D NetworkPolicy: uid 10117 is allowed on unmetered network
12-13 22:17:07.725  1491  3647 I chatty  : uid=1000(system) Binder:1491_13 identical 5 lines
12-13 22:17:07.727  1491  3647 D NetworkPolicy: uid 10117 is allowed on unmetered network
12-13 22:17:07.744  1491  2768 D NetworkPolicy: uid 10117 is allowed on unmetered network
12-13 22:17:07.746  1491  2791 D NetworkPolicy: uid 10117 is allowed on unmetered network
12-13 22:17:07.751  1491  3647 D NetworkPolicy: uid 10117 is allowed on unmetered network
12-13 22:17:07.752  1491  2768 D NetworkPolicy: uid 10117 is allowed on unmetered network
12-13 22:17:07.753  1491  2768 I chatty  : uid=1000(system) Binder:1491_9 identical 1 line
12-13 22:17:07.754  1491  2768 D NetworkPolicy: uid 10117 is allowed on unmetered network
12-13 22:17:07.758  1491  3647 D NetworkPolicy: uid 10117 is allowed on unmetered network
12-13 22:17:07.859  1491  3647 I chatty  : uid=1000(system) Binder:1491_13 identical 5 lines
12-13 22:17:07.907  1491  3647 D NetworkPolicy: uid 10117 is allowed on unmetered network
12-13 22:17:07.907  1491  2768 D NetworkPolicy: uid 10117 is allowed on unmetered network
12-13 22:17:07.913  1491  3647 D NetworkPolicy: uid 10117 is allowed on unmetered network
12-13 22:17:07.917  1491  3647 D NetworkPolicy: uid 10117 is allowed on unmetered network
12-13 22:17:07.921  1491  2768 D NetworkPolicy: uid 10117 is allowed on unmetered network
12-13 22:17:07.922  1491  2768 I chatty  : uid=1000(system) Binder:1491_9 identical 2 lines
12-13 22:17:07.922  1491  2768 D NetworkPolicy: uid 10117 is allowed on unmetered network
12-13 22:17:07.924  1491  2768 V AlarmManager: remove:com.tencent.mm
12-13 22:17:07.926  1491  3647 V AlarmManager: setImplLocked:Alarm{24a1d0b type 2 when 89860285 22:26:47 com.tencent.mm}
12-13 22:17:07.926  1491  3647 D NetworkPolicy: uid 10117 is allowed on unmetered network
12-13 22:17:07.934  1491  3647 I chatty  : uid=1000(system) Binder:1491_13 identical 5 lines
12-13 22:17:07.934  1491  3647 D NetworkPolicy: uid 10117 is allowed on unmetered network
12-13 22:17:11.318  1491  2768 W ActivityManager: Unable to start service Intent { act=android.security.IKeyChainService cmp=com.android.keychain/.KeyChainService } U=999: not found
12-13 22:17:11.327  1491  2768 W ActivityManager: Unable to start service Intent { act=android.security.IKeyChainService cmp=com.android.keychain/.KeyChainService } U=999: not found
12-13 22:17:17.772  1491  2768 D NetworkPolicy: uid 10117 is allowed on unmetered network
12-13 22:17:17.778  1491  2768 I chatty  : uid=1000(system) Binder:1491_9 identical 2 lines
12-13 22:17:17.780  1491  2768 D NetworkPolicy: uid 10117 is allowed on unmetered network
12-13 22:17:26.454  1491  2343 V NetworkPolicy: updateNetworkEnabledNL()
12-13 22:17:26.454  1491  2343 V NetworkPolicy: No need to control the network enable or disable
12-13 22:17:26.454  1491  2343 V NetworkPolicy: updateNotificationsNL()
12-13 22:17:26.466  1491  2791 D NetworkStats: Resolving plan for NetworkTemplate: matchRule=MOBILE_ALL, subscriberId=460013..., matchSubscriberIds=[460013...]
12-13 22:17:26.467  1491  2791 D NetworkStats: Found active matching subId 1
12-13 22:17:26.475  1491  2343 D NetworkStats: Resolving plan for NetworkTemplate: matchRule=MOBILE_ALL, subscriberId=460013..., matchSubscriberIds=[460013...]
12-13 22:17:26.477  1491  2343 D NetworkStats: Found active matching subId 1
12-13 22:17:26.483  1491  2343 D NetworkStats: Resolved to plan null
12-13 22:17:26.484  1491  2791 D NetworkStats: Resolved to plan null
12-13 22:17:26.491  1491  2791 D NetworkStats: Resolving plan for NetworkTemplate: matchRule=MOBILE_ALL, subscriberId=460013..., matchSubscriberIds=[460013...]
12-13 22:17:26.492  1491  2791 D NetworkStats: Found active matching subId 1
12-13 22:17:26.496  1491  2791 D NetworkStats: Resolved to plan null
12-13 22:17:28.186  1491  1541 I UsageStatsService: User[0] Flushing usage stats to disk
12-13 22:17:33.097  1491  1784 I RecentGestureListener: hasNavigationBarInner is false, pw.isKeyguardLocked() is false, isUserSetupComplete is true
12-13 22:17:33.097  1491  1784 D RecentGestureListener: notifyGesturePreTrigger 364.8311
12-13 22:17:33.103  1491  1784 I RecentGestureListener: isInRecentPanelModeArea  state=1,isInNavigationBarArea=false mActionNotpassToUser true mGestureState PENDING_CHECK
12-13 22:17:33.103  1491  1784 D RecentGestureListener: notifyGesturePreTrigger 364.8311
12-13 22:17:33.154  1491  1784 D RecentGestureListener: notifyGestureCanceled 
12-13 22:17:33.599  1491  1784 I RecentGestureListener: hasNavigationBarInner is false, pw.isKeyguardLocked() is false, isUserSetupComplete is true
12-13 22:17:33.600  1491  1784 I RecentGestureListener: isInRecentPanelModeArea  state=0,isInNavigationBarArea=false mActionNotpassToUser true mGestureState IDLE
12-13 22:17:33.893  1491  1784 I RecentGestureListener: hasNavigationBarInner is false, pw.isKeyguardLocked() is false, isUserSetupComplete is true
12-13 22:17:33.894  1491  1784 D RecentGestureListener: notifyGesturePreTrigger 350.83755
12-13 22:17:33.899  1491  1784 I RecentGestureListener: isInRecentPanelModeArea  state=1,isInNavigationBarArea=false mActionNotpassToUser true mGestureState PENDING_CHECK
12-13 22:17:33.899  1491  1784 D RecentGestureListener: notifyGesturePreTrigger 350.83755
12-13 22:17:33.961  1491  1784 D RecentGestureListener: notifyGestureCanceled 
12-13 22:17:41.322  1491  3659 W ActivityManager: Unable to start service Intent { act=android.security.IKeyChainService cmp=com.android.keychain/.KeyChainService } U=999: not found
12-13 22:17:41.333  1491  3659 W ActivityManager: Unable to start service Intent { act=android.security.IKeyChainService cmp=com.android.keychain/.KeyChainService } U=999: not found
12-13 22:17:46.512  1491  1784 I RecentGestureListener: hasNavigationBarInner is false, pw.isKeyguardLocked() is false, isUserSetupComplete is true
12-13 22:17:46.512  1491  1784 I RecentGestureListener: isInRecentPanelModeArea  state=0,isInNavigationBarArea=false mActionNotpassToUser true mGestureState IDLE
12-13 22:17:47.112  1491  1784 I RecentGestureListener: hasNavigationBarInner is false, pw.isKeyguardLocked() is false, isUserSetupComplete is true
12-13 22:17:47.112  1491  1784 I RecentGestureListener: isInRecentPanelModeArea  state=0,isInNavigationBarArea=false mActionNotpassToUser true mGestureState IDLE
12-13 22:17:50.980  1491  1784 I RecentGestureListener: hasNavigationBarInner is false, pw.isKeyguardLocked() is false, isUserSetupComplete is true
12-13 22:17:50.981  1491  1784 I RecentGestureListener: isInRecentPanelModeArea  state=0,isInNavigationBarArea=false mActionNotpassToUser true mGestureState IDLE
12-13 22:17:52.575  1491  1784 I RecentGestureListener: hasNavigationBarInner is false, pw.isKeyguardLocked() is false, isUserSetupComplete is true
12-13 22:17:52.575  1491  1784 I RecentGestureListener: isInRecentPanelModeArea  state=0,isInNavigationBarArea=false mActionNotpassToUser true mGestureState IDLE
12-13 22:17:58.574  1491  1784 I RecentGestureListener: hasNavigationBarInner is false, pw.isKeyguardLocked() is false, isUserSetupComplete is true
12-13 22:17:58.575  1491  1784 I RecentGestureListener: isInRecentPanelModeArea  state=0,isInNavigationBarArea=false mActionNotpassToUser true mGestureState IDLE
12-13 22:18:00.001  1491  1779 V AlarmManager: sending alarm Alarm{e1649ce type 3 when 89332361 22:18:00 android}
12-13 22:18:00.007  1491  1491 V AlarmManager: setImplLocked:Alarm{9f9745c type 3 when 89392360 22:19:00 android}
12-13 22:18:00.008  1491  1491 D AlarmManager: set alarm to RTC 3-89392360-22:19:00
12-13 22:18:06.592  1491  2768 V WindowManager: Adding Window{6c2fceb u0 Toast} to WindowToken{2d77a48 android.os.Binder@bd2c365}
12-13 22:18:06.656  1491  1769 I PowerManagerService: acquireWakeLockInternal: lock=238942917, packageName=android, wakeLock={SCREEN_BRIGHT_WAKE_LOCK        'WindowManager' ON_AFTER_RELEASE (uid=1000 pid=1491 ws=WorkSource{10469})}, sleepTimeout=-1ms, screenOffTimeout=600000ms,screenDimDuration=7000ms
12-13 22:18:06.770  1491  1769 V WindowManager: real win animation done:WindowStateAnimator{a0df2f4 Toast}
12-13 22:18:08.590  1491  1491 W WindowManager: removeWindowToken: Attempted to remove non-existing token: android.os.Binder@bd2c365
12-13 22:18:08.683  1491  1769 V WindowManager: real win animation done:WindowStateAnimator{a0df2f4 Toast}
12-13 22:18:09.246  1491  2768 V WindowManager: removeIfPossible: Window{6c2fceb u0 Toast} callers=com.android.server.wm.WindowState.removeIfPossible:1888 com.android.server.wm.WindowManagerService.removeWindow:1831 com.android.server.wm.Session.remove:222 android.view.IWindowSession$Stub.onTransact:242 com.android.server.wm.Session.onTransact:163 
12-13 22:18:09.247  1491  2768 V WindowManager: Not removing Window{6c2fceb u0 Toast EXITING} due to exit animation 
12-13 22:18:09.250  1491  2768 W NotificationService: Toast already killed. pkg=io.agora.rtc.education callback=android.app.ITransientNotification$Stub$Proxy@6914a60
12-13 22:18:09.353  1491  1769 V WindowManager: real win animation done:WindowStateAnimator{a0df2f4 Toast}
12-13 22:18:09.353  1491  1769 V WindowManager: Exit animation finished in Window{6c2fceb u0 Toast EXITING}: remove=true
12-13 22:18:09.355  1491  1769 I PowerManagerService: releaseWakeLockInternal: lock=238942917, packageName=android, flags=0x0, wakeLock={SCREEN_BRIGHT_WAKE_LOCK        'WindowManager' ON_AFTER_RELEASE ACQ=-2s700ms (uid=1000 pid=1491 ws=WorkSource{10469})}, sleepTimeout=-1ms, screenOffTimeout=600000ms,screenDimDuration=7000ms
12-13 22:18:09.357  1491  1769 V WindowManager: Removing Window{6c2fceb u0 Toast} from WindowToken{2d77a48 android.os.Binder@bd2c365} Callers=com.android.server.wm.WindowState.removeImmediately:1882 com.android.server.wm.RootWindowContainer.performSurfacePlacement:800 com.android.server.wm.WindowSurfacePlacer.performSurfacePlacementLoop:203 com.android.server.wm.WindowSurfacePlacer.performSurfacePlacement:151 com.android.server.wm.WindowSurfacePlacer.performSurfacePlacement:141 
12-13 22:18:11.330  1491  2768 W ActivityManager: Unable to start service Intent { act=android.security.IKeyChainService cmp=com.android.keychain/.KeyChainService } U=999: not found
12-13 22:18:11.346  1491  2768 W ActivityManager: Unable to start service Intent { act=android.security.IKeyChainService cmp=com.android.keychain/.KeyChainService } U=999: not found
12-13 22:18:17.339  1491  2768 V MediaRouterService: restoreBluetoothA2dp(false)
12-13 22:18:17.435  1491  3647 V MediaRouterService: restoreBluetoothA2dp(false)
12-13 22:18:17.844  1491  2768 V MediaRouterService: restoreBluetoothA2dp(false)
12-13 22:18:17.867  1491 11940 V MediaRouterService: restoreBluetoothA2dp(false)
12-13 22:18:19.536  1491  2768 D NetworkPolicy: uid 10093 is allowed on unmetered network
12-13 22:18:19.538  1491  1513 D NetworkPolicy: uid 10093 is allowed on unmetered network
12-13 22:18:20.477  1491  2768 D BatteryService: Sending ACTION_BATTERY_CHANGED.  level:71, scale:100, status:2, health:2, present:true, voltage: 3968, temperature: 390, technology: Li-ion, AC powered:false, USB powered:true, Wireless powered:false, icon:17303445, invalid charger:0, maxChargingCurrent:500000, maxChargingVoltage:5000000, chargeCounter:2115478
12-13 22:18:20.495  1491  1546 E BatteryExternalStatsWorker: no controller energy info supplied for bluetooth
12-13 22:18:20.551  1491  1491 D UsbDeviceManager: mChargingReceiver chargePlug = 2
12-13 22:18:20.552  1491  1559 D UsbDeviceManager: handleMessage msg.what = 9
12-13 22:18:20.552  1491  1559 D UsbDeviceManager: updateUsbNotification - mConnected: true
12-13 22:18:20.552  1491  1559 D UsbDeviceManager: updateUsbNotification - mUsbDataUnlocked: false
12-13 22:18:20.552  1491  1559 D UsbDeviceManager: updateUsbNotification - mCurrentFunctions: adb
12-13 22:18:20.552  1491  1559 D UsbDeviceManager: updateUsbNotification - mSettingUsbCharging: true
12-13 22:18:20.552  1491  1559 D UsbDeviceManager: updateUsbNotification - mSourcePower: false
12-13 22:18:20.552  1491  1559 D UsbDeviceManager: updateUsbNotification - mHostConnected: false
12-13 22:18:20.552  1491  1559 D UsbDeviceManager: updateUsbNotification - mSinkPower: true
12-13 22:18:20.552  1491  1559 D UsbDeviceManager: updateUsbNotification - mUsbCharging: true
12-13 22:18:20.552  1491  1559 D UsbDeviceManager: updateUsbNotification - id = 32, mUsbNotificationId 32
12-13 22:18:20.556  2476  2476 D PowerUI : buckets   .....34 .. 29 .. 9
12-13 22:18:20.556  2476  2476 D PowerUI : level          72 --> 71
12-13 22:18:20.556  2476  2476 D PowerUI : status         2 --> 2
12-13 22:18:20.556  2476  2476 D PowerUI : plugType       2 --> 2
12-13 22:18:20.556  2476  2476 D PowerUI : invalidCharger 0 --> 0
12-13 22:18:20.556  2476  2476 D PowerUI : bucket         1 --> 1
12-13 22:18:20.556  2476  2476 D PowerUI : plugged        true --> true
12-13 22:18:20.556  2476  2476 D PowerUI.Notification: dismissing low battery warning: level=71
12-13 22:18:20.556  2476  2476 D PowerUI.Notification: updateNotification mWarning=false mPlaySound=false mInvalidCharger=false
12-13 22:18:20.557  1491  2768 V ActivityManager: Freeze: try to start service caller:android.app.IApplicationThread$Stub$Proxy@4d56653, callingPid:30880, callingUid:10051
12-13 22:18:26.512  1491  1513 V WindowManager: Adding Window{64614af u0 Toast} to WindowToken{47e50bc android.os.Binder@576fc89}
12-13 22:18:26.558  1491  1769 I PowerManagerService: acquireWakeLockInternal: lock=238942917, packageName=android, wakeLock={SCREEN_BRIGHT_WAKE_LOCK        'WindowManager' ON_AFTER_RELEASE (uid=1000 pid=1491 ws=WorkSource{10469})}, sleepTimeout=-1ms, screenOffTimeout=600000ms,screenDimDuration=7000ms
12-13 22:18:26.578  1491  2343 V NetworkPolicy: updateNetworkEnabledNL()
12-13 22:18:26.578  1491  2343 V NetworkPolicy: No need to control the network enable or disable
12-13 22:18:26.578  1491  2343 V NetworkPolicy: updateNotificationsNL()
12-13 22:18:26.587  1491  3647 D NetworkStats: Resolving plan for NetworkTemplate: matchRule=MOBILE_ALL, subscriberId=460013..., matchSubscriberIds=[460013...]
12-13 22:18:26.588  1491  3647 D NetworkStats: Found active matching subId 1
12-13 22:18:26.595  1491  2343 D NetworkStats: Resolving plan for NetworkTemplate: matchRule=MOBILE_ALL, subscriberId=460013..., matchSubscriberIds=[460013...]
12-13 22:18:26.597  1491  2343 D NetworkStats: Found active matching subId 1
12-13 22:18:26.601  1491  2343 D NetworkStats: Resolved to plan null
12-13 22:18:26.602  1491  3647 D NetworkStats: Resolved to plan null
12-13 22:18:26.609  1491  2768 D NetworkStats: Resolving plan for NetworkTemplate: matchRule=MOBILE_ALL, subscriberId=460013..., matchSubscriberIds=[460013...]
12-13 22:18:26.610  1491  2768 D NetworkStats: Found active matching subId 1
12-13 22:18:26.613  1491  2768 D NetworkStats: Resolved to plan null
12-13 22:18:26.673  1491  1769 V WindowManager: real win animation done:WindowStateAnimator{93dbca8 Toast}
12-13 22:18:28.506  1491  2768 V WindowManager: removeIfPossible: Window{64614af u0 Toast} callers=com.android.server.wm.WindowState.removeIfPossible:1888 com.android.server.wm.WindowManagerService.removeWindow:1831 com.android.server.wm.Session.remove:222 android.view.IWindowSession$Stub.onTransact:242 com.android.server.wm.Session.onTransact:163 
12-13 22:18:28.506  1491  2768 V WindowManager: Not removing Window{64614af u0 Toast EXITING} due to exit animation 
12-13 22:18:28.514  1491  1491 W WindowManager: removeWindowToken: Attempted to remove non-existing token: android.os.Binder@576fc89
12-13 22:18:28.517  1491  2768 W NotificationService: Toast already killed. pkg=io.agora.rtc.education callback=android.app.ITransientNotification$Stub$Proxy@5fb54
12-13 22:18:28.603  1491  1769 V WindowManager: real win animation done:WindowStateAnimator{93dbca8 Toast}
12-13 22:18:28.603  1491  1769 V WindowManager: Exit animation finished in Window{64614af u0 Toast EXITING}: remove=true
12-13 22:18:28.608  1491  1769 I PowerManagerService: releaseWakeLockInternal: lock=238942917, packageName=android, flags=0x0, wakeLock={SCREEN_BRIGHT_WAKE_LOCK        'WindowManager' ON_AFTER_RELEASE ACQ=-2s49ms (uid=1000 pid=1491 ws=WorkSource{10469})}, sleepTimeout=-1ms, screenOffTimeout=600000ms,screenDimDuration=7000ms
12-13 22:18:28.614  1491  1769 V WindowManager: Removing Window{64614af u0 Toast} from WindowToken{47e50bc android.os.Binder@576fc89} Callers=com.android.server.wm.WindowState.removeImmediately:1882 com.android.server.wm.RootWindowContainer.performSurfacePlacement:800 com.android.server.wm.WindowSurfacePlacer.performSurfacePlacementLoop:203 com.android.server.wm.WindowSurfacePlacer.performSurfacePlacement:151 com.android.server.wm.WindowSurfacePlacer.performSurfacePlacement:141 
12-13 22:18:41.340  1491  2768 W ActivityManager: Unable to start service Intent { act=android.security.IKeyChainService cmp=com.android.keychain/.KeyChainService } U=999: not found
12-13 22:18:41.352  1491  2768 W ActivityManager: Unable to start service Intent { act=android.security.IKeyChainService cmp=com.android.keychain/.KeyChainService } U=999: not found
12-13 22:18:46.282  1491  1784 I RecentGestureListener: hasNavigationBarInner is false, pw.isKeyguardLocked() is false, isUserSetupComplete is true
12-13 22:18:46.283  1491  1784 D RecentGestureListener: notifyGesturePreTrigger 359.8334
12-13 22:18:46.288  1491  1784 I RecentGestureListener: isInRecentPanelModeArea  state=1,isInNavigationBarArea=false mActionNotpassToUser true mGestureState PENDING_CHECK
12-13 22:18:46.288  1491  1784 D RecentGestureListener: notifyGesturePreTrigger 359.8334
12-13 22:18:46.311  1491  1784 D RecentGestureListener: notifyGestureCanceled 
12-13 22:18:46.813  1491  1784 I RecentGestureListener: hasNavigationBarInner is false, pw.isKeyguardLocked() is false, isUserSetupComplete is true
12-13 22:18:46.814  1491  1784 I RecentGestureListener: isInRecentPanelModeArea  state=0,isInNavigationBarArea=false mActionNotpassToUser true mGestureState IDLE
12-13 22:18:48.020  1491  1784 I RecentGestureListener: hasNavigationBarInner is false, pw.isKeyguardLocked() is false, isUserSetupComplete is true
12-13 22:18:48.021  1491  1784 I RecentGestureListener: isInRecentPanelModeArea  state=0,isInNavigationBarArea=false mActionNotpassToUser true mGestureState IDLE
12-13 22:18:51.926  1491  1784 I RecentGestureListener: hasNavigationBarInner is false, pw.isKeyguardLocked() is false, isUserSetupComplete is true
12-13 22:18:51.926  1491  1784 I RecentGestureListener: isInRecentPanelModeArea  state=0,isInNavigationBarArea=false mActionNotpassToUser true mGestureState IDLE
12-13 22:18:53.588  1491  1784 I RecentGestureListener: hasNavigationBarInner is false, pw.isKeyguardLocked() is false, isUserSetupComplete is true
12-13 22:18:53.589  1491  1784 I RecentGestureListener: isInRecentPanelModeArea  state=0,isInNavigationBarArea=false mActionNotpassToUser true mGestureState IDLE
12-13 22:18:57.973  1491  1513 D NetworkPolicy: uid 10117 is allowed on unmetered network
12-13 22:18:57.975  1491  1513 D NetworkPolicy: uid 10117 is allowed on unmetered network
12-13 22:19:00.000  1491  1779 V AlarmManager: sending alarm Alarm{9f9745c type 3 when 89392360 22:19:00 android}
12-13 22:19:00.004  1491  1491 V AlarmManager: setImplLocked:Alarm{6ea9616 type 3 when 89452361 22:20:00 android}
12-13 22:19:00.004  1491  1491 D AlarmManager: set alarm to RTC 3-89452361-22:20:00
12-13 22:19:11.346  1491  3647 W ActivityManager: Unable to start service Intent { act=android.security.IKeyChainService cmp=com.android.keychain/.KeyChainService } U=999: not found
12-13 22:19:11.358  1491  3647 W ActivityManager: Unable to start service Intent { act=android.security.IKeyChainService cmp=com.android.keychain/.KeyChainService } U=999: not found
12-13 22:19:13.999  1491  1784 I RecentGestureListener: hasNavigationBarInner is false, pw.isKeyguardLocked() is false, isUserSetupComplete is true
12-13 22:19:13.999  1491  1784 I RecentGestureListener: isInRecentPanelModeArea  state=0,isInNavigationBarArea=false mActionNotpassToUser true mGestureState IDLE
12-13 22:19:14.842  1491  1784 I RecentGestureListener: hasNavigationBarInner is false, pw.isKeyguardLocked() is false, isUserSetupComplete is true
12-13 22:19:14.843  1491  1784 I RecentGestureListener: isInRecentPanelModeArea  state=0,isInNavigationBarArea=false mActionNotpassToUser true mGestureState IDLE
12-13 22:19:15.812  1491  1784 I RecentGestureListener: hasNavigationBarInner is false, pw.isKeyguardLocked() is false, isUserSetupComplete is true
12-13 22:19:15.813  1491  1784 I RecentGestureListener: isInRecentPanelModeArea  state=0,isInNavigationBarArea=false mActionNotpassToUser true mGestureState IDLE
12-13 22:19:16.657  1491  1784 I RecentGestureListener: hasNavigationBarInner is false, pw.isKeyguardLocked() is false, isUserSetupComplete is true
12-13 22:19:16.658  1491  1784 I RecentGestureListener: isInRecentPanelModeArea  state=0,isInNavigationBarArea=false mActionNotpassToUser true mGestureState IDLE
12-13 22:19:26.773  1491  2343 V NetworkPolicy: updateNetworkEnabledNL()
12-13 22:19:26.773  1491  2343 V NetworkPolicy: No need to control the network enable or disable
12-13 22:19:26.773  1491  2343 V NetworkPolicy: updateNotificationsNL()
12-13 22:19:26.798  1491 11940 D NetworkStats: Resolving plan for NetworkTemplate: matchRule=MOBILE_ALL, subscriberId=460013..., matchSubscriberIds=[460013...]
12-13 22:19:26.800  1491 11940 D NetworkStats: Found active matching subId 1
12-13 22:19:26.803  1491  2343 D NetworkStats: Resolving plan for NetworkTemplate: matchRule=MOBILE_ALL, subscriberId=460013..., matchSubscriberIds=[460013...]
12-13 22:19:26.804  1491  2343 D NetworkStats: Found active matching subId 1
12-13 22:19:26.807  1491  2343 D NetworkStats: Resolved to plan null
12-13 22:19:26.809  1491 11940 D NetworkStats: Resolved to plan null
12-13 22:19:26.815  1491  3647 D NetworkStats: Resolving plan for NetworkTemplate: matchRule=MOBILE_ALL, subscriberId=460013..., matchSubscriberIds=[460013...]
12-13 22:19:26.817  1491  3647 D NetworkStats: Found active matching subId 1
12-13 22:19:26.821  1491  3647 D NetworkStats: Resolved to plan null
12-13 22:19:35.640  1491  1784 I RecentGestureListener: hasNavigationBarInner is false, pw.isKeyguardLocked() is false, isUserSetupComplete is true
12-13 22:19:35.640  1491  1784 D RecentGestureListener: notifyGesturePreTrigger 455.78897
12-13 22:19:35.645  1491  1784 I RecentGestureListener: isInRecentPanelModeArea  state=1,isInNavigationBarArea=false mActionNotpassToUser true mGestureState PENDING_CHECK
12-13 22:19:35.645  1491  1784 D RecentGestureListener: notifyGesturePreTrigger 455.78897
12-13 22:19:35.723  1491  1784 D RecentGestureListener: notifyGestureCanceled 
12-13 22:19:41.351  1491 11940 W ActivityManager: Unable to start service Intent { act=android.security.IKeyChainService cmp=com.android.keychain/.KeyChainService } U=999: not found
12-13 22:19:41.364  1491 11940 W ActivityManager: Unable to start service Intent { act=android.security.IKeyChainService cmp=com.android.keychain/.KeyChainService } U=999: not found
12-13 22:20:00.001  1491  1779 D AlarmManager: set alarm to RTC 2-89512361-22:21:00
12-13 22:20:00.002  1491  1779 V AlarmManager: sending alarm Alarm{6ea9616 type 3 when 89452361 22:20:00 android}
12-13 22:20:00.003  1491  1779 V AlarmManager: sending alarm Alarm{b7231fb type 0 when 1576246800000 22:20:00 com.android.calendar}
12-13 22:20:00.017  1491  1542 I Process : zygoteSendArgsAndGetResult: start read result...
12-13 22:20:00.031  1491  1542 I Process : 14ms so far, end read result
12-13 22:20:00.032  1491  1542 I ActivityManager: Start proc 27404:com.android.calendar/u0a83 for broadcast com.android.calendar/com.meizu.flyme.calendar.subscribealerts.SubscribeAlertReceiver
12-13 22:20:00.034  1491  1491 V AlarmManager: setImplLocked:Alarm{bb50cab type 3 when 89512361 22:21:00 android}
12-13 22:20:00.034  1491  1491 D AlarmManager: set alarm to RTC 3-89512361-22:21:00
12-13 22:20:00.368  1491  1513 I Process : zygoteSendArgsAndGetResult: start read result...
12-13 22:20:00.390  1491  1513 I Process : 23ms so far, end read result
12-13 22:20:00.391  1491  1513 I ActivityManager: Start proc 27431:com.android.calendar:remote/u0a83 for content provider com.android.calendar/com.meizu.flyme.calendar.subscribealerts.base.SubscribeProviders
12-13 22:20:00.534  1491  1513 D NetworkPolicy: uid 10083 is allowed on unmetered network
12-13 22:20:00.536  1491  1513 I chatty  : uid=1000(system) Binder:1491_2 identical 11 lines
12-13 22:20:00.536  1491  1513 D NetworkPolicy: uid 10083 is allowed on unmetered network
12-13 22:20:00.564  1491  3647 D NetworkPolicy: uid 10083 is allowed on unmetered network
12-13 22:20:00.568  1491  3647 V ActivityManager: Freeze: try to start service caller:android.app.IApplicationThread$Stub$Proxy@c97baaa, callingPid:27431, callingUid:10083
12-13 22:20:00.580  1491  3647 I Process : zygoteSendArgsAndGetResult: start read result...
12-13 22:20:00.590  1491 11940 D NetworkPolicy: uid 10083 is allowed on unmetered network
12-13 22:20:00.592  1491 11940 D NetworkPolicy: uid 10083 is allowed on unmetered network
12-13 22:20:00.594  1491  3647 I Process : 14ms so far, end read result
12-13 22:20:00.594  1491  3647 I ActivityManager: Start proc 27466:com.android.providers.calendar/u0a6 for content provider com.android.providers.calendar/.CalendarProvider2
12-13 22:20:00.648  1491  1513 V ActivityManager: ComponentInfo{com.meizu.account/com.meizu.account.core.internal.oauth.AndroidAccountService}
12-13 22:20:00.692  1491  1513 D NotificationService: pkg com.android.calendar, userFilter = 0, intercept = false, score = 100.0, score_scale = 0.0, category=recommend, shouldAffectIntercept=true,notification.category = null,filter.tag = recommend
12-13 22:20:00.702  1491  1491 I VibratorService:  vibrate opPkg com.android.calendar uid 10083
12-13 22:20:00.702  1491  1491 D VibratorService: Turning vibrator off.
12-13 22:20:00.705  1491  1491 I VibratorService:  setrepEffectId 5045
12-13 22:20:00.713  1491  2344 V NetworkPolicy: setMeteredNetworkWhitelist 10016: true
12-13 22:20:00.713  1491  2344 D NetworkPolicy: Dump stack:setMeteredNetworkWhitelist,NetworkPolicyManagerService.java
12-13 22:20:00.713  1491  2344 D NetworkPolicy: updateRulesForDataUsageRestrictionsULInner,NetworkPolicyManagerService.java
12-13 22:20:00.713  1491  2344 D NetworkPolicy: updateRulesForDataUsageRestrictionsUL,NetworkPolicyManagerService.java
12-13 22:20:00.713  1491  2344 D NetworkPolicy: updateRestrictBackgroundRulesOnUidStatusChangedUL,NetworkPolicyManagerService.java
12-13 22:20:00.713  1491  2344 D NetworkPolicy: updateUidStateUL,NetworkPolicyManagerService.java
12-13 22:20:00.713  1491  2344 D NetworkPolicy: handleUidChanged,NetworkPolicyManagerService.java
12-13 22:20:00.713  1491  2344 D NetworkPolicy: handleMessage,NetworkPolicyManagerService.java
12-13 22:20:00.713  1491  2344 D NetworkPolicy: dispatchMessage,Handler.java
12-13 22:20:00.713  1491  2344 D NetworkPolicy: Dump stack:updateRulesForDataUsageRestrictionsULInner,NetworkPolicyManagerService.java
12-13 22:20:00.713  1491  2344 D NetworkPolicy: updateRulesForDataUsageRestrictionsUL,NetworkPolicyManagerService.java
12-13 22:20:00.713  1491  2344 D NetworkPolicy: updateRestrictBackgroundRulesOnUidStatusChangedUL,NetworkPolicyManagerService.java
12-13 22:20:00.713  1491  2344 D NetworkPolicy: updateUidStateUL,NetworkPolicyManagerService.java
12-13 22:20:00.713  1491  2344 D NetworkPolicy: handleUidChanged,NetworkPolicyManagerService.java
12-13 22:20:00.713  1491  2344 D NetworkPolicy: handleMessage,NetworkPolicyManagerService.java
12-13 22:20:00.713  1491  2344 D NetworkPolicy: dispatchMessage,Handler.java
12-13 22:20:00.713  1491  2344 D NetworkPolicy: loop,Looper.java
12-13 22:20:00.713  1491  2343 D NetworkPolicy: handleMessage: 1
12-13 22:20:00.715  1491  2344 D NetworkPolicy: Dump stack:setUidFirewallRule,NetworkPolicyManagerService.java
12-13 22:20:00.715  1491  2344 D NetworkPolicy: updateRuleForAppIdleUL,NetworkPolicyManagerService.java
12-13 22:20:00.715  1491  2344 D NetworkPolicy: updateUidStateUL,NetworkPolicyManagerService.java
12-13 22:20:00.715  1491  2344 D NetworkPolicy: handleUidChanged,NetworkPolicyManagerService.java
12-13 22:20:00.715  1491  2344 D NetworkPolicy: handleMessage,NetworkPolicyManagerService.java
12-13 22:20:00.715  1491  2344 D NetworkPolicy: dispatchMessage,Handler.java
12-13 22:20:00.715  1491  2344 D NetworkPolicy: loop,Looper.java
12-13 22:20:00.715  1491  2344 D NetworkPolicy: run,HandlerThread.java
12-13 22:20:00.715  1491  2344 D NetworkManagement: oldRule = 0, newRule=0 for uid=10016 on chain 2
12-13 22:20:00.715  1491  2344 D NetworkManagement: !!!!! Skipping change
12-13 22:20:00.725  1491  1513 D ActivityManager: BroadcastRecord{d34af08 u0 com.android.calendar.subscribe.action.SUBSCRIBE_REMINDER}, spend: 720, android.os.BinderProxy@7f7886f, ActivityInfo{621cfff com.meizu.flyme.calendar.subscribealerts.SubscribeAlertReceiver}
12-13 22:20:00.731  1491  3659 D NetworkPolicy: uid 10043 is allowed on unmetered network
12-13 22:20:00.746  1491 13607 D NetworkPolicy: uid 10021 is allowed on unmetered network
12-13 22:20:00.763  1491  2768 V AlarmManager: setImplLocked:Alarm{da48981 type 3 when 89458123 22:20:05 com.android.calendar}
12-13 22:20:00.763  1491  2768 D AlarmManager: set alarm to RTC 3-89458123-22:20:05
12-13 22:20:00.767  1491 13607 D AlarmManager: set alarm to RTC 3-89512361-22:21:00
12-13 22:20:00.767  1491 13607 V AlarmManager: remove:com.android.calendar
12-13 22:20:00.768  1491  2491 V AlarmManager: setImplLocked:Alarm{bba0a26 type 3 when 89458128 22:20:05 com.android.calendar}
12-13 22:20:00.768  1491  2491 D AlarmManager: set alarm to RTC 3-89458128-22:20:05
12-13 22:20:00.814  1491  2344 V NetworkPolicy: setMeteredNetworkWhitelist 10016: true
12-13 22:20:00.814  1491  2344 D NetworkPolicy: Dump stack:setMeteredNetworkWhitelist,NetworkPolicyManagerService.java
12-13 22:20:00.814  1491  2344 D NetworkPolicy: updateRulesForDataUsageRestrictionsULInner,NetworkPolicyManagerService.java
