12-13 21:21:17.841  1491  2788 I chatty  : uid=1000(system) Binder:1491_B expire 17 lines
12-13 21:21:17.841  1491  5739 I chatty  : uid=1000(system) Binder:1491_17 expire 1 line
12-13 21:21:17.841  1491  2768 I chatty  : uid=1000(system) Binder:1491_9 expire 1 line
12-13 21:21:17.841  1491  2388 I chatty  : uid=1000(system) ConnectivityThr expire 1 line
12-13 21:21:17.841  1491  7813 I chatty  : uid=1000(system) Binder:1491_18 expire 1 line
12-13 21:21:17.851  1491  1543 I chatty  : uid=1000(system) android.ui expire 1 line
12-13 21:21:17.996   995  1160 E NetlinkEvent: NetlinkEvent::FindParam(): Parameter 'INTERFACE' not found
12-13 21:21:17.996   995  1160 E NetlinkEvent: NetlinkEvent::FindParam(): Parameter 'STATE' not found
12-13 21:21:17.996   995  1160 E NetlinkEvent: NetlinkEvent::FindParam(): Parameter 'TIME_NS' not found
12-13 21:21:17.996   995  1160 E NetlinkEvent: NetlinkEvent::FindParam(): Parameter 'UID' not found
12-13 21:21:17.998   684 20969 I android.hardware.wifi@1.0-service: Legacy HAL stop complete callback received
12-13 21:21:18.146  1491  1784 I chatty  : uid=1000(system) InputReader expire 3 lines
12-13 21:21:18.209   995  1160 E NetlinkEvent: NetlinkEvent::FindParam(): Parameter 'INTERFACE' not found
12-13 21:21:18.209   995  1160 E NetlinkEvent: NetlinkEvent::FindParam(): Parameter 'STATE' not found
12-13 21:21:18.209   995  1160 E NetlinkEvent: NetlinkEvent::FindParam(): Parameter 'TIME_NS' not found
12-13 21:21:18.209   995  1160 E NetlinkEvent: NetlinkEvent::FindParam(): Parameter 'UID' not found
12-13 21:21:18.326  1491  3557 I chatty  : uid=1000(system) Binder:1491_F expire 4 lines
12-13 21:21:18.374  1491  2343 I chatty  : uid=1000(system) NetworkPolicy expire 26 lines
12-13 21:21:18.388  1491  2353 I chatty  : uid=1000(system) ConnectivitySer expire 4 lines
12-13 21:21:18.398  1491  2632 I chatty  : uid=1000(system) NetworkTimeUpda expire 2 lines
12-13 21:21:18.430  1491  3558 I chatty  : uid=1000(system) Binder:1491_10 expire 6 lines
12-13 21:21:18.443  1491  2388 I chatty  : uid=1000(system) ConnectivityThr expire 46 lines
12-13 21:21:18.477  1491 13665 I chatty  : uid=1000(system) Binder:1491_20 expire 8 lines
12-13 21:21:18.477  1491  2658 I chatty  : uid=1000(system) Binder:1491_7 expire 18 lines
12-13 21:21:18.477  1491  4858 I chatty  : uid=1000(system) Binder:1491_16 expire 3 lines
12-13 21:21:18.477  1491  1512 I chatty  : uid=1000(system) Binder:1491_1 expire 5 lines
12-13 21:21:18.478  1491  2788 I chatty  : uid=1000(system) Binder:1491_B expire 2 lines
12-13 21:21:18.478  1491  2642 I chatty  : uid=1000(system) Binder:1491_6 expire 16 lines
12-13 21:21:18.478  1491 11940 I chatty  : uid=1000(system) Binder:1491_19 expire 6 lines
12-13 21:21:18.478  1491 12498 I chatty  : uid=1000(system) Binder:1491_1B expire 14 lines
12-13 21:21:18.479  1491  2775 I chatty  : uid=1000(system) Binder:1491_A expire 1 line
12-13 21:21:18.479  1491  3155 I chatty  : uid=1000(system) Binder:1491_D expire 8 lines
12-13 21:21:18.479  1491 13607 I chatty  : uid=1000(system) Binder:1491_1F expire 3 lines
12-13 21:21:18.479  1491  2768 I chatty  : uid=1000(system) Binder:1491_9 expire 7 lines
12-13 21:21:18.479  1491  3452 I chatty  : uid=1000(system) Binder:1491_E expire 1 line
12-13 21:21:18.479  1491  5739 I chatty  : uid=1000(system) Binder:1491_17 expire 4 lines
12-13 21:21:18.480  1491  2520 I chatty  : uid=1000(system) Binder:1491_5 expire 3 lines
12-13 21:21:18.480  1491  2371 I chatty  : uid=1000(system) Binder:1491_3 expire 1 line
12-13 21:21:18.480  1491 13488 I chatty  : uid=1000(system) Binder:1491_1E expire 9 lines
12-13 21:21:18.480  1491  3647 I chatty  : uid=1000(system) Binder:1491_13 expire 1 line
12-13 21:21:18.480  1491  4153 I chatty  : uid=1000(system) Binder:1491_15 expire 8 lines
12-13 21:21:18.480  1491  3645 I chatty  : uid=1000(system) Binder:1491_12 expire 10 lines
12-13 21:21:18.480  1491  3659 I chatty  : uid=1000(system) Binder:1491_14 expire 7 lines
12-13 21:21:18.480  1491  2491 I chatty  : uid=1000(system) Binder:1491_4 expire 4 lines
12-13 21:21:18.481  1491  7813 I chatty  : uid=1000(system) Binder:1491_18 expire 3 lines
12-13 21:21:18.481  1491  2791 I chatty  : uid=1000(system) Binder:1491_C expire 6 lines
12-13 21:21:18.481  1491  3620 I chatty  : uid=1000(system) Binder:1491_11 expire 3 lines
12-13 21:21:18.481  1491 13202 I chatty  : uid=1000(system) Binder:1491_1D expire 5 lines
12-13 21:21:18.481  1491  1513 I chatty  : uid=1000(system) Binder:1491_2 expire 4 lines
12-13 21:21:18.483  1491  2755 I chatty  : uid=1000(system) Binder:1491_8 expire 4 lines
12-13 21:21:18.484  1491 12500 I chatty  : uid=1000(system) Binder:1491_1C expire 10 lines
12-13 21:21:18.485  1491 12169 I chatty  : uid=1000(system) Binder:1491_1A expire 5 lines
12-13 21:21:18.517  1491  2388 I chatty  : uid=1000(system) ConnectivityThr expire 42 lines
12-13 21:21:18.518  1491  3645 I chatty  : uid=1000(system) Binder:1491_12 expire 3 lines
12-13 21:21:18.518  1491  2642 I chatty  : uid=1000(system) Binder:1491_6 expire 74 lines
12-13 21:21:18.519  1491  1491 I chatty  : uid=1000 system_server expire 2 lines
12-13 21:21:18.519  1491  2343 I chatty  : uid=1000(system) NetworkPolicy expire 21 lines
12-13 21:21:18.520  1491  2768 I chatty  : uid=1000(system) Binder:1491_9 expire 25 lines
12-13 21:21:18.527  1491 13488 I chatty  : uid=1000(system) Binder:1491_1E expire 63 lines
12-13 21:21:18.529  1491 12498 I chatty  : uid=1000(system) Binder:1491_1B expire 24 lines
12-13 21:21:18.557  1491 13665 I chatty  : uid=1000(system) Binder:1491_20 expire 41 lines
12-13 21:21:19.080   684   684 I android.hardware.wifi@1.0-service: Wifi HAL stopped
12-13 21:21:19.081   997   997 I wificond: Unsubscribe scan result for interface with index: 30
12-13 21:21:19.082   997   997 E wificond: Could not read interface state for wlan0 (No such device)
12-13 21:21:19.082   997   997 E wificond: Failed to get wiphy indices
12-13 21:21:19.084  1491  1546 I chatty  : uid=1000(system) batterystats-wo expire 2 lines
12-13 21:21:19.097 20037 20037 W ContextImpl: Calling a method in the system process without a qualified user: android.app.ContextImpl.startService:1480 android.content.ContextWrapper.startService:650 android.content.ContextWrapper.startService:650 com.meizu.wifiadmin.receiver.StateObserver.a:49 com.meizu.wifiadmin.receiver.StateObserver.onReceive:38 
12-13 21:21:19.104  1491  1542 I chatty  : uid=1000(system) ActivityManager expire 5 lines
12-13 21:21:20.018  1491  2353 I chatty  : uid=1000(system) ConnectivitySer expire 3 lines
12-13 21:21:23.741  1491  1779 I chatty  : uid=1000(system) AlarmManager expire 16 lines
12-13 21:21:27.780  1491  2343 I chatty  : uid=1000(system) NetworkPolicy expire 90 lines
12-13 21:21:27.812  1491 13488 I chatty  : uid=1000(system) Binder:1491_1E expire 8 lines
12-13 21:21:27.911  1491 13665 I chatty  : uid=1000(system) Binder:1491_20 expire 9 lines
12-13 21:21:55.661  1491  1784 I chatty  : uid=1000(system) InputReader expire 35 lines
12-13 21:21:56.596  1491  2768 I chatty  : uid=1000(system) Binder:1491_9 expire 11 lines
12-13 21:21:56.879  1491  1769 I chatty  : uid=1000(system) android.anim expire 1 line
12-13 21:21:58.017  1491  1542 I chatty  : uid=1000(system) ActivityManager expire 20 lines
12-13 21:21:58.093  1491  1569 I chatty  : uid=1000(system) PowerManagerSer expire 3 lines
12-13 21:21:58.101  1491  2642 I chatty  : uid=1000(system) Binder:1491_6 expire 6 lines
12-13 21:21:58.400  1491  1575 I chatty  : uid=1000(system) PackageManager expire 7 lines
12-13 21:21:58.557 21496 21496 W ContextImpl: Calling a method in the system process without a qualified user: android.app.ContextImpl.startService:1480 android.content.ContextWrapper.startService:650 android.content.ContextWrapper.startService:650 com.qualcomm.qti.seemp.service.SeempBroadcastReceiver.onReceive:56 android.app.ActivityThread.handleReceiver:3406 
12-13 21:21:58.644  1491 11940 I chatty  : uid=1000(system) Binder:1491_19 expire 1 line
12-13 21:21:58.645  1491  2755 I chatty  : uid=1000(system) Binder:1491_8 expire 22 lines
12-13 21:21:58.675  1491 21516 I chatty  : uid=1000 system_server expire 1 line
12-13 21:21:58.682  1491  2791 I chatty  : uid=1000(system) Binder:1491_C expire 23 lines
12-13 21:21:58.686  1491  1561 I chatty  : uid=1000(system) android.display expire 1 line
12-13 21:21:58.694  1491  1546 I chatty  : uid=1000(system) batterystats-wo expire 2 lines
12-13 21:21:58.700  1491  2343 I chatty  : uid=1000(system) NetworkPolicy expire 10 lines
12-13 21:21:58.819  1491  2344 I chatty  : uid=1000(system) tworkPolicy.uid expire 5 lines
12-13 21:21:58.858   684   684 I android.hardware.wifi@1.0-service: Wifi HAL started
12-13 21:21:59.319   997   997 I wificond: create scanner for interface with index: 32
12-13 21:21:59.319   997   997 I wificond: subscribe scan result for interface with index: 32
12-13 21:21:59.320   997   997 E wificond: No Offload Service available
12-13 21:21:59.320   997   997 I wificond: Offload HAL not supported 
12-13 21:21:59.461  1491  3452 I chatty  : uid=1000(system) Binder:1491_E expire 4 lines
12-13 21:21:59.467  1491  2346 I chatty  : uid=1000(system) WifiStateMachin expire 3 lines
12-13 21:21:59.471   997   997 W wificond: Skip scan ssid for single scan: 单县羊肉汤
12-13 21:21:59.472  1491  2350 I chatty  : uid=1000(system) WifiScanningSer expire 1 line
12-13 21:21:59.476 20037 20037 W ContextImpl: Calling a method in the system process without a qualified user: android.app.ContextImpl.startService:1480 android.content.ContextWrapper.startService:650 android.content.ContextWrapper.startService:650 com.meizu.wifiadmin.receiver.StateObserver.a:49 com.meizu.wifiadmin.receiver.StateObserver.onReceive:38 
12-13 21:21:59.880  1491  2371 I chatty  : uid=1000(system) Binder:1491_3 expire 4 lines
12-13 21:21:59.882  1491  1491 I chatty  : uid=1000 system_server expire 4 lines
12-13 21:21:59.926  1491  1541 I chatty  : uid=1000(system) android.bg expire 4 lines
12-13 21:22:00.000  1491  1779 I chatty  : uid=1000(system) AlarmManager expire 1 line
12-13 21:22:00.106  1491  1491 I chatty  : uid=1000 system_server expire 7 lines
12-13 21:22:00.127  1491  2642 I chatty  : uid=1000(system) Binder:1491_6 expire 3 lines
12-13 21:22:00.140  1491  1542 I chatty  : uid=1000(system) ActivityManager expire 17 lines
12-13 21:22:00.160  1491  2755 I chatty  : uid=1000(system) Binder:1491_8 expire 6 lines
12-13 21:22:00.244  1491  2371 I chatty  : uid=1000(system) Binder:1491_3 expire 6 lines
12-13 21:22:00.673   997   997 I wificond: Enters wifigbk_ageOutHistory
12-13 21:22:00.678   997   997 I wificond: Enters wifigbk_ageOutHistory
12-13 21:22:00.697   997   997 W wificond: Scan is not started. Ignore abort request
12-13 21:22:00.698  3518  3518 W ContextImpl: Calling a method in the system process without a qualified user: android.app.ContextImpl.startService:1480 android.content.ContextWrapper.startService:650 android.content.ContextWrapper.startService:650 com.meizu.dataservice.ExperienceReceiver.a:64 com.meizu.dataservice.ExperienceReceiver.onReceive:46 
12-13 21:22:00.699  1491  1513 I chatty  : uid=1000(system) Binder:1491_2 expire 17 lines
12-13 21:22:00.707  1491  3452 I chatty  : uid=1000(system) Binder:1491_E expire 3 lines
12-13 21:22:00.707  1491  3557 I chatty  : uid=1000(system) Binder:1491_F expire 3 lines
12-13 21:22:02.788   997   997 I wificond: Connect timeout
12-13 21:22:02.854  1491 13202 I chatty  : uid=1000(system) Binder:1491_1D expire 10 lines
12-13 21:22:02.858  1491  7813 I chatty  : uid=1000(system) Binder:1491_18 expire 34 lines
12-13 21:22:02.872  1491 13488 I chatty  : uid=1000(system) Binder:1491_1E expire 1 line
12-13 21:22:03.467  1491  2343 I chatty  : uid=1000(system) NetworkPolicy expire 11 lines
12-13 21:22:03.481  1491  3558 I chatty  : uid=1000(system) Binder:1491_10 expire 5 lines
12-13 21:22:03.496  1491  4858 I chatty  : uid=1000(system) Binder:1491_16 expire 12 lines
12-13 21:22:05.105   997   997 I wificond: Connect timeout
12-13 21:22:05.154  1491  5739 I chatty  : uid=1000(system) Binder:1491_17 expire 39 lines
12-13 21:22:11.715   997   997 W wificond: Skip scan ssid for single scan: 单县羊肉汤
12-13 21:22:11.719  1491  2350 I chatty  : uid=1000(system) WifiScanningSer expire 3 lines
12-13 21:22:12.961   997   997 I wificond: Enters wifigbk_ageOutHistory
12-13 21:22:12.962   997   997 I wificond: Enters wifigbk_ageOutHistory
12-13 21:22:12.987  3518  3518 W ContextImpl: Calling a method in the system process without a qualified user: android.app.ContextImpl.startService:1480 android.content.ContextWrapper.startService:650 android.content.ContextWrapper.startService:650 com.meizu.dataservice.ExperienceReceiver.a:64 com.meizu.dataservice.ExperienceReceiver.onReceive:46 
12-13 21:22:12.991   997   997 W wificond: Scan is not started. Ignore abort request
12-13 21:22:13.054  1491  1542 I chatty  : uid=1000(system) ActivityManager expire 19 lines
12-13 21:22:13.062   997   997 I wificond: Enters wifigbk_ageOutHistory
12-13 21:22:13.070  1491  7813 I chatty  : uid=1000(system) Binder:1491_18 expire 5 lines
12-13 21:22:13.085  1491  2346 I chatty  : uid=1000(system) WifiStateMachin expire 5 lines
12-13 21:22:13.095  1491  2353 I chatty  : uid=1000(system) ConnectivitySer expire 15 lines
12-13 21:22:13.110  1491  2347 I chatty  : uid=1000(system) IpManager.wlan0 expire 4 lines
12-13 21:22:13.143  1491 21659 I chatty  : uid=1000(system) DhcpClient expire 12 lines
12-13 21:22:14.307   995  1160 E NetlinkEvent: NetlinkEvent::FindParam(): Parameter 'INTERFACE' not found
12-13 21:22:14.307   995  1160 E NetlinkEvent: NetlinkEvent::FindParam(): Parameter 'STATE' not found
12-13 21:22:14.307   995  1160 E NetlinkEvent: NetlinkEvent::FindParam(): Parameter 'TIME_NS' not found
12-13 21:22:14.307   995  1160 E NetlinkEvent: NetlinkEvent::FindParam(): Parameter 'UID' not found
12-13 21:22:14.317  1491  2343 I chatty  : uid=1000(system) NetworkPolicy expire 32 lines
12-13 21:22:14.330  1491  2632 I chatty  : uid=1000(system) NetworkTimeUpda expire 2 lines
12-13 21:22:14.372  1491  3647 I chatty  : uid=1000(system) Binder:1491_13 expire 1 line
12-13 21:22:14.412  1491  2388 I chatty  : uid=1000(system) ConnectivityThr expire 4 lines
12-13 21:22:14.412  1491  4858 I chatty  : uid=1000(system) Binder:1491_16 expire 1 line
12-13 21:22:14.482  1491  1513 I chatty  : uid=1000(system) Binder:1491_2 expire 1 line
12-13 21:22:14.482  1491 12169 I chatty  : uid=1000(system) Binder:1491_1A expire 1 line
12-13 21:22:14.482  1491  3620 I chatty  : uid=1000(system) Binder:1491_11 expire 1 line
12-13 21:22:14.482  1491 12498 I chatty  : uid=1000(system) Binder:1491_1B expire 1 line
12-13 21:22:14.484  1491  2658 I chatty  : uid=1000(system) Binder:1491_7 expire 2 lines
12-13 21:22:14.485  1491  2768 I chatty  : uid=1000(system) Binder:1491_9 expire 1 line
12-13 21:22:14.487  1491  2520 I chatty  : uid=1000(system) Binder:1491_5 expire 1 line
12-13 21:22:14.488  1491 13202 I chatty  : uid=1000(system) Binder:1491_1D expire 1 line
12-13 21:22:14.493  1491  3645 I chatty  : uid=1000(system) Binder:1491_12 expire 1 line
12-13 21:22:14.493  1491  4153 I chatty  : uid=1000(system) Binder:1491_15 expire 1 line
12-13 21:22:14.493  1491  1512 I chatty  : uid=1000(system) Binder:1491_1 expire 1 line
12-13 21:22:14.494  1491  3659 I chatty  : uid=1000(system) Binder:1491_14 expire 1 line
12-13 21:22:14.496  1491 12500 I chatty  : uid=1000(system) Binder:1491_1C expire 6 lines
12-13 21:22:14.496  1491  2755 I chatty  : uid=1000(system) Binder:1491_8 expire 6 lines
12-13 21:22:14.496  1491  2788 I chatty  : uid=1000(system) Binder:1491_B expire 8 lines
12-13 21:22:14.497  1491  3557 I chatty  : uid=1000(system) Binder:1491_F expire 6 lines
12-13 21:22:14.497  1491  2491 I chatty  : uid=1000(system) Binder:1491_4 expire 3 lines
12-13 21:22:14.498  1491  3155 I chatty  : uid=1000(system) Binder:1491_D expire 4 lines
12-13 21:22:14.499  1491  2371 I chatty  : uid=1000(system) Binder:1491_3 expire 6 lines
12-13 21:22:14.500  1491  2775 I chatty  : uid=1000(system) Binder:1491_A expire 5 lines
12-13 21:22:14.500  1491  2791 I chatty  : uid=1000(system) Binder:1491_C expire 3 lines
12-13 21:22:14.501  1491  2642 I chatty  : uid=1000(system) Binder:1491_6 expire 6 lines
12-13 21:22:14.501  1491 13665 I chatty  : uid=1000(system) Binder:1491_20 expire 3 lines
12-13 21:22:14.501  1491 11940 I chatty  : uid=1000(system) Binder:1491_19 expire 3 lines
12-13 21:22:14.502  1491  3647 I chatty  : uid=1000(system) Binder:1491_13 expire 7 lines
12-13 21:22:14.502  1491 13607 I chatty  : uid=1000(system) Binder:1491_1F expire 8 lines
12-13 21:22:14.502  1491 13488 I chatty  : uid=1000(system) Binder:1491_1E expire 4 lines
12-13 21:22:14.502  1491  4858 I chatty  : uid=1000(system) Binder:1491_16 expire 4 lines
12-13 21:22:14.514  1491  2343 I chatty  : uid=1000(system) NetworkPolicy expire 6 lines
12-13 21:22:14.522  1491  7813 I chatty  : uid=1000(system) Binder:1491_18 expire 1 line
12-13 21:22:14.522  1491  2388 I chatty  : uid=1000(system) ConnectivityThr expire 86 lines
12-13 21:22:14.523  1491  1513 I chatty  : uid=1000(system) Binder:1491_2 expire 4 lines
12-13 21:22:14.523  1491  5739 I chatty  : uid=1000(system) Binder:1491_17 expire 13 lines
12-13 21:22:14.523  1491 12498 I chatty  : uid=1000(system) Binder:1491_1B expire 5 lines
12-13 21:22:14.523  1491  2658 I chatty  : uid=1000(system) Binder:1491_7 expire 8 lines
12-13 21:22:14.524  1491  1512 I chatty  : uid=1000(system) Binder:1491_1 expire 5 lines
12-13 21:22:14.524  1491  4153 I chatty  : uid=1000(system) Binder:1491_15 expire 7 lines
12-13 21:22:14.524  1491 13202 I chatty  : uid=1000(system) Binder:1491_1D expire 6 lines
12-13 21:22:14.524  1491  2768 I chatty  : uid=1000(system) Binder:1491_9 expire 2 lines
12-13 21:22:14.524  1491  3620 I chatty  : uid=1000(system) Binder:1491_11 expire 5 lines
12-13 21:22:14.524  1491  3645 I chatty  : uid=1000(system) Binder:1491_12 expire 11 lines
12-13 21:22:14.525  1491  3659 I chatty  : uid=1000(system) Binder:1491_14 expire 3 lines
12-13 21:22:14.525  1491  2520 I chatty  : uid=1000(system) Binder:1491_5 expire 5 lines
12-13 21:22:14.525  1491  3558 I chatty  : uid=1000(system) Binder:1491_10 expire 5 lines
12-13 21:22:14.526  1491  3452 I chatty  : uid=1000(system) Binder:1491_E expire 9 lines
12-13 21:22:14.546  1491 12169 I chatty  : uid=1000(system) Binder:1491_1A expire 3 lines
12-13 21:22:14.558  1491  2388 I chatty  : uid=1000(system) ConnectivityThr expire 21 lines
12-13 21:22:14.558  1491 13665 I chatty  : uid=1000(system) Binder:1491_20 expire 2 lines
12-13 21:22:14.616  1491 13488 I chatty  : uid=1000(system) Binder:1491_1E expire 31 lines
12-13 21:22:14.616  1491  4858 I chatty  : uid=1000(system) Binder:1491_16 expire 44 lines
12-13 21:22:14.618  1491  3620 I chatty  : uid=1000(system) Binder:1491_11 expire 38 lines
12-13 21:22:14.619  1491  2788 I chatty  : uid=1000(system) Binder:1491_B expire 29 lines
12-13 21:22:14.632 25258 21700 W ContextImpl: Calling a method in the system process without a qualified user: android.app.ContextImpl.bindService:1560 android.content.ContextWrapper.bindService:684 filtratorsdk.bco.c:108 filtratorsdk.bco.a:75 com.meizu.safe.viruscanner.utils.VirusLibUpdater$4.run:289 
12-13 21:22:14.635  1491  4153 I chatty  : uid=1000(system) Binder:1491_15 expire 50 lines
12-13 21:22:14.649 25258 21716 W ContextImpl: Calling a method in the system process without a qualified user: android.app.ContextImpl.bindService:1560 android.content.ContextWrapper.bindService:684 filtratorsdk.bco.c:108 filtratorsdk.bco.a:75 com.meizu.safe.viruscanner.utils.VirusLibUpdater$4.run:289 
12-13 21:22:14.735  1491 12500 I chatty  : uid=1000(system) Binder:1491_1C expire 17 lines
12-13 21:22:18.244  1491  1784 I chatty  : uid=1000(system) InputReader expire 30 lines
12-13 21:22:18.405  1491  2344 I chatty  : uid=1000(system) tworkPolicy.uid expire 12 lines
12-13 21:22:19.005  1491  1769 I chatty  : uid=1000(system) android.anim expire 3 lines
12-13 21:22:19.695  1491  1779 I chatty  : uid=1000(system) AlarmManager expire 6 lines
12-13 21:22:19.864  1491  1557 I chatty  : uid=1000(system) PPSServer expire 1 line
12-13 21:22:19.982  1491  1546 I chatty  : uid=1000(system) batterystats-wo expire 1 line
12-13 21:22:23.736  1491  2343 I chatty  : uid=1000(system) NetworkPolicy expire 96 lines
12-13 21:22:25.744  1491  1784 I chatty  : uid=1000(system) InputReader expire 10 lines
12-13 21:22:26.314  1491  3620 I chatty  : uid=1000(system) Binder:1491_11 expire 33 lines
12-13 21:22:26.491  1491 13488 I chatty  : uid=1000(system) Binder:1491_1E expire 9 lines
12-13 21:22:26.543  1491  2344 I chatty  : uid=1000(system) tworkPolicy.uid expire 2 lines
12-13 21:22:29.134  1491  1769 I chatty  : uid=1000(system) android.anim expire 10 lines
12-13 21:22:29.918  1491  1541 I chatty  : uid=1000(system) android.bg expire 2 lines
12-13 21:22:31.080  1491  2788 I chatty  : uid=1000(system) Binder:1491_B expire 16 lines
12-13 21:22:31.084  1491  1491 I chatty  : uid=1000 system_server expire 5 lines
12-13 21:23:00.000  1491  1779 I chatty  : uid=1000(system) AlarmManager expire 1 line
12-13 21:23:02.906   997   997 W wificond: Skip scan ssid for single scan: 单县羊肉汤
12-13 21:23:02.908  1491  2350 I chatty  : uid=1000(system) WifiScanningSer expire 3 lines
12-13 21:23:03.738  1491  2343 I chatty  : uid=1000(system) NetworkPolicy expire 79 lines
12-13 21:23:06.833   997   997 I wificond: Enters wifigbk_ageOutHistory
12-13 21:23:06.835   997   997 I wificond: Enters wifigbk_ageOutHistory
12-13 21:23:06.849  3518  3518 W ContextImpl: Calling a method in the system process without a qualified user: android.app.ContextImpl.startService:1480 android.content.ContextWrapper.startService:650 android.content.ContextWrapper.startService:650 com.meizu.dataservice.ExperienceReceiver.a:64 com.meizu.dataservice.ExperienceReceiver.onReceive:46 
12-13 21:23:06.850  1491  3620 I chatty  : uid=1000(system) Binder:1491_11 expire 15 lines
12-13 21:23:18.666  1491  2343 I chatty  : uid=1000(system) NetworkPolicy expire 231 lines
12-13 21:23:18.678  1491 13488 I chatty  : uid=1000(system) Binder:1491_1E expire 7 lines
12-13 21:23:23.990  1491  1491 I chatty  : uid=1000 system_server expire 5 lines
12-13 21:24:00.000  1491  1779 I chatty  : uid=1000(system) AlarmManager expire 1 line
12-13 21:24:04.810  1491  2343 I chatty  : uid=1000(system) NetworkPolicy expire 110 lines
12-13 21:24:10.427  1491 13488 I chatty  : uid=1000(system) Binder:1491_1E expire 7 lines
12-13 21:24:10.434  1491  3620 I chatty  : uid=1000(system) Binder:1491_11 expire 6 lines
12-13 21:24:16.730  1491  4858 I chatty  : uid=1000(system) Binder:1491_16 expire 7 lines
12-13 21:24:16.838  1491  1569 I chatty  : uid=1000(system) PowerManagerSer expire 3 lines
12-13 21:24:16.976  1491  1784 I chatty  : uid=1000(system) InputReader expire 12 lines
12-13 21:24:19.967  1491  2788 I chatty  : uid=1000(system) Binder:1491_B expire 2 lines
12-13 21:24:21.074  1491  1543 I chatty  : uid=1000(system) android.ui expire 2 lines
12-13 21:24:21.339  1491  5739 I chatty  : uid=1000(system) Binder:1491_17 expire 1 line
12-13 21:24:21.390  1491  1769 I chatty  : uid=1000(system) android.anim expire 1 line
12-13 21:24:22.444  1491  1541 I chatty  : uid=1000(system) android.bg expire 102 lines
12-13 21:24:22.459  1491  1491 I chatty  : uid=1000 system_server expire 6 lines
12-13 21:24:22.462  1491  1541 I chatty  : uid=1000(system) android.bg expire 213 lines
12-13 21:24:22.464  1491  2343 I chatty  : uid=1000(system) NetworkPolicy expire 106 lines
12-13 21:24:22.491  1491  1541 I chatty  : uid=1000(system) android.bg expire 187 lines
12-13 21:24:22.516  1491  1491 I chatty  : uid=1000 system_server expire 10 lines
12-13 21:24:22.540  1491  1541 I chatty  : uid=1000(system) android.bg expire 208 lines
12-13 21:24:22.540  1491  2343 I chatty  : uid=1000(system) NetworkPolicy expire 128 lines
12-13 21:24:22.565  1491  1541 I chatty  : uid=1000(system) android.bg expire 92 lines
12-13 21:24:22.574  1491  1491 I chatty  : uid=1000 system_server expire 2 lines
12-13 21:24:22.918  1491  1543 I chatty  : uid=1000(system) android.ui expire 2 lines
12-13 21:24:22.965  1491 12169 I chatty  : uid=1000(system) Binder:1491_1A expire 5 lines
12-13 21:24:23.111  1491  1569 I chatty  : uid=1000(system) PowerManagerSer expire 25 lines
12-13 21:24:23.150  1491  2406 I chatty  : uid=1000(system) PhotonicModulat expire 37 lines
12-13 21:24:23.168  1491  1769 I chatty  : uid=1000(system) android.anim expire 1 line
12-13 21:24:30.004  1491  1784 I chatty  : uid=1000(system) InputReader expire 4 lines
12-13 21:24:30.211  1491  2520 I chatty  : uid=1000(system) Binder:1491_5 expire 4 lines
12-13 21:24:30.447  1491  2755 I chatty  : uid=1000(system) Binder:1491_8 expire 2 lines
12-13 21:24:30.517  1491  1542 I chatty  : uid=1000(system) ActivityManager expire 1 line
12-13 21:24:40.957  1491  2343 I chatty  : uid=1000(system) NetworkPolicy expire 202 lines
12-13 21:24:45.946  1491  1543 I chatty  : uid=1000(system) android.ui expire 4 lines
12-13 21:24:45.987  1491  3647 I chatty  : uid=1000(system) Binder:1491_13 expire 7 lines
12-13 21:24:46.132  1491  3645 I chatty  : uid=1000(system) Binder:1491_12 expire 1 line
12-13 21:24:46.173  1491  1769 I chatty  : uid=1000(system) android.anim expire 2 lines
12-13 21:24:46.706  1491  1541 I chatty  : uid=1000(system) android.bg expire 7 lines
12-13 21:24:48.225  1491  1784 I chatty  : uid=1000(system) InputReader expire 3 lines
12-13 21:24:49.600  2476  2476 D PowerUI : buckets   .....34 .. 29 .. 9
12-13 21:24:49.600  2476  2476 D PowerUI : level          78 --> 77
12-13 21:24:49.600  2476  2476 D PowerUI : status         2 --> 2
12-13 21:24:49.600  2476  2476 D PowerUI : plugType       2 --> 2
12-13 21:24:49.600  2476  2476 D PowerUI : invalidCharger 0 --> 0
12-13 21:24:49.600  2476  2476 D PowerUI : bucket         1 --> 1
12-13 21:24:49.601  2476  2476 D PowerUI : plugged        true --> true
12-13 21:24:49.601  1491  1491 I chatty  : uid=1000 system_server expire 2 lines
12-13 21:24:49.601  1491  1559 I chatty  : uid=1000(system) android.fg expire 10 lines
12-13 21:24:49.604  2476  2476 D PowerUI.Notification: dismissing low battery warning: level=77
12-13 21:24:49.604  2476  2476 D PowerUI.Notification: updateNotification mWarning=false mPlaySound=false mInvalidCharger=false
12-13 21:24:49.630  1491  1546 I chatty  : uid=1000(system) batterystats-wo expire 1 line
12-13 21:24:49.823  1491  2755 I chatty  : uid=1000(system) Binder:1491_8 expire 9 lines
12-13 21:24:49.947  1491  2491 I chatty  : uid=1000(system) Binder:1491_4 expire 4 lines
12-13 21:25:00.001  1491  1779 I chatty  : uid=1000(system) AlarmManager expire 1 line
12-13 21:25:10.441  1491  2791 I chatty  : uid=1000(system) Binder:1491_C expire 15 lines
12-13 21:25:21.414  1491  2343 I chatty  : uid=1000(system) NetworkPolicy expire 209 lines
12-13 21:25:40.449  1491  2491 I chatty  : uid=1000(system) Binder:1491_4 expire 34 lines
12-13 21:25:44.808  1491  1779 I chatty  : uid=1000(system) AlarmManager expire 4 lines
12-13 21:25:44.815  1491  2755 I chatty  : uid=1000(system) Binder:1491_8 expire 12 lines
12-13 21:25:50.332  1491 13488 I chatty  : uid=1000(system) Binder:1491_1E expire 5 lines
12-13 21:25:51.212  1491  1491 I chatty  : uid=1000 system_server expire 10 lines
12-13 21:26:04.813  1491  2343 I chatty  : uid=1000(system) NetworkPolicy expire 241 lines
12-13 21:26:07.894  1491  1543 I chatty  : uid=1000(system) android.ui expire 6 lines
12-13 21:26:07.958  1491  2791 I chatty  : uid=1000(system) Binder:1491_C expire 14 lines
12-13 21:26:08.061  1491  3620 I chatty  : uid=1000(system) Binder:1491_11 expire 1 line
12-13 21:26:08.077  1491  1769 I chatty  : uid=1000(system) android.anim expire 3 lines
12-13 21:26:09.962  1491 12500 I chatty  : uid=1000(system) Binder:1491_1C expire 6 lines
12-13 21:26:11.974  1491  1721 I chatty  : uid=1000(system) HwBinder:1491_1 expire 1 line
12-13 21:26:11.974  1491  1559 I chatty  : uid=1000(system) android.fg expire 43 lines
12-13 21:26:11.988  1491  1542 I chatty  : uid=1000(system) ActivityManager expire 18 lines
12-13 21:26:11.989  1491  1541 I chatty  : uid=1000(system) android.bg expire 3 lines
12-13 21:26:11.996  1491  2775 I chatty  : uid=1000(system) Binder:1491_A expire 10 lines
12-13 21:26:11.996  2476  2476 D PowerUI : buckets   .....34 .. 29 .. 9
12-13 21:26:11.996  2476  2476 D PowerUI : level          77 --> 77
12-13 21:26:11.997  2476  2476 D PowerUI : status         2 --> 3
12-13 21:26:11.997  2476  2476 D PowerUI : plugType       2 --> 0
12-13 21:26:11.997  2476  2476 D PowerUI : invalidCharger 0 --> 0
12-13 21:26:11.997  2476  2476 D PowerUI : bucket         1 --> 1
12-13 21:26:11.997  2476  2476 D PowerUI : plugged        true --> false
12-13 21:26:11.997  2476  2476 D PowerUI.Notification: updateNotification mWarning=false mPlaySound=false mInvalidCharger=false
12-13 21:26:11.999 25258 25258 W ContextImpl: Calling a method in the system process without a qualified user: android.app.ContextImpl.stopService:1492 android.content.ContextWrapper.stopService:660 android.content.ContextWrapper.stopService:660 com.meizu.safe.blockService.receiver.PowerConnectionReceiver.onReceive:40 android.app.ActivityThread.handleReceiver:3406 
12-13 21:26:12.000  1491  2755 I chatty  : uid=1000(system) Binder:1491_8 expire 17 lines
12-13 21:26:12.007  1491  1546 I chatty  : uid=1000(system) batterystats-wo expire 2 lines
12-13 21:26:12.010  1491  1706 I chatty  : uid=1000(system) UEventObserver expire 1 line
12-13 21:26:12.012  1491  3557 I chatty  : uid=1000(system) Binder:1491_F expire 6 lines
12-13 21:26:12.016  1491  1491 I chatty  : uid=1000 system_server expire 64 lines
12-13 21:26:13.014  1491  1559 I chatty  : uid=1000(system) android.fg expire 29 lines
12-13 21:26:13.017  1491  1542 I chatty  : uid=1000(system) ActivityManager expire 25 lines
12-13 21:26:13.023  1491  3557 I chatty  : uid=1000(system) Binder:1491_F expire 22 lines
12-13 21:26:13.045  1491 12500 I chatty  : uid=1000(system) Binder:1491_1C expire 22 lines
12-13 21:26:13.072  1491  1769 I chatty  : uid=1000(system) android.anim expire 2 lines
12-13 21:26:13.100  1491  3647 I chatty  : uid=1000(system) Binder:1491_13 expire 10 lines
12-13 21:26:13.492  1491  2343 I chatty  : uid=1000(system) NetworkPolicy expire 175 lines
12-13 21:26:13.739  2476  2476 D PowerUI : buckets   .....34 .. 29 .. 9
12-13 21:26:13.739  2476  2476 D PowerUI : level          77 --> 77
12-13 21:26:13.739  2476  2476 D PowerUI : status         3 --> 2
12-13 21:26:13.739  2476  2476 D PowerUI : plugType       0 --> 0
12-13 21:26:13.739  2476  2476 D PowerUI : invalidCharger 0 --> 0
12-13 21:26:13.739  2476  2476 D PowerUI : bucket         1 --> 1
12-13 21:26:13.740  2476  2476 D PowerUI : plugged        false --> false
12-13 21:26:13.740  2476  2476 D PowerUI.Notification: updateNotification mWarning=false mPlaySound=false mInvalidCharger=false
12-13 21:26:14.006  1491  1543 I chatty  : uid=1000(system) android.ui expire 2 lines
12-13 21:26:14.059  1491 13607 I chatty  : uid=1000(system) Binder:1491_1F expire 4 lines
12-13 21:26:14.175  1491  4153 I chatty  : uid=1000(system) Binder:1491_15 expire 8 lines
12-13 21:26:14.428  1491  1721 I chatty  : uid=1000(system) HwBinder:1491_1 expire 1 line
12-13 21:26:14.434  1491  3620 I chatty  : uid=1000(system) Binder:1491_11 expire 12 lines
12-13 21:26:14.435  2476  2476 D PowerUI : playing sound. pick-a-doop!
12-13 21:26:14.438  3518  3518 W ContextImpl: Calling a method in the system process without a qualified user: android.app.ContextImpl.startService:1480 android.content.ContextWrapper.startService:650 android.content.ContextWrapper.startService:650 com.meizu.dataservice.ExperienceReceiver.b:71 com.meizu.dataservice.ExperienceReceiver.onReceive:50 
12-13 21:26:14.438  1491 13665 I chatty  : uid=1000(system) Binder:1491_20 expire 15 lines
12-13 21:26:14.440  1491  1546 I chatty  : uid=1000(system) batterystats-wo expire 1 line
12-13 21:26:14.452  1491  1541 I chatty  : uid=1000(system) android.bg expire 2 lines
12-13 21:26:14.462 25258 25258 W ContextImpl: Calling a method in the system process without a qualified user: android.app.ContextImpl.startService:1480 android.content.ContextWrapper.startService:650 android.content.ContextWrapper.startService:650 com.meizu.safe.blockService.receiver.PowerConnectionReceiver.onReceive:35 android.app.ActivityThread.handleReceiver:3406 
12-13 21:26:14.466  2476  2476 D PowerUI : buckets   .....34 .. 29 .. 9
12-13 21:26:14.466  2476  2476 D PowerUI : level          77 --> 77
12-13 21:26:14.466  2476  2476 D PowerUI : status         2 --> 2
12-13 21:26:14.466  2476  2476 D PowerUI : plugType       0 --> 2
12-13 21:26:14.466  2476  2476 D PowerUI : invalidCharger 0 --> 0
12-13 21:26:14.466  2476  2476 D PowerUI : bucket         1 --> 1
12-13 21:26:14.466  2476  2476 D PowerUI : plugged        false --> true
12-13 21:26:14.466 25258 25258 W ContextImpl: Calling a method in the system process without a qualified user: android.app.ContextImpl.startService:1480 android.content.ContextWrapper.startService:650 android.content.ContextWrapper.startService:650 com.meizu.safe.blockService.receiver.PowerConnectionReceiver.onReceive:37 android.app.ActivityThread.handleReceiver:3406 
12-13 21:26:14.466  2476  2476 D PowerUI.Notification: dismissing low battery warning: level=77
12-13 21:26:14.466  2476  2476 D PowerUI.Notification: updateNotification mWarning=false mPlaySound=false mInvalidCharger=false
12-13 21:26:14.496  1491  2371 I chatty  : uid=1000(system) Binder:1491_3 expire 3 lines
12-13 21:26:14.501  1491  1491 I chatty  : uid=1000 system_server expire 35 lines
12-13 21:26:14.503  1491  2343 I chatty  : uid=1000(system) NetworkPolicy expire 166 lines
12-13 21:26:14.512  1491  1541 I chatty  : uid=1000(system) android.bg expire 2 lines
12-13 21:26:14.588  1491  1706 I chatty  : uid=1000(system) UEventObserver expire 2 lines
12-13 21:26:14.589  1491  1559 I chatty  : uid=1000(system) android.fg expire 39 lines
12-13 21:26:14.641  1491  4153 I chatty  : uid=1000(system) Binder:1491_15 expire 12 lines
12-13 21:26:14.966  1491  1769 I chatty  : uid=1000(system) android.anim expire 2 lines
12-13 21:26:15.612  1491  1721 I chatty  : uid=1000(system) HwBinder:1491_1 expire 3 lines
12-13 21:26:15.671  1491 13665 I chatty  : uid=1000(system) Binder:1491_20 expire 4 lines
12-13 21:26:16.479  1491  1784 I chatty  : uid=1000(system) InputReader expire 2 lines
12-13 21:26:16.687  1491 13607 I chatty  : uid=1000(system) Binder:1491_1F expire 6 lines
12-13 21:26:16.694  1491  3620 I chatty  : uid=1000(system) Binder:1491_11 expire 2 lines
12-13 21:26:42.284  1491  2343 I chatty  : uid=1000(system) NetworkPolicy expire 228 lines
12-13 21:26:44.966  1491  2371 I chatty  : uid=1000(system) Binder:1491_3 expire 11 lines
12-13 21:27:00.001  1491  1779 I chatty  : uid=1000(system) AlarmManager expire 1 line
12-13 21:27:00.003  1491  1491 I chatty  : uid=1000 system_server expire 5 lines
12-13 21:27:10.471  1491 13665 I chatty  : uid=1000(system) Binder:1491_20 expire 3 lines
12-13 21:27:10.647  1491  1784 I chatty  : uid=1000(system) InputReader expire 4 lines
12-13 21:27:11.111  1491  1542 I chatty  : uid=1000(system) ActivityManager expire 1 line
12-13 21:27:11.185  1491  4153 I chatty  : uid=1000(system) Binder:1491_15 expire 3 lines
12-13 21:27:39.981  1491  2343 I chatty  : uid=1000(system) NetworkPolicy expire 206 lines
12-13 21:27:40.481  1491 13665 I chatty  : uid=1000(system) Binder:1491_20 expire 4 lines
12-13 21:27:42.675  1491  1491 I chatty  : uid=1000 system_server expire 7 lines
12-13 21:28:00.000  1491  1779 I chatty  : uid=1000(system) AlarmManager expire 4 lines
12-13 21:28:04.250  1491  1784 I chatty  : uid=1000(system) InputReader expire 8 lines
12-13 21:28:04.781  1491  1542 I chatty  : uid=1000(system) ActivityManager expire 1 line
12-13 21:28:04.838  1491  3620 I chatty  : uid=1000(system) Binder:1491_11 expire 11 lines
12-13 21:28:17.870  1491  2371 I chatty  : uid=1000(system) Binder:1491_3 expire 9 lines
12-13 21:28:29.216  1491  1543 I chatty  : uid=1000(system) android.ui expire 2 lines
12-13 21:28:29.266  1491 13488 I chatty  : uid=1000(system) Binder:1491_1E expire 7 lines
12-13 21:28:29.394  1491  3155 I chatty  : uid=1000(system) Binder:1491_D expire 2 lines
12-13 21:28:29.407  1491  2343 I chatty  : uid=1000(system) NetworkPolicy expire 216 lines
12-13 21:28:29.462  1491  1769 I chatty  : uid=1000(system) android.anim expire 8 lines
12-13 21:28:34.752  1491  1491 I chatty  : uid=1000 system_server expire 5 lines
12-13 21:28:40.491  1491  2791 I chatty  : uid=1000(system) Binder:1491_C expire 6 lines
12-13 21:28:51.220  1491  1513 I chatty  : uid=1000(system) Binder:1491_2 expire 3 lines
12-13 21:28:56.363  1491  3557 I chatty  : uid=1000(system) Binder:1491_F expire 2 lines
12-13 21:29:00.001  1491  1779 I chatty  : uid=1000(system) AlarmManager expire 1 line
12-13 21:29:11.707  1491  1543 I chatty  : uid=1000(system) android.ui expire 2 lines
12-13 21:29:11.762  1491 13665 I chatty  : uid=1000(system) Binder:1491_20 expire 19 lines
12-13 21:29:14.599  1491  2791 I chatty  : uid=1000(system) Binder:1491_C expire 23 lines
12-13 21:29:14.835  1491  1779 I chatty  : uid=1000(system) AlarmManager expire 12 lines
12-13 21:29:14.853  1491 13488 I chatty  : uid=1000(system) Binder:1491_1E expire 14 lines
12-13 21:29:14.899  1491  2343 I chatty  : uid=1000(system) NetworkPolicy expire 54 lines
12-13 21:29:16.763  1491  1491 I chatty  : uid=1000 system_server expire 17 lines
12-13 21:29:16.788  1491  2520 I chatty  : uid=1000(system) Binder:1491_5 expire 43 lines
12-13 21:29:16.801  1491  3659 I chatty  : uid=1000(system) Binder:1491_14 expire 37 lines
12-13 21:29:19.728  1491  1784 I chatty  : uid=1000(system) InputReader expire 51 lines
12-13 21:29:20.239  1491  1542 I chatty  : uid=1000(system) ActivityManager expire 1 line
12-13 21:29:39.998  1491  1769 I chatty  : uid=1000(system) android.anim expire 35 lines
12-13 21:30:07.897  1491 13665 I chatty  : uid=1000(system) Binder:1491_20 expire 19 lines
12-13 21:30:08.731  1491  2343 I chatty  : uid=1000(system) NetworkPolicy expire 66 lines
12-13 21:30:09.374  1491  1784 I chatty  : uid=1000(system) InputReader expire 59 lines
12-13 21:30:09.915  1491  1491 I chatty  : uid=1000 system_server expire 19 lines
12-13 21:30:10.515  1491  3659 I chatty  : uid=1000(system) Binder:1491_14 expire 14 lines
12-13 21:30:16.735  1491  1779 I chatty  : uid=1000(system) AlarmManager expire 4 lines
12-13 21:30:16.768  1491  1541 I chatty  : uid=1000(system) android.bg expire 1 line
12-13 21:30:35.679  1491  2520 I chatty  : uid=1000(system) Binder:1491_5 expire 31 lines
12-13 21:31:00.117  1491  2791 I chatty  : uid=1000(system) Binder:1491_C expire 38 lines
12-13 21:31:00.213  1491 13488 I chatty  : uid=1000(system) Binder:1491_1E expire 11 lines
12-13 21:31:02.960  1491  2336 I chatty  : uid=1000(system) rtnds-e expire 1 line
12-13 21:31:03.229  1491 11940 I chatty  : uid=1000(system) Binder:1491_19 expire 35 lines
12-13 21:31:04.767  1491  2791 I chatty  : uid=1000(system) Binder:1491_C expire 89 lines
12-13 21:31:05.424  1491  3659 I chatty  : uid=1000(system) Binder:1491_14 expire 182 lines
12-13 21:31:06.473  1491  2337 I chatty  : uid=1000(system) rtnds-n expire 2 lines
12-13 21:31:07.500  1491  2346 I chatty  : uid=1000(system) WifiStateMachin expire 4 lines
12-13 21:31:07.507   997   997 W wificond: Skip scan ssid for single scan: 单县羊肉汤
12-13 21:31:07.510  1491  2350 I chatty  : uid=1000(system) WifiScanningSer expire 1 line
12-13 21:31:09.130  1491  2343 I chatty  : uid=1000(system) NetworkPolicy expire 113 lines
12-13 21:31:10.945   997   997 I wificond: Enters wifigbk_ageOutHistory
12-13 21:31:10.947   997   997 I wificond: Enters wifigbk_ageOutHistory
12-13 21:31:10.974  3518  3518 W ContextImpl: Calling a method in the system process without a qualified user: android.app.ContextImpl.startService:1480 android.content.ContextWrapper.startService:650 android.content.ContextWrapper.startService:650 com.meizu.dataservice.ExperienceReceiver.a:64 com.meizu.dataservice.ExperienceReceiver.onReceive:46 
12-13 21:31:17.499  1491  1779 I chatty  : uid=1000(system) AlarmManager expire 11 lines
12-13 21:31:18.303  1491  1491 I chatty  : uid=1000 system_server expire 13 lines
12-13 21:32:00.584  1491  2335 I chatty  : uid=1000(system) rtnds-s expire 3 lines
12-13 21:32:12.163  1491  2343 I chatty  : uid=1000(system) NetworkPolicy expire 67 lines
12-13 21:32:12.165  1491  3659 I chatty  : uid=1000(system) Binder:1491_14 expire 17 lines
12-13 21:32:12.181  1491 11940 I chatty  : uid=1000(system) Binder:1491_19 expire 67 lines
12-13 21:32:12.198  1491  2791 I chatty  : uid=1000(system) Binder:1491_C expire 64 lines
12-13 21:32:12.374  1491  3645 I chatty  : uid=1000(system) Binder:1491_12 expire 29 lines
12-13 21:32:51.553  1491  1575 I chatty  : uid=1000(system) PackageManager expire 7 lines
12-13 21:32:51.691  1491  1542 I chatty  : uid=1000(system) ActivityManager expire 20 lines
12-13 21:32:51.763 22971 22971 W ContextImpl: Calling a method in the system process without a qualified user: android.app.ContextImpl.startService:1480 android.content.ContextWrapper.startService:650 android.content.ContextWrapper.startService:650 com.qualcomm.qti.seemp.service.SeempBroadcastReceiver.onReceive:56 android.app.ActivityThread.handleReceiver:3406 
12-13 21:32:51.763  1491  3645 I chatty  : uid=1000(system) Binder:1491_12 expire 1 line
12-13 21:32:51.785  1491  3659 I chatty  : uid=1000(system) Binder:1491_14 expire 4 lines
12-13 21:32:51.919  1491  3155 I chatty  : uid=1000(system) Binder:1491_D expire 17 lines
12-13 21:32:51.920  1491  2371 I chatty  : uid=1000(system) Binder:1491_3 expire 1 line
12-13 21:32:52.151  1491 22993 I chatty  : uid=1000 system_server expire 1 line
12-13 21:32:52.159  1491  1561 I chatty  : uid=1000(system) android.display expire 1 line
12-13 21:32:52.166  1491 13488 I chatty  : uid=1000(system) Binder:1491_1E expire 3 lines
12-13 21:32:52.167  1491  2344 I chatty  : uid=1000(system) tworkPolicy.uid expire 5 lines
12-13 21:32:52.177  1491  1543 I chatty  : uid=1000(system) android.ui expire 1 line
12-13 21:32:52.189  1491  1546 I chatty  : uid=1000(system) batterystats-wo expire 1 line
12-13 21:32:52.374  1491  2491 I chatty  : uid=1000(system) Binder:1491_4 expire 1 line
12-13 21:32:53.076  1491  2343 I chatty  : uid=1000(system) NetworkPolicy expire 10 lines
12-13 21:32:53.106  1491  2775 I chatty  : uid=1000(system) Binder:1491_A expire 11 lines
12-13 21:32:53.114  1491  1491 I chatty  : uid=1000 system_server expire 9 lines
12-13 21:32:53.115  1491  1541 I chatty  : uid=1000(system) android.bg expire 4 lines
12-13 21:32:53.121  1491  5739 I chatty  : uid=1000(system) Binder:1491_17 expire 38 lines
12-13 21:33:00.000  1491  1779 I chatty  : uid=1000(system) AlarmManager expire 10 lines
12-13 21:33:00.003  1491  1491 I chatty  : uid=1000 system_server expire 3 lines
12-13 21:33:03.200  1491  3155 I chatty  : uid=1000(system) Binder:1491_D expire 8 lines
12-13 21:33:03.200  1491  2491 I chatty  : uid=1000(system) Binder:1491_4 expire 9 lines
12-13 21:33:03.569  1017  1017 E TLOC    : [TLOCChannel]"Can't receive message due to timeout"
12-13 21:33:03.570  1017  1017 I TLOC    : [TLOCDaemon ]"timeout passed - start periodic warm-up"
12-13 21:33:03.571  1017  1017 I TLOC    : [ModemComm  ]"Start a session successfully"
12-13 21:33:03.571  1017  1017 D TLOC    : [TLOCDaemon ]"The command finished successfully"
12-13 21:33:03.571  1017  1017 D TLOC    : [TLOCDaemon ]"waiting for command"
12-13 21:33:03.571  1017  1017 D TLOC    : [TLOCChannel] "Going to receive message for TLOCD"
12-13 21:33:03.571  1017  1017 D TLOC    : [TLOCChannel] "wait for message for user TLOCD"
12-13 21:33:12.347  1491  1784 I chatty  : uid=1000(system) InputReader expire 10 lines
12-13 21:33:12.446  1491  2344 I chatty  : uid=1000(system) tworkPolicy.uid expire 14 lines
12-13 21:33:12.815  1491  2768 I chatty  : uid=1000(system) Binder:1491_9 expire 12 lines
12-13 21:33:13.043  1491  1769 I chatty  : uid=1000(system) android.anim expire 3 lines
12-13 21:33:13.912  1491  1557 I chatty  : uid=1000(system) PPSServer expire 1 line
12-13 21:33:16.548  1491  3659 I chatty  : uid=1000(system) Binder:1491_14 expire 15 lines
12-13 21:33:16.550  1491 13202 I chatty  : uid=1000(system) Binder:1491_1D expire 22 lines
12-13 21:33:20.306  1491  2343 I chatty  : uid=1000(system) NetworkPolicy expire 66 lines
12-13 21:33:23.194  1491  1541 I chatty  : uid=1000(system) android.bg expire 2 lines
12-13 21:33:23.571  1017  1017 E TLOC    : [TLOCChannel]"Can't receive message due to timeout"
12-13 21:33:23.571  1017  1017 I TLOC    : [TLOCDaemon ]"timeout passed with no location fix - close the session"
12-13 21:33:23.572  1017  1017 I TLOC    : [ModemComm  ]"Stopped the session successfully"
12-13 21:33:23.572  1017  1017 D TLOC    : [TLOCDaemon ]"The command finished successfully"
12-13 21:33:23.572  1017  1017 D TLOC    : [TLOCDaemon ]"waiting for command"
12-13 21:33:23.572  1017  1017 D TLOC    : [TLOCChannel] "Going to receive message for TLOCD"
12-13 21:33:23.572  1017  1017 D TLOC    : [TLOCChannel] "wait for message for user TLOCD"
12-13 21:33:23.573  1491  1784 I chatty  : uid=1000(system) InputReader expire 32 lines
12-13 21:33:23.574  1017  1099 I TLOC    : [Modem      ]"Received event indication of position report with status USER_END"
12-13 21:33:29.663  1491 11940 I chatty  : uid=1000(system) Binder:1491_19 expire 18 lines
12-13 21:34:16.734  1491  2768 I chatty  : uid=1000(system) Binder:1491_9 expire 9 lines
12-13 21:34:19.414  1491  1542 I chatty  : uid=1000(system) ActivityManager expire 2 lines
12-13 21:34:24.400  1491 13202 I chatty  : uid=1000(system) Binder:1491_1D expire 3 lines
12-13 21:34:24.425  1491  5739 I chatty  : uid=1000(system) Binder:1491_17 expire 9 lines
12-13 21:34:24.586  1491  2343 I chatty  : uid=1000(system) NetworkPolicy expire 84 lines
12-13 21:34:29.460  1491  1784 I chatty  : uid=1000(system) InputReader expire 13 lines
12-13 21:34:36.594  1491  7813 I chatty  : uid=1000(system) Binder:1491_18 expire 1 line
12-13 21:34:40.597  1491  3659 I chatty  : uid=1000(system) Binder:1491_14 expire 6 lines
12-13 21:34:51.325  1491  1543 I chatty  : uid=1000(system) android.ui expire 20 lines
12-13 21:34:51.396  1491  4153 I chatty  : uid=1000(system) Binder:1491_15 expire 8 lines
12-13 21:34:51.593  1491  1513 I chatty  : uid=1000(system) Binder:1491_2 expire 1 line
12-13 21:34:51.606  1491  1769 I chatty  : uid=1000(system) android.anim expire 10 lines
12-13 21:34:53.046  1491 12500 I chatty  : uid=1000(system) Binder:1491_1C expire 5 lines
12-13 21:34:54.509  1491  1569 I chatty  : uid=1000(system) PowerManagerSer expire 18 lines
12-13 21:34:54.525  1491 11940 I chatty  : uid=1000(system) Binder:1491_19 expire 8 lines
12-13 21:34:54.673  1491  2642 I chatty  : uid=1000(system) Binder:1491_6 expire 1 line
12-13 21:34:54.688  1491  2406 I chatty  : uid=1000(system) PhotonicModulat expire 40 lines
12-13 21:34:55.917  1491  2371 I chatty  : uid=1000(system) Binder:1491_3 expire 7 lines
12-13 21:35:00.002  1491  1779 I chatty  : uid=1000(system) AlarmManager expire 1 line
12-13 21:35:00.005  1491  1491 I chatty  : uid=1000 system_server expire 2 lines
12-13 21:35:02.114  1491  2520 I chatty  : uid=1000(system) Binder:1491_5 expire 2 lines
12-13 21:35:03.555  1491  3620 I chatty  : uid=1000(system) Binder:1491_11 expire 1 line
12-13 21:35:06.982  1491 12169 I chatty  : uid=1000(system) Binder:1491_1A expire 4 lines
12-13 21:35:07.101  1491  3558 I chatty  : uid=1000(system) Binder:1491_10 expire 13 lines
12-13 21:35:17.822  1491  1784 I chatty  : uid=1000(system) InputReader expire 11 lines
12-13 21:35:17.907  1491  1569 I chatty  : uid=1000(system) PowerManagerSer expire 16 lines
12-13 21:35:17.939  1491  2406 I chatty  : uid=1000(system) PhotonicModulat expire 150 lines
12-13 21:35:18.550  1491  2343 I chatty  : uid=1000(system) NetworkPolicy expire 48 lines
12-13 21:35:20.614  1491  4858 I chatty  : uid=1000(system) Binder:1491_16 expire 10 lines
12-13 21:35:27.745  1491  1543 I chatty  : uid=1000(system) android.ui expire 3 lines
12-13 21:35:27.806  1491  1513 I chatty  : uid=1000(system) Binder:1491_2 expire 4 lines
12-13 21:35:27.977  1491  1769 I chatty  : uid=1000(system) android.anim expire 3 lines
12-13 21:35:31.906  1491  2791 I chatty  : uid=1000(system) Binder:1491_C expire 11 lines
12-13 21:35:37.083  1491  1543 I chatty  : uid=1000(system) android.ui expire 17 lines
12-13 21:35:37.103  1491 13202 I chatty  : uid=1000(system) Binder:1491_1D expire 5 lines
12-13 21:35:37.218  1491  3659 I chatty  : uid=1000(system) Binder:1491_14 expire 28 lines
12-13 21:35:37.229  1491  2642 I chatty  : uid=1000(system) Binder:1491_6 expire 4 lines
12-13 21:35:37.983  1491  1784 I chatty  : uid=1000(system) InputReader expire 29 lines
12-13 21:35:40.643  1491  2343 I chatty  : uid=1000(system) NetworkPolicy expire 18 lines
12-13 21:35:52.935  1491  1769 I chatty  : uid=1000(system) android.anim expire 26 lines
12-13 21:35:54.862  1491  1491 I chatty  : uid=1000 system_server expire 6 lines
12-13 21:36:00.001  1491  1779 I chatty  : uid=1000(system) AlarmManager expire 1 line
12-13 21:36:10.170  1491  1513 I chatty  : uid=1000(system) Binder:1491_2 expire 10 lines
12-13 21:36:10.196  1491  4858 I chatty  : uid=1000(system) Binder:1491_16 expire 1 line
12-13 21:36:10.291  1491  7813 I chatty  : uid=1000(system) Binder:1491_18 expire 12 lines
12-13 21:36:17.896  1491  3155 I chatty  : uid=1000(system) Binder:1491_D expire 4 lines
12-13 21:36:18.183  1491  2520 I chatty  : uid=1000(system) Binder:1491_5 expire 4 lines
12-13 21:36:20.003  1491 13607 I chatty  : uid=1000(system) Binder:1491_1F expire 14 lines
