12-13 22:20:00.814  1491  2344 D NetworkPolicy: updateRulesForDataUsageRestrictionsUL,NetworkPolicyManagerService.java
12-13 22:20:00.814  1491  2344 D NetworkPolicy: updateRestrictBackgroundRulesOnUidStatusChangedUL,NetworkPolicyManagerService.java
12-13 22:20:00.814  1491  2344 D NetworkPolicy: updateUidStateUL,NetworkPolicyManagerService.java
12-13 22:20:00.814  1491  2344 D NetworkPolicy: handleUidChanged,NetworkPolicyManagerService.java
12-13 22:20:00.814  1491  2344 D NetworkPolicy: handleMessage,NetworkPolicyManagerService.java
12-13 22:20:00.814  1491  2344 D NetworkPolicy: dispatchMessage,Handler.java
12-13 22:20:00.814  1491  2344 D NetworkPolicy: Dump stack:updateRulesForDataUsageRestrictionsULInner,NetworkPolicyManagerService.java
12-13 22:20:00.814  1491  2344 D NetworkPolicy: updateRulesForDataUsageRestrictionsUL,NetworkPolicyManagerService.java
12-13 22:20:00.814  1491  2344 D NetworkPolicy: updateRestrictBackgroundRulesOnUidStatusChangedUL,NetworkPolicyManagerService.java
12-13 22:20:00.814  1491  2344 D NetworkPolicy: updateUidStateUL,NetworkPolicyManagerService.java
12-13 22:20:00.814  1491  2344 D NetworkPolicy: handleUidChanged,NetworkPolicyManagerService.java
12-13 22:20:00.814  1491  2344 D NetworkPolicy: handleMessage,NetworkPolicyManagerService.java
12-13 22:20:00.814  1491  2344 D NetworkPolicy: dispatchMessage,Handler.java
12-13 22:20:00.814  1491  2344 D NetworkPolicy: loop,Looper.java
12-13 22:20:00.814  1491  2344 D NetworkPolicy: Dump stack:setUidFirewallRule,NetworkPolicyManagerService.java
12-13 22:20:00.814  1491  2344 D NetworkPolicy: updateRuleForAppIdleUL,NetworkPolicyManagerService.java
12-13 22:20:00.814  1491  2344 D NetworkPolicy: updateUidStateUL,NetworkPolicyManagerService.java
12-13 22:20:00.814  1491  2344 D NetworkPolicy: handleUidChanged,NetworkPolicyManagerService.java
12-13 22:20:00.814  1491  2344 D NetworkPolicy: handleMessage,NetworkPolicyManagerService.java
12-13 22:20:00.814  1491  2344 D NetworkPolicy: dispatchMessage,Handler.java
12-13 22:20:00.814  1491  2344 D NetworkPolicy: loop,Looper.java
12-13 22:20:00.814  1491  2344 D NetworkPolicy: run,HandlerThread.java
12-13 22:20:00.814  1491  2344 D NetworkManagement: oldRule = 0, newRule=0 for uid=10016 on chain 2
12-13 22:20:00.814  1491  2344 D NetworkManagement: !!!!! Skipping change
12-13 22:20:00.814  1491  2343 D NetworkPolicy: handleMessage: 1
12-13 22:20:00.852  1491  2768 D NetworkPolicy: uid 10083 is allowed on unmetered network
12-13 22:20:00.853  1491  2491 D NetworkPolicy: uid 10083 is allowed on unmetered network
12-13 22:20:00.854  1491  2768 D NetworkPolicy: uid 10083 is allowed on unmetered network
12-13 22:20:00.855  1491  2491 D NetworkPolicy: uid 10083 is allowed on unmetered network
12-13 22:20:00.855  1491  2491 D NetworkPolicy: uid 10083 is allowed on unmetered network
12-13 22:20:00.856  1491  2768 V ActivityManager: ComponentInfo{com.meizu.dataservice/com.meizu.dataservice.uxip.VccOfflineStatsService}
12-13 22:20:00.856  1491  2768 V ActivityManager:  freeze=false, pid=3518
12-13 22:20:00.861  1491  2491 D NetworkPolicy: uid 10083 is allowed on unmetered network
12-13 22:20:00.864  1491  2491 V ActivityManager: ComponentInfo{com.meizu.dataservice/com.meizu.dataservice.uxip.VccOfflineStatsService}
12-13 22:20:00.864  1491  2491 V ActivityManager:  freeze=false, pid=3518
12-13 22:20:00.886  1491  2491 D NetworkPolicy: uid 10083 is allowed on unmetered network
12-13 22:20:00.898  1491  2491 I chatty  : uid=1000(system) Binder:1491_4 identical 1 line
12-13 22:20:00.935  1491  2491 D NetworkPolicy: uid 10083 is allowed on unmetered network
12-13 22:20:00.968  1491  2768 D NetworkPolicy: uid 10083 is allowed on unmetered network
12-13 22:20:00.983  1491  2768 I chatty  : uid=1000(system) Binder:1491_9 identical 6 lines
12-13 22:20:00.983  1491  2768 D NetworkPolicy: uid 10083 is allowed on unmetered network
12-13 22:20:01.603  1491  2768 V MediaRouterService: restoreBluetoothA2dp(false)
12-13 22:20:01.662  1491  2491 D NetworkPolicy: uid 10083 is allowed on unmetered network
12-13 22:20:05.768  1491  1779 D AlarmManager: set alarm to RTC 3-89512361-22:21:00
12-13 22:20:05.768  1491  1779 V AlarmManager: sending alarm Alarm{bba0a26 type 3 when 89458128 22:20:05 com.android.calendar}
12-13 22:20:05.805  1491  2768 D AlarmManager: set alarm to RTC 2-89543686-22:21:31
12-13 22:20:05.805  1491  2768 V AlarmManager: remove:com.android.calendar
12-13 22:20:05.808  1491  2768 V AlarmManager: setImplLocked:Alarm{d576757 type 0 when 1576326065786 20:21:05 com.android.calendar}
12-13 22:20:11.364  1491 13607 W ActivityManager: Unable to start service Intent { act=android.security.IKeyChainService cmp=com.android.keychain/.KeyChainService } U=999: not found
12-13 22:20:11.371  1491 13607 W ActivityManager: Unable to start service Intent { act=android.security.IKeyChainService cmp=com.android.keychain/.KeyChainService } U=999: not found
12-13 22:20:19.575  1491 13607 D NetworkPolicy: uid 10093 is allowed on unmetered network
12-13 22:20:19.577  1491 13607 D NetworkPolicy: uid 10093 is allowed on unmetered network
12-13 22:20:26.984  1491  2343 V NetworkPolicy: updateNetworkEnabledNL()
12-13 22:20:26.984  1491  2343 V NetworkPolicy: No need to control the network enable or disable
12-13 22:20:26.984  1491  2343 V NetworkPolicy: updateNotificationsNL()
12-13 22:20:26.995  1491 13607 D NetworkStats: Resolving plan for NetworkTemplate: matchRule=MOBILE_ALL, subscriberId=460013..., matchSubscriberIds=[460013...]
12-13 22:20:26.996  1491 13607 D NetworkStats: Found active matching subId 1
12-13 22:20:27.003  1491  2343 D NetworkStats: Resolving plan for NetworkTemplate: matchRule=MOBILE_ALL, subscriberId=460013..., matchSubscriberIds=[460013...]
12-13 22:20:27.004  1491  2343 D NetworkStats: Found active matching subId 1
12-13 22:20:27.008  1491  2343 D NetworkStats: Resolved to plan null
12-13 22:20:27.010  1491 13607 D NetworkStats: Resolved to plan null
12-13 22:20:27.016  1491 13607 D NetworkStats: Resolving plan for NetworkTemplate: matchRule=MOBILE_ALL, subscriberId=460013..., matchSubscriberIds=[460013...]
12-13 22:20:27.018  1491 13607 D NetworkStats: Found active matching subId 1
12-13 22:20:27.022  1491 13607 D NetworkStats: Resolved to plan null
12-13 22:20:41.372  1491  2768 W ActivityManager: Unable to start service Intent { act=android.security.IKeyChainService cmp=com.android.keychain/.KeyChainService } U=999: not found
12-13 22:20:41.386  1491  2768 W ActivityManager: Unable to start service Intent { act=android.security.IKeyChainService cmp=com.android.keychain/.KeyChainService } U=999: not found
12-13 22:20:57.989  1491  2491 D NetworkPolicy: uid 10117 is allowed on unmetered network
12-13 22:20:57.992  1491  2491 D NetworkPolicy: uid 10117 is allowed on unmetered network
12-13 22:21:00.001  1491  1779 V AlarmManager: sending alarm Alarm{bb50cab type 3 when 89512361 22:21:00 android}
12-13 22:21:00.007  1491  1491 V AlarmManager: setImplLocked:Alarm{b2f1c62 type 3 when 89572361 22:22:00 android}
12-13 22:21:11.381  1491  2768 W ActivityManager: Unable to start service Intent { act=android.security.IKeyChainService cmp=com.android.keychain/.KeyChainService } U=999: not found
12-13 22:21:11.402  1491  2768 W ActivityManager: Unable to start service Intent { act=android.security.IKeyChainService cmp=com.android.keychain/.KeyChainService } U=999: not found
12-13 22:21:27.185  1491  2343 V NetworkPolicy: updateNetworkEnabledNL()
12-13 22:21:27.185  1491  2343 V NetworkPolicy: No need to control the network enable or disable
12-13 22:21:27.185  1491  2343 V NetworkPolicy: updateNotificationsNL()
12-13 22:21:27.199  1491  2491 D NetworkStats: Resolving plan for NetworkTemplate: matchRule=MOBILE_ALL, subscriberId=460013..., matchSubscriberIds=[460013...]
12-13 22:21:27.201  1491  2491 D NetworkStats: Found active matching subId 1
12-13 22:21:27.208  1491  2343 D NetworkStats: Resolving plan for NetworkTemplate: matchRule=MOBILE_ALL, subscriberId=460013..., matchSubscriberIds=[460013...]
12-13 22:21:27.209  1491  2343 D NetworkStats: Found active matching subId 1
12-13 22:21:27.212  1491  2343 D NetworkStats: Resolved to plan null
12-13 22:21:27.214  1491  2491 D NetworkStats: Resolved to plan null
12-13 22:21:27.221  1491  2491 D NetworkStats: Resolving plan for NetworkTemplate: matchRule=MOBILE_ALL, subscriberId=460013..., matchSubscriberIds=[460013...]
12-13 22:21:27.222  1491  2491 D NetworkStats: Found active matching subId 1
12-13 22:21:27.226  1491  2491 D NetworkStats: Resolved to plan null
12-13 22:21:31.326  1491  1779 V AlarmManager: setImplLocked:Alarm{38121f3 type 0 when 1576239534831 22:36:31 com.tencent.mm}
12-13 22:21:31.327  1491  1779 D AlarmManager: set alarm to RTC 2-89596640-22:22:24
12-13 22:21:31.327  1491  1779 D AlarmManager: set alarm to RTC 3-89572361-22:22:00
12-13 22:21:31.328  1491  1779 V AlarmManager: setImplLocked:Alarm{b45aeb0 type 3 when 80987211 22:26:31 com.tencent.mm}
12-13 22:21:31.328  1491  1779 V AlarmManager: setImplLocked:Alarm{4053129 type 1 when 1576238873020 22:51:31 com.ss.android.ugc.aweme}
12-13 22:21:31.329  1491  1779 V AlarmManager: setImplLocked:Alarm{9e69cae type 3 when 79321860 22:51:31 android}
12-13 22:21:31.329  1491  1779 V AlarmManager: sending alarm Alarm{231dca3 type 0 when 1576238634831 22:19:45 com.tencent.mm}
12-13 22:21:31.338  1491  1779 V AlarmManager: sending alarm Alarm{3bbf9d4 type 0 when 1576246828338 22:20:28 com.tencent.mobileqq}
12-13 22:21:31.339  1491  1779 V AlarmManager: sending alarm Alarm{7127bf8 type 3 when 80687211 22:20:58 com.tencent.mm}
12-13 22:21:31.340  1491  1779 V AlarmManager: sending alarm Alarm{3c247fc type 0 when 1576246891325 22:21:31 com.tencent.mobileqq}
12-13 22:21:31.341  1491  1779 V AlarmManager: sending alarm Alarm{6ae1368 type 1 when 1576237073020 22:21:31 com.ss.android.ugc.aweme}
12-13 22:21:31.341  1491  1779 V AlarmManager: sending alarm Alarm{11dc68b type 3 when 77521860 22:21:31 android}
12-13 22:21:31.345  1491  2768 V ActivityManager: Freeze: try to start service caller:android.app.IApplicationThread$Stub$Proxy@fcf05dc, callingPid:15381, callingUid:10117
12-13 22:21:31.393  1491  2768 V AlarmManager: setImplLocked:Alarm{234a3c8 type 0 when 1576247161391 22:26:01 com.tencent.mobileqq}
12-13 22:21:31.416  1491 13607 V AlarmManager: setImplLocked:Alarm{a899386 type 0 when 1576247161415 22:26:01 com.tencent.mobileqq}
12-13 22:21:31.419  1491  2343 V NetworkPolicy: updateNetworkEnabledNL()
12-13 22:21:31.419  1491  2343 V NetworkPolicy: No need to control the network enable or disable
12-13 22:21:31.419  1491  2343 V NetworkPolicy: updateNotificationsNL()
12-13 22:21:31.436  1491  2343 D NetworkStats: Resolving plan for NetworkTemplate: matchRule=MOBILE_ALL, subscriberId=460013..., matchSubscriberIds=[460013...]
12-13 22:21:31.438  1491  2343 D NetworkStats: Found active matching subId 1
12-13 22:21:31.444  1491  2343 D NetworkStats: Resolved to plan null
12-13 22:21:36.657  1491  2343 V NetworkPolicy: updateNetworkEnabledNL()
12-13 22:21:36.657  1491  2343 V NetworkPolicy: No need to control the network enable or disable
12-13 22:21:36.657  1491  2343 V NetworkPolicy: updateNotificationsNL()
12-13 22:21:36.678  1491  2343 D NetworkStats: Resolving plan for NetworkTemplate: matchRule=MOBILE_ALL, subscriberId=460013..., matchSubscriberIds=[460013...]
12-13 22:21:36.680  1491  2343 D NetworkStats: Found active matching subId 1
12-13 22:21:36.684  1491  2343 D NetworkStats: Resolved to plan null
12-13 22:21:41.388  1491 13607 W ActivityManager: Unable to start service Intent { act=android.security.IKeyChainService cmp=com.android.keychain/.KeyChainService } U=999: not found
12-13 22:21:41.409  1491 13607 W ActivityManager: Unable to start service Intent { act=android.security.IKeyChainService cmp=com.android.keychain/.KeyChainService } U=999: not found
12-13 22:21:41.648  1491  2343 V NetworkPolicy: updateNetworkEnabledNL()
12-13 22:21:41.649  1491  2343 V NetworkPolicy: No need to control the network enable or disable
12-13 22:21:41.649  1491  2343 V NetworkPolicy: updateNotificationsNL()
12-13 22:21:41.667  1491  2343 D NetworkStats: Resolving plan for NetworkTemplate: matchRule=MOBILE_ALL, subscriberId=460013..., matchSubscriberIds=[460013...]
12-13 22:21:41.668  1491  2343 D NetworkStats: Found active matching subId 1
12-13 22:21:41.673  1491  2343 D NetworkStats: Resolved to plan null
12-13 22:21:44.963  1491  2768 D NetworkPolicy: uid 10117 is allowed on unmetered network
12-13 22:21:47.048  1491  2343 V NetworkPolicy: updateNetworkEnabledNL()
12-13 22:21:47.048  1491  2343 V NetworkPolicy: No need to control the network enable or disable
12-13 22:21:47.048  1491  2343 V NetworkPolicy: updateNotificationsNL()
12-13 22:21:47.072  1491  2343 D NetworkStats: Resolving plan for NetworkTemplate: matchRule=MOBILE_ALL, subscriberId=460013..., matchSubscriberIds=[460013...]
12-13 22:21:47.075  1491  2343 D NetworkStats: Found active matching subId 1
12-13 22:21:47.081  1491  2343 D NetworkStats: Resolved to plan null
12-13 22:21:49.443  1491  2768 W WindowManager: Permission Denial: dismissKeyguard from pid=27565, uid=2000 requires android.permission.CONTROL_KEYGUARD
12-13 22:21:50.837  1491  1575 W ContextImpl: Calling a method in the system process without a qualified user: android.app.ContextImpl.sendBroadcast:970 com.android.server.pm.PackageManagerService$9.run:15686 android.os.Handler.handleCallback:790 android.os.Handler.dispatchMessage:99 android.os.Looper.loop:192 
12-13 22:21:50.843  1491  1575 V ActivityManager: ComponentInfo{com.android.defcontainer/com.android.defcontainer.DefaultContainerService}
12-13 22:21:50.982  1491  1542 I Process : zygoteSendArgsAndGetResult: start read result...
12-13 22:21:50.984  1491  1542 I Process : 2ms so far, end read result
12-13 22:21:50.984  1491  1542 I ActivityManager: Start proc 27602:com.qualcomm.qti.seemp.service:seemp_service/1000 for broadcast com.qualcomm.qti.seemp.service/.SeempBroadcastReceiver
12-13 22:21:51.044 27602 27602 W ContextImpl: Calling a method in the system process without a qualified user: android.app.ContextImpl.startService:1480 android.content.ContextWrapper.startService:650 android.content.ContextWrapper.startService:650 com.qualcomm.qti.seemp.service.SeempBroadcastReceiver.onReceive:56 android.app.ActivityThread.handleReceiver:3406 
12-13 22:21:51.045  1491  2491 V ActivityManager: Freeze: try to start service caller:android.app.IApplicationThread$Stub$Proxy@c46680d, callingPid:27602, callingUid:1000
12-13 22:21:51.074  1491  1513 I ActivityManager: Process com.qualcomm.qti.seemp.service:seemp_service (pid 27602) has died: fore SVC 
12-13 22:21:51.111  1491  1542 I ActivityManager: Force stopping io.agora.rtc.education appid=10469 user=-1: installPackageLI
12-13 22:21:51.112  1491  1542 I ActivityManager: Killing 26599:io.agora.rtc.education/u0a469 (adj 0): reason: installPackageLI, stop io.agora.rtc.education
12-13 22:21:51.113  1491  1542 D ActivityManager: killProcessGroup for uid:10469 pid:26599 package:io.agora.rtc.education
12-13 22:21:51.120  1491  1542 W ActivityManager: Force removing ActivityRecord{f96d738 u0 io.agora.rtc.education/.room.onetoone.OneToOneActivity t3899}: app died, no saved state
12-13 22:21:51.182  1491  7813 D ConnectivityService: ConnectivityService NetworkRequestInfo binderDied(NetworkRequest [ LISTEN id=233, [ Capabilities: INTERNET&NOT_RESTRICTED&TRUSTED&FOREGROUND] ], android.os.BinderProxy@eb8b91a)
12-13 22:21:51.182  1491 13607 D ConnectivityService: ConnectivityService NetworkRequestInfo binderDied(NetworkRequest [ LISTEN id=234, [ Capabilities: INTERNET&NOT_RESTRICTED&TRUSTED&FOREGROUND] ], android.os.BinderProxy@128ec4b)
12-13 22:21:51.184  1491  3647 I WindowManager: WIN DEATH: Window{da47527 u0 io.agora.rtc.education/io.agora.rtc.education.main.MainActivity}
12-13 22:21:51.217  1491  1575 E MzSysAppUninstall: Trying to add app that did not in MzApp /data/app/io.agora.rtc.education-MqpInU6uXEz_J_J3c_OHGQ==/base.apk
12-13 22:21:51.217  1491  1575 E MzSysAppUninstall: java.lang.Exception
12-13 22:21:51.217  1491  1575 E MzSysAppUninstall: 	at com.android.server.pm.MzSysAppUninstall.addUnSystemApp(MzSysAppUninstall.java:136)
12-13 22:21:51.217  1491  1575 E MzSysAppUninstall: 	at com.android.server.pm.PackageManagerService.replaceNonSystemPackageLIF(PackageManagerService.java:18847)
12-13 22:21:51.217  1491  1575 E MzSysAppUninstall: 	at com.android.server.pm.PackageManagerService.replacePackageLIF(PackageManagerService.java:18779)
12-13 22:21:51.217  1491  1575 E MzSysAppUninstall: 	at com.android.server.pm.PackageManagerService.installPackageLI(PackageManagerService.java:19825)
12-13 22:21:51.217  1491  1575 E MzSysAppUninstall: 	at com.android.server.pm.PackageManagerService.installPackageTracedLI(PackageManagerService.java:19362)
12-13 22:21:51.217  1491  1575 E MzSysAppUninstall: 	at com.android.server.pm.PackageManagerService.-wrap34(Unknown Source:0)
12-13 22:21:51.217  1491  1575 E MzSysAppUninstall: 	at com.android.server.pm.PackageManagerService$10.run(PackageManagerService.java:16758)
12-13 22:21:51.217  1491  1575 E MzSysAppUninstall: 	at android.os.Handler.handleCallback(Handler.java:790)
12-13 22:21:51.217  1491  1575 E MzSysAppUninstall: 	at android.os.Handler.dispatchMessage(Handler.java:99)
12-13 22:21:51.217  1491  1575 E MzSysAppUninstall: 	at android.os.Looper.loop(Looper.java:192)
12-13 22:21:51.217  1491  1575 E MzSysAppUninstall: 	at android.os.HandlerThread.run(HandlerThread.java:65)
12-13 22:21:51.217  1491  1575 E MzSysAppUninstall: 	at com.android.server.ServiceThread.run(ServiceThread.java:46)
12-13 22:21:51.223  1491  1575 I PackageManager: Package io.agora.rtc.education codePath changed from /data/app/io.agora.rtc.education-xQcLRhA3t-ZONdKx31pVHg== to /data/app/io.agora.rtc.education-MqpInU6uXEz_J_J3c_OHGQ==; Retaining data and using new
12-13 22:21:51.223  1491  1575 W PackageManager: Code path for io.agora.rtc.education changing from /data/app/io.agora.rtc.education-xQcLRhA3t-ZONdKx31pVHg== to /data/app/io.agora.rtc.education-MqpInU6uXEz_J_J3c_OHGQ==
12-13 22:21:51.223  1491  1575 W PackageManager: Resource path for io.agora.rtc.education changing from /data/app/io.agora.rtc.education-xQcLRhA3t-ZONdKx31pVHg== to /data/app/io.agora.rtc.education-MqpInU6uXEz_J_J3c_OHGQ==
12-13 22:21:51.225  1491  1542 E ActivityManager: Failure starting process io.agora.rtc.education
12-13 22:21:51.225  1491  1542 E ActivityManager: java.lang.SecurityException: Package io.agora.rtc.education is currently frozen!
12-13 22:21:51.225  1491  1542 E ActivityManager: 	at com.android.server.pm.PackageManagerService.checkPackageStartable(PackageManagerService.java:4251)
12-13 22:21:51.225  1491  1542 E ActivityManager: 	at com.android.server.am.ActivityManagerService.startProcessLocked(ActivityManagerService.java:4074)
12-13 22:21:51.225  1491  1542 E ActivityManager: 	at com.android.server.am.ActivityManagerService.startProcessLocked(ActivityManagerService.java:4026)
12-13 22:21:51.225  1491  1542 E ActivityManager: 	at com.android.server.am.ActivityManagerService.startProcessLocked(ActivityManagerService.java:3908)
12-13 22:21:51.225  1491  1542 E ActivityManager: 	at com.android.server.am.ActivityStackSupervisor.startSpecificActivityLocked(ActivityStackSupervisor.java:1660)
12-13 22:21:51.225  1491  1542 E ActivityManager: 	at com.android.server.am.ActivityStack.resumeTopActivityInnerLocked(ActivityStack.java:3043)
12-13 22:21:51.225  1491  1542 E ActivityManager: 	at com.android.server.am.ActivityStack.resumeTopActivityUncheckedLocked(ActivityStack.java:2451)
12-13 22:21:51.225  1491  1542 E ActivityManager: 	at com.android.server.am.ActivityStackSupervisor.resumeFocusedStackTopActivityLocked(ActivityStackSupervisor.java:2232)
12-13 22:21:51.225  1491  1542 E ActivityManager: 	at com.android.server.am.ActivityStackSupervisor.resumeFocusedStackTopActivityLocked(ActivityStackSupervisor.java:2214)
12-13 22:21:51.225  1491  1542 E ActivityManager: 	at com.android.server.am.ActivityStackSupervisor.resumeFocusedStackTopActivityLocked(ActivityStackSupervisor.java:2209)
12-13 22:21:51.225  1491  1542 E ActivityManager: 	at com.android.server.am.ActivityManagerService.handleAppDiedLocked(ActivityManagerService.java:5777)
12-13 22:21:51.225  1491  1542 E ActivityManager: 	at com.android.server.am.ActivityManagerService.removeProcessLocked(ActivityManagerService.java:7345)
12-13 22:21:51.225  1491  1542 E ActivityManager: 	at com.android.server.am.ActivityManagerService.killPackageProcessesLocked(ActivityManagerService.java:6987)
12-13 22:21:51.225  1491  1542 E ActivityManager: 	at com.android.server.am.ActivityManagerService.forceStopPackageLocked(ActivityManagerService.java:7122)
12-13 22:21:51.225  1491  1542 E ActivityManager: 	at com.android.server.am.ActivityManagerService$MainHandler.handleMessage(ActivityManagerService.java:2222)
12-13 22:21:51.225  1491  1542 E ActivityManager: 	at android.os.Handler.dispatchMessage(Handler.java:106)
12-13 22:21:51.225  1491  1542 E ActivityManager: 	at android.os.Looper.loop(Looper.java:192)
12-13 22:21:51.225  1491  1542 E ActivityManager: 	at android.os.HandlerThread.run(HandlerThread.java:65)
12-13 22:21:51.225  1491  1542 E ActivityManager: 	at com.android.server.ServiceThread.run(ServiceThread.java:46)
12-13 22:21:51.225  1491  1542 I ActivityManager: Force stopping io.agora.rtc.education appid=10469 user=0: start failure
12-13 22:21:51.229  1491  1542 I ActivityManager:   Force finishing activity ActivityRecord{6b4f50c u0 io.agora.rtc.education/.main.MainActivity t3899}
12-13 22:21:51.233  1491  1542 I ActivityManager:   Force finishing activity ActivityRecord{6b4f50c u0 io.agora.rtc.education/.main.MainActivity t3899 f}
12-13 22:21:51.233  1491  1542 W ActivityManager: Duplicate finish request for ActivityRecord{6b4f50c u0 io.agora.rtc.education/.main.MainActivity t3899 f}
12-13 22:21:51.313  1491  1542 I ActivityManager:   Force finishing activity ActivityRecord{6b4f50c u0 io.agora.rtc.education/.main.MainActivity t3899 f}
12-13 22:21:51.313  1491  1542 W ActivityManager: Duplicate finish request for ActivityRecord{6b4f50c u0 io.agora.rtc.education/.main.MainActivity t3899 f}
12-13 22:21:51.385  1491  1542 I WindowMode: mResumedActivity != next:true next.state: STOPPED next.isWindowMode: false
12-13 22:21:51.385  1491  1542 I WindowMode: isAttachActivity activityRecord:ActivityRecord{53ba4b8 u0 com.meizu.flyme.launcher/.Launcher t3807} mAttachActivityRecord: null
12-13 22:21:51.388  1491  1542 I ActivityManager: Config changes=480 {1.0 460mcc1mnc [zh_CN] ldltr sw360dp w360dp h692dp 480dpi nrml long hdr port finger -keyb/v/h -nav/h appBounds=Rect(0, 0 - 1080, 2160) s.126}
12-13 22:21:51.398  1491  1542 I ActivityManager: Override config changes=480 {1.0 460mcc1mnc [zh_CN] ldltr sw360dp w360dp h692dp 480dpi nrml long hdr port finger -keyb/v/h -nav/h appBounds=Rect(0, 0 - 1080, 2160) s.126} for displayId=0
12-13 22:21:51.403  1491 27628 D ActivityManager: AI prelaunch, ai_prelaunch_level:0
12-13 22:21:51.405  1491  1561 W ActivityManager: setHasOverlayUi called on unknown pid: 26599
12-13 22:21:51.409  1491  2344 D NetworkPolicy: no need to update restrict data rules for uid 99046
12-13 22:21:51.409  1491  2344 D NetworkPolicy: no need to update restrict power rules for uid 99046
12-13 22:21:51.411  1491  1542 I ActivityManager: Exiting empty application process 0:io.agora.rtc.education/u0a469 (null)
12-13 22:21:51.411  1491  1542 I BroadcastQueue: cleanupBroadcastLocked skipPendingBroadcastLocked app = ProcessRecord{51cf0ed 0:io.agora.rtc.education/u0a469}
12-13 22:21:51.411  1491  1542 I BroadcastQueue: cleanupBroadcastLocked skipPendingBroadcastLocked app = ProcessRecord{51cf0ed 0:io.agora.rtc.education/u0a469}
12-13 22:21:51.411  1491  1769 W WindowManager: Failed looking up window callers=com.android.server.wm.WindowManagerService.windowForClientLocked:6156 com.android.server.wm.WindowManagerService.removeWindow:1827 com.android.server.wm.Session.remove:222 
12-13 22:21:51.415  1491  1543 W Looper  : Dispatch took 303ms on android.ui, h=Handler (com.android.server.am.ActivityManagerService$UiHandler) {71ed679} cb=null msg=53
12-13 22:21:51.416  1491  3659 I ActivityManager: Process com.android.webview:sandboxed_process0 (pid 26732) has died: fore SVC 
12-13 22:21:51.420  1491  1769 W WindowManager: Leaked dim user=Task=3899 state=com.android.server.wm.DimLayerController$DimLayerState@9218b70
12-13 22:21:51.426  1491  1513 D DeviceStateService: mIsFlymeVerifyEnable != null, mIsFlymeVerifyEnable: true, log:     111 ro.soc.vendor is qcom, continue.    222 proc/mz_info/sec is Secure Chip, continue.    333 proc/mz_info/bl_unlock is 0, continue.    444 mIsFlymeVerifyEnable set true
12-13 22:21:51.426  1491  1513 D DeviceStateService: doCheckState handle=3
12-13 22:21:51.427  1491  1513 D DeviceStateService: mIsFlymeVerifyEnable != null, mIsFlymeVerifyEnable: true, log:     111 ro.soc.vendor is qcom, continue.    222 proc/mz_info/sec is Secure Chip, continue.    333 proc/mz_info/bl_unlock is 0, continue.    444 mIsFlymeVerifyEnable set true
12-13 22:21:51.427  1491  1513 D DeviceStateService: doCheckState handle=4
12-13 22:21:51.440  1491  2344 D NetworkPolicy: Dump stack:setUidFirewallRule,NetworkPolicyManagerService.java
12-13 22:21:51.440  1491  2344 D NetworkPolicy: updateRuleForAppIdleUL,NetworkPolicyManagerService.java
12-13 22:21:51.440  1491  2344 D NetworkPolicy: updateUidStateUL,NetworkPolicyManagerService.java
12-13 22:21:51.440  1491  2344 D NetworkPolicy: handleUidChanged,NetworkPolicyManagerService.java
12-13 22:21:51.440  1491  2344 D NetworkPolicy: handleMessage,NetworkPolicyManagerService.java
12-13 22:21:51.440  1491  2344 D NetworkPolicy: dispatchMessage,Handler.java
12-13 22:21:51.440  1491  2344 D NetworkPolicy: loop,Looper.java
12-13 22:21:51.440  1491  2344 D NetworkPolicy: run,HandlerThread.java
12-13 22:21:51.440  1491  2344 D NetworkManagement: oldRule = 0, newRule=0 for uid=10021 on chain 2
12-13 22:21:51.440  1491  2344 D NetworkManagement: !!!!! Skipping change
12-13 22:21:51.444  1491  1546 D KernelUidCpuTimeReader: Removing uids 99046-99046
12-13 22:21:51.446  1491 13665 V ActivityManager: Freeze: try to start service caller:android.app.IApplicationThread$Stub$Proxy@d5fa76e, callingPid:4978, callingUid:1000
12-13 22:21:51.472  1491  2775 D InputMethodManagerService: checkIsQuickReply = false
12-13 22:21:51.529  1491  1542 W BroadcastQueue: Background execution not allowed: receiving Intent { act=meizu.intent.action.FLISHLIGHTSTATUS flg=0x10 (has extras) } to com.meizu.suggestion/.LightReceiver
12-13 22:21:51.543  1491 13665 W AppOps  : Finishing op nesting under-run: uid 10314 pkg com.baidu.input code 24 time=0 duration=0 nesting=0
12-13 22:21:51.577  1491  2775 D NetworkPolicy: uid 10314 is allowed on unmetered network
12-13 22:21:51.613  1491  2775 D NetworkPolicy: uid 10314 is allowed on unmetered network
12-13 22:21:51.621  1491  1769 I WindowManager: Screen frozen for +250ms due to Window{91834be u0 com.android.systemui.ImageWallpaper}
12-13 22:21:51.708  1491  2343 V NetworkPolicy: updateNetworkEnabledNL()
12-13 22:21:51.708  1491  2343 V NetworkPolicy: No need to control the network enable or disable
12-13 22:21:51.708  1491  2343 V NetworkPolicy: updateNotificationsNL()
12-13 22:21:51.715  1491  2775 W AppOps  : Finishing op nesting under-run: uid 10314 pkg com.baidu.input code 24 time=0 duration=0 nesting=0
12-13 22:21:51.718  1491  2343 D NetworkStats: Resolving plan for NetworkTemplate: matchRule=MOBILE_ALL, subscriberId=460013..., matchSubscriberIds=[460013...]
12-13 22:21:51.719  1491  2343 D NetworkStats: Found active matching subId 1
12-13 22:21:51.723  1491  2343 D NetworkStats: Resolved to plan null
12-13 22:21:52.328  1491  1575 I ActivityManager: Force stopping io.agora.rtc.education appid=10469 user=0: pkg removed
12-13 22:21:52.346  1491  2343 V NetworkPolicy: ACTION_PACKAGE_ADDED for uid=10469
12-13 22:21:52.356  1491  2343 D NetworkPolicy: Dump stack:setUidFirewallRule,NetworkPolicyManagerService.java
12-13 22:21:52.356  1491  2343 D NetworkPolicy: updateRuleForAppIdleUL,NetworkPolicyManagerService.java
12-13 22:21:52.356  1491  2343 D NetworkPolicy: updateRestrictionRulesForUidUL,NetworkPolicyManagerService.java
12-13 22:21:52.356  1491  2343 D NetworkPolicy: -wrap16,null
12-13 22:21:52.356  1491  2343 D NetworkPolicy: onReceive,NetworkPolicyManagerService.java
12-13 22:21:52.356  1491  2343 D NetworkPolicy: lambda$-android_app_LoadedApk$ReceiverDispatcher$Args_52924,LoadedApk.java
12-13 22:21:52.356  1491  2343 D NetworkPolicy: $m$7,null
12-13 22:21:52.356  1491  2343 D NetworkPolicy: run,null
12-13 22:21:52.356  1491  2343 D NetworkManagement: oldRule = 0, newRule=0 for uid=10469 on chain 2
12-13 22:21:52.356  1491  2343 D NetworkManagement: !!!!! Skipping change
12-13 22:21:52.356  1491  1491 V ActivityManager: Freeze: try to start service caller:android.app.ActivityThread$ApplicationThread@899514a, callingPid:1491, callingUid:1000
12-13 22:21:52.365  1491  1491 D CtsStateMonitor: android.intent.action.PACKAGE_REMOVED onReceive packageName = io.agora.rtc.education,uid=0
12-13 22:21:52.365  1491  1491 D CtsStateMonitor: mIsCtsRunning = false ,[down]sUidpackage.size = 0,uid=0,count=-1
12-13 22:21:52.365  1491  1491 D AlarmOptimizeStrategy: PackageReceiver  action = android.intent.action.PACKAGE_REMOVED
12-13 22:21:52.374  1491  2768 V ActivityManager: Freeze: try to start service caller:android.app.IApplicationThread$Stub$Proxy@c5c98f7, callingPid:30880, callingUid:10051
12-13 22:21:52.376  1491  5739 W BroadcastQueue: Background execution not allowed: receiving Intent { act=android.intent.action.PACKAGE_REMOVED dat=package:io.agora.rtc.education flg=0x4000010 (has extras) } to com.android.settings/com.meizu.settings.receiver.FlymePackageUpdateReceiver
12-13 22:21:52.379  1491  2768 V ActivityManager: Freeze: try to start service caller:android.app.IApplicationThread$Stub$Proxy@37cd93, callingPid:30880, callingUid:10051
12-13 22:21:52.381  1491  2768 V ActivityManager: Freeze: try to start service caller:android.app.IApplicationThread$Stub$Proxy@96fd5c9, callingPid:30880, callingUid:10051
12-13 22:21:52.392  1491  3452 W BroadcastQueue: Background execution not allowed: receiving Intent { act=android.intent.action.PACKAGE_REMOVED dat=package:io.agora.rtc.education flg=0x4000010 (has extras) } to com.meizu.flyme.mmfvideo/.MmfInstalledReceiver
12-13 22:21:52.396  1491  5739 D NetworkPolicy: uid 10051 is allowed on unmetered network
12-13 22:21:52.404  1491  3452 D ActivityManager: protection state false
12-13 22:21:52.409  1491  5739 W BroadcastQueue: Background execution not allowed: receiving Intent { act=android.intent.action.PACKAGE_REMOVED dat=package:io.agora.rtc.education flg=0x4000010 (has extras) } to com.meizu.suggestion/.InstallReceiver
12-13 22:21:52.410  1491  1513 D NetworkPolicy: uid 10051 is allowed on unmetered network
12-13 22:21:52.411  1491  1513 D NetworkPolicy: uid 10051 is allowed on unmetered network
12-13 22:21:52.434  1491  3452 D NetworkPolicy: uid 10051 is allowed on unmetered network
12-13 22:21:52.453  1491  3452 D NetworkPolicy: uid 10051 is allowed on unmetered network
12-13 22:21:52.468  1491  1541 W TextServicesManagerService: no available spell checker services found
12-13 22:21:52.662  1491  1541 W VoiceInteractionManagerService: no available voice recognition services found for user 0
12-13 22:21:52.668  1491  1541 D NetworkPolicy: no need to update restrict power rules for uid 1000
12-13 22:21:52.668  1491  1541 D NetworkPolicy: no need to update restrict power rules for uid 99901000
12-13 22:21:52.743  1491  1491 D CtsStateMonitor: android.intent.action.PACKAGE_ADDED onReceive packageName = io.agora.rtc.education,uid=0
12-13 22:21:52.743  1491  1491 D CtsStateMonitor: mIsCtsRunning = false ,[up]sUidpackage.size = 0,uid=0,count=1
12-13 22:21:52.743  1491  1491 D AlarmOptimizeStrategy: PackageReceiver  action = android.intent.action.PACKAGE_ADDED
12-13 22:21:52.753  1491  1491 V PackageManager: patch system: resolveInfos instanceof SingletonList, but will be modified!
12-13 22:21:52.763  1491  1491 D ActivityManager: BroadcastRecord{48d0b2c u0 android.intent.action.PACKAGE_ADDED}, spend: 328, android.app.ActivityThread$ApplicationThread@899514a, ActivityInfo{ca9b527 com.android.server.pm.UpdateAppsReceiver}
12-13 22:21:52.766  1491  1513 W BroadcastQueue: Background execution not allowed: receiving Intent { act=android.intent.action.PACKAGE_ADDED dat=package:io.agora.rtc.education flg=0x4000010 (has extras) } to com.meizu.flyme.mmfvideo/.MmfInstalledReceiver
12-13 22:21:52.785  1491  1513 W BroadcastQueue: Background execution not allowed: receiving Intent { act=android.intent.action.PACKAGE_ADDED dat=package:io.agora.rtc.education flg=0x4000010 (has extras) } to com.meizu.suggestion/.InstallReceiver
12-13 22:21:52.785  1491  1542 W BroadcastQueue: Background execution not allowed: receiving Intent { act=android.intent.action.PACKAGE_ADDED dat=package:io.agora.rtc.education flg=0x4000010 (has extras) } to com.svox.pico/.VoiceDataInstallerReceiver
12-13 22:21:52.796  1491  3452 I Process : zygoteSendArgsAndGetResult: start read result...
12-13 22:21:52.806  1491  3452 I Process : 10ms so far, end read result
12-13 22:21:52.806  1491  3452 I ActivityManager: Start proc 27693:com.flyme.virtual.softsim/1001 for broadcast com.flyme.virtual.softsim/.ReplacedBroadcastReceiver
12-13 22:21:52.851  1491  3452 V ActivityManager: Freeze: try to start service caller:android.app.IApplicationThread$Stub$Proxy@29afd5a, callingPid:27693, callingUid:1001
12-13 22:21:52.855  1491  3452 W BroadcastQueue: Background execution not allowed: receiving Intent { act=android.intent.action.PACKAGE_REPLACED dat=package:io.agora.rtc.education flg=0x4000010 (has extras) } to com.meizu.flyme.easylauncher/com.android.launcher3.PkgUpdateReceiver
12-13 22:21:52.864  1491 13488 V ActivityManager: Freeze: try to start service caller:android.app.IApplicationThread$Stub$Proxy@8ca2468, callingPid:27693, callingUid:1001
12-13 22:21:52.867  1491 13488 V ActivityManager: ComponentInfo{com.flyme.virtual.softsim/com.flyme.virtual.softsim.client.SoftSimClientService}
12-13 22:21:52.867  1491 13488 V ActivityManager:  freeze=false, pid=27693
12-13 22:21:52.872  1491  1513 V ActivityManager: Freeze: try to start service caller:android.app.IApplicationThread$Stub$Proxy@d7a83bd, callingPid:9754, callingUid:10090
12-13 22:21:52.874  1491 13488 W BroadcastQueue: Background execution not allowed: receiving Intent { act=android.intent.action.PACKAGE_REPLACED dat=package:io.agora.rtc.education flg=0x4000010 (has extras) } to com.google.android.gms/org.microg.nlp.PackageReceiver
12-13 22:21:52.881  1491  3452 V ActivityManager: ComponentInfo{com.qualcomm.uimremoteclient/com.qualcomm.uimremoteclient.UimRemoteClientService}
12-13 22:21:52.883  1491 13488 W BroadcastQueue: Background execution not allowed: receiving Intent { act=android.intent.action.PACKAGE_REPLACED dat=package:io.agora.rtc.education flg=0x4000010 (has extras) } to com.smile.gifmaker/com.yxcorp.gifshow.ad.detail.AppInstalledReceiver
12-13 22:21:52.912  1491  3452 I ActivityManager: Process com.flyme.virtual.softsim (pid 27693) has died: svc  SVC 
12-13 22:21:52.913  1491  3452 W ActivityManager: Scheduling restart of crashed service com.flyme.virtual.softsim/.client.SoftSimClientService in 1000ms
12-13 22:21:52.913  1491  3452 W ActivityManager: Scheduling restart of crashed service com.flyme.virtual.softsim/.SoftSimService in 1000ms
12-13 22:21:53.940  1491  3452 V ActivityManager: Freeze: try to start service caller:android.app.IApplicationThread$Stub$Proxy@1c622fe, callingPid:25505, callingUid:10101
12-13 22:21:54.032  1491  5739 V ActivityManager: Freeze: try to start service caller:android.app.IApplicationThread$Stub$Proxy@e7a7a5f, callingPid:25505, callingUid:10101
12-13 22:21:56.320  1491  2343 V NetworkPolicy: updateNetworkEnabledNL()
12-13 22:21:56.320  1491  2343 V NetworkPolicy: No need to control the network enable or disable
12-13 22:21:56.320  1491  2343 V NetworkPolicy: updateNotificationsNL()
12-13 22:21:56.338  1491  2343 D NetworkStats: Resolving plan for NetworkTemplate: matchRule=MOBILE_ALL, subscriberId=460013..., matchSubscriberIds=[460013...]
12-13 22:21:56.339  1491  2343 D NetworkStats: Found active matching subId 1
12-13 22:21:56.344  1491  2343 D NetworkStats: Resolved to plan null
12-13 22:22:00.001  1491  1779 V AlarmManager: sending alarm Alarm{b2f1c62 type 3 when 89572361 22:22:00 android}
12-13 22:22:00.004  1491  1491 V AlarmManager: setImplLocked:Alarm{5dd710a type 3 when 89632360 22:23:00 android}
12-13 22:22:02.462  1491 13488 D NetworkPolicy: uid 10051 is allowed on unmetered network
12-13 22:22:02.462  1491  3452 D NetworkPolicy: uid 10051 is allowed on unmetered network
12-13 22:22:02.736  1491  3452 I chatty  : uid=1000(system) Binder:1491_E identical 3 lines
12-13 22:22:02.737  1491  3452 D NetworkPolicy: uid 10051 is allowed on unmetered network
12-13 22:22:05.441  1491  3452 D NetworkPolicy: uid 10117 is allowed on unmetered network
12-13 22:22:05.443  1491  3452 I chatty  : uid=1000(system) Binder:1491_E identical 2 lines
12-13 22:22:05.444  1491  3452 D NetworkPolicy: uid 10117 is allowed on unmetered network
12-13 22:22:05.444  1491 13488 D NetworkPolicy: uid 10117 is allowed on unmetered network
12-13 22:22:05.461  1491  3452 D NetworkPolicy: uid 10117 is allowed on unmetered network
12-13 22:22:05.488  1491  3452 I chatty  : uid=1000(system) Binder:1491_E identical 7 lines
12-13 22:22:05.489  1491  3452 D NetworkPolicy: uid 10117 is allowed on unmetered network
12-13 22:22:05.492  1491 13488 D NetworkPolicy: uid 10117 is allowed on unmetered network
12-13 22:22:05.552  1491 13488 I chatty  : uid=1000(system) Binder:1491_1E identical 8 lines
12-13 22:22:05.555  1491 13488 D NetworkPolicy: uid 10117 is allowed on unmetered network
12-13 22:22:05.590  1491  3452 D NetworkPolicy: uid 10117 is allowed on unmetered network
12-13 22:22:05.591  1491 13488 D NetworkPolicy: uid 10117 is allowed on unmetered network
12-13 22:22:05.592  1491  3452 D NetworkPolicy: uid 10117 is allowed on unmetered network
12-13 22:22:05.600  1491 13488 D NetworkPolicy: uid 10117 is allowed on unmetered network
12-13 22:22:05.613  1491 13488 I chatty  : uid=1000(system) Binder:1491_1E identical 12 lines
12-13 22:22:06.493  1491 13488 D NetworkPolicy: uid 10117 is allowed on unmetered network
12-13 22:22:11.396  1491 13488 W ActivityManager: Unable to start service Intent { act=android.security.IKeyChainService cmp=com.android.keychain/.KeyChainService } U=999: not found
12-13 22:22:11.413  1491 13488 W ActivityManager: Unable to start service Intent { act=android.security.IKeyChainService cmp=com.android.keychain/.KeyChainService } U=999: not found
12-13 22:22:16.605  1491 13488 D NetworkPolicy: uid 10025 is allowed on unmetered network
12-13 22:22:19.615  1491 13488 D NetworkPolicy: uid 10117 is allowed on unmetered network
12-13 22:22:19.616  1491  3452 D NetworkPolicy: uid 10117 is allowed on unmetered network
12-13 22:22:19.626  1491 13488 D NetworkPolicy: uid 10117 is allowed on unmetered network
12-13 22:22:19.647  1491 13488 I chatty  : uid=1000(system) Binder:1491_1E identical 6 lines
12-13 22:22:19.647  1491 13488 D NetworkPolicy: uid 10117 is allowed on unmetered network
12-13 22:22:19.648  1491  3452 D NetworkPolicy: uid 10117 is allowed on unmetered network
12-13 22:22:19.657  1491 13488 D NetworkPolicy: uid 10117 is allowed on unmetered network
12-13 22:22:19.660  1491 13488 I chatty  : uid=1000(system) Binder:1491_1E identical 1 line
12-13 22:22:19.661  1491 13488 D NetworkPolicy: uid 10117 is allowed on unmetered network
12-13 22:22:19.661  1491  3452 D NetworkPolicy: uid 10093 is allowed on unmetered network
12-13 22:22:19.661  1491  3452 D NetworkPolicy: uid 10093 is allowed on unmetered network
12-13 22:22:19.662  1491  3452 D NetworkPolicy: uid 10117 is allowed on unmetered network
12-13 22:22:19.752  1491  3452 I chatty  : uid=1000(system) Binder:1491_E identical 6 lines
12-13 22:22:19.753  1491  3452 D NetworkPolicy: uid 10117 is allowed on unmetered network
12-13 22:22:19.753  1491 13488 D NetworkPolicy: uid 10117 is allowed on unmetered network
12-13 22:22:19.766  1491 13488 I chatty  : uid=1000(system) Binder:1491_1E identical 9 lines
12-13 22:22:19.768  1491 13488 D NetworkPolicy: uid 10117 is allowed on unmetered network
12-13 22:22:19.768  1491  3452 D NetworkPolicy: uid 10117 is allowed on unmetered network
12-13 22:22:19.768  1491 13488 D NetworkPolicy: uid 10117 is allowed on unmetered network
12-13 22:22:19.770  1491 13488 D NetworkPolicy: uid 10117 is allowed on unmetered network
12-13 22:22:20.072  1491  1546 E BatteryExternalStatsWorker: no controller energy info supplied for bluetooth
12-13 22:22:20.652  1491 13488 D NetworkPolicy: uid 10117 is allowed on unmetered network
12-13 22:22:22.404  1491  1541 D NetworkPolicy: no need to update restrict power rules for uid 1000
12-13 22:22:22.404  1491  1541 D NetworkPolicy: no need to update restrict power rules for uid 99901000
12-13 22:22:24.280  1491  1779 D AlarmManager: set alarm to RTC 2-89813776-22:26:01
12-13 22:22:24.280  1491  1779 D AlarmManager: set alarm to RTC 3-89632360-22:22:59
12-13 22:22:24.281  1491  1779 V AlarmManager: sending alarm Alarm{7196a3 type 0 when 1576246944280 22:22:24 com.meizu.cloud}
12-13 22:22:24.287  1491 13488 V AlarmManager: setImplLocked:Alarm{e037798 type 0 when 1576246950282 22:22:30 com.meizu.cloud}
12-13 22:22:24.287  1491 13488 D AlarmManager: set alarm to RTC 2-89602642-22:22:30
12-13 22:22:24.344  1491 13488 D AlarmManager: set alarm to RTC 2-89813776-22:26:01
12-13 22:22:24.346  1491 13488 V AlarmManager: setImplLocked:Alarm{d7a6bf1 type 0 when 1576247316462 22:28:36 com.meizu.cloud}
12-13 22:22:27.336  1491  2343 V NetworkPolicy: updateNetworkEnabledNL()
12-13 22:22:27.336  1491  2343 V NetworkPolicy: No need to control the network enable or disable
12-13 22:22:27.336  1491  2343 V NetworkPolicy: updateNotificationsNL()
12-13 22:22:27.356  1491  2343 D NetworkStats: Resolving plan for NetworkTemplate: matchRule=MOBILE_ALL, subscriberId=460013..., matchSubscriberIds=[460013...]
12-13 22:22:27.357  1491  2343 D NetworkStats: Found active matching subId 1
12-13 22:22:27.358  1491 13488 D NetworkStats: Resolving plan for NetworkTemplate: matchRule=MOBILE_ALL, subscriberId=460013..., matchSubscriberIds=[460013...]
12-13 22:22:27.359  1491 13488 D NetworkStats: Found active matching subId 1
12-13 22:22:27.364  1491  2343 D NetworkStats: Resolved to plan null
12-13 22:22:27.365  1491 13488 D NetworkStats: Resolved to plan null
12-13 22:22:27.372  1491  3452 D NetworkStats: Resolving plan for NetworkTemplate: matchRule=MOBILE_ALL, subscriberId=460013..., matchSubscriberIds=[460013...]
12-13 22:22:27.373  1491  3452 D NetworkStats: Found active matching subId 1
12-13 22:22:27.377  1491  3452 D NetworkStats: Resolved to plan null
12-13 22:22:41.404  1491  3452 W ActivityManager: Unable to start service Intent { act=android.security.IKeyChainService cmp=com.android.keychain/.KeyChainService } U=999: not found
12-13 22:22:41.417  1491  3452 W ActivityManager: Unable to start service Intent { act=android.security.IKeyChainService cmp=com.android.keychain/.KeyChainService } U=999: not found
12-13 22:22:55.947  1491  3452 D NetworkPolicy: uid 10117 is allowed on unmetered network
12-13 22:22:58.080  1491  3452 I chatty  : uid=1000(system) Binder:1491_E identical 2 lines
12-13 22:22:58.081  1491  3452 D NetworkPolicy: uid 10117 is allowed on unmetered network
12-13 22:23:00.000  1491  1779 V AlarmManager: sending alarm Alarm{5dd710a type 3 when 89632360 22:22:59 android}
12-13 22:23:00.001  1491  1491 V AlarmManager: setImplLocked:Alarm{cb8d62d type 3 when 89692360 22:24:00 android}
12-13 22:23:00.001  1491  1491 D AlarmManager: set alarm to RTC 3-89692360-22:23:59
12-13 22:23:11.413  1491  3452 W ActivityManager: Unable to start service Intent { act=android.security.IKeyChainService cmp=com.android.keychain/.KeyChainService } U=999: not found
12-13 22:23:11.420  1491  3452 W ActivityManager: Unable to start service Intent { act=android.security.IKeyChainService cmp=com.android.keychain/.KeyChainService } U=999: not found
12-13 22:23:22.982  1491 13488 D NetworkPolicy: uid 10051 is allowed on unmetered network
12-13 22:23:22.982  1491  3452 D NetworkPolicy: uid 10051 is allowed on unmetered network
12-13 22:23:23.005  1491 13488 D NetworkPolicy: uid 10051 is allowed on unmetered network
12-13 22:23:23.058  1491 13488 D NetworkPolicy: uid 10051 is allowed on unmetered network
12-13 22:23:23.112  1491  2343 V NetworkPolicy: updateNetworkEnabledNL()
12-13 22:23:23.112  1491  2343 V NetworkPolicy: No need to control the network enable or disable
12-13 22:23:23.112  1491  2343 V NetworkPolicy: updateNotificationsNL()
12-13 22:23:23.128  1491  2343 D NetworkStats: Resolving plan for NetworkTemplate: matchRule=MOBILE_ALL, subscriberId=460013..., matchSubscriberIds=[460013...]
12-13 22:23:23.129  1491  2343 D NetworkStats: Found active matching subId 1
12-13 22:23:23.133  1491  2343 D NetworkStats: Resolved to plan null
12-13 22:23:27.491  1491  2343 V NetworkPolicy: updateNetworkEnabledNL()
12-13 22:23:27.491  1491  2343 V NetworkPolicy: No need to control the network enable or disable
12-13 22:23:27.491  1491  2343 V NetworkPolicy: updateNotificationsNL()
12-13 22:23:27.508  1491 13488 D NetworkStats: Resolving plan for NetworkTemplate: matchRule=MOBILE_ALL, subscriberId=460013..., matchSubscriberIds=[460013...]
12-13 22:23:27.509  1491 13488 D NetworkStats: Found active matching subId 1
12-13 22:23:27.509  1491  2343 D NetworkStats: Resolving plan for NetworkTemplate: matchRule=MOBILE_ALL, subscriberId=460013..., matchSubscriberIds=[460013...]
12-13 22:23:27.510  1491  2343 D NetworkStats: Found active matching subId 1
12-13 22:23:27.513  1491  2343 D NetworkStats: Resolved to plan null
12-13 22:23:27.515  1491 13488 D NetworkStats: Resolved to plan null
12-13 22:23:27.521  1491 13488 D NetworkStats: Resolving plan for NetworkTemplate: matchRule=MOBILE_ALL, subscriberId=460013..., matchSubscriberIds=[460013...]
12-13 22:23:27.522  1491 13488 D NetworkStats: Found active matching subId 1
12-13 22:23:27.525  1491 13488 D NetworkStats: Resolved to plan null
12-13 22:23:37.189  1491 13488 I ActivityManager: Force stopping io.agora.rtc.education appid=10469 user=0: from pid 27760
12-13 22:23:37.193  1491 13488 I ActivityManager: Force stopping io.agora.rtc.education appid=10469 user=999: from pid 27760
12-13 22:23:37.589  1491 13488 W WindowManager: Permission Denial: dismissKeyguard from pid=27757, uid=2000 requires android.permission.CONTROL_KEYGUARD
12-13 22:23:39.740  1491  1575 W ContextImpl: Calling a method in the system process without a qualified user: android.app.ContextImpl.sendBroadcast:970 com.android.server.pm.PackageManagerService$9.run:15686 android.os.Handler.handleCallback:790 android.os.Handler.dispatchMessage:99 android.os.Looper.loop:192 
12-13 22:23:39.763  1491  1575 V ActivityManager: ComponentInfo{com.android.defcontainer/com.android.defcontainer.DefaultContainerService}
12-13 22:23:39.902  1491  1542 I Process : zygoteSendArgsAndGetResult: start read result...
12-13 22:23:39.912  1491  1542 I Process : 10ms so far, end read result
12-13 22:23:39.912  1491  1542 I ActivityManager: Start proc 27798:com.qualcomm.qti.seemp.service:seemp_service/1000 for broadcast com.qualcomm.qti.seemp.service/.SeempBroadcastReceiver
12-13 22:23:39.954 27798 27798 W ContextImpl: Calling a method in the system process without a qualified user: android.app.ContextImpl.startService:1480 android.content.ContextWrapper.startService:650 android.content.ContextWrapper.startService:650 com.qualcomm.qti.seemp.service.SeempBroadcastReceiver.onReceive:56 android.app.ActivityThread.handleReceiver:3406 
12-13 22:23:39.956  1491  5739 V ActivityManager: Freeze: try to start service caller:android.app.IApplicationThread$Stub$Proxy@94cd6e0, callingPid:27798, callingUid:1000
12-13 22:23:39.982  1491 12500 I ActivityManager: Process com.qualcomm.qti.seemp.service:seemp_service (pid 27798) has died: fore SVC 
12-13 22:23:40.014  1491  1542 I ActivityManager: Force stopping io.agora.rtc.education appid=10469 user=-1: installPackageLI
12-13 22:23:40.129  1491  1575 E MzSysAppUninstall: Trying to add app that did not in MzApp /data/app/io.agora.rtc.education-IOStwGnCvo-w8AJCuOBKZA==/base.apk
12-13 22:23:40.129  1491  1575 E MzSysAppUninstall: java.lang.Exception
12-13 22:23:40.129  1491  1575 E MzSysAppUninstall: 	at com.android.server.pm.MzSysAppUninstall.addUnSystemApp(MzSysAppUninstall.java:136)
12-13 22:23:40.129  1491  1575 E MzSysAppUninstall: 	at com.android.server.pm.PackageManagerService.replaceNonSystemPackageLIF(PackageManagerService.java:18847)
12-13 22:23:40.129  1491  1575 E MzSysAppUninstall: 	at com.android.server.pm.PackageManagerService.replacePackageLIF(PackageManagerService.java:18779)
12-13 22:23:40.129  1491  1575 E MzSysAppUninstall: 	at com.android.server.pm.PackageManagerService.installPackageLI(PackageManagerService.java:19825)
12-13 22:23:40.129  1491  1575 E MzSysAppUninstall: 	at com.android.server.pm.PackageManagerService.installPackageTracedLI(PackageManagerService.java:19362)
12-13 22:23:40.129  1491  1575 E MzSysAppUninstall: 	at com.android.server.pm.PackageManagerService.-wrap34(Unknown Source:0)
12-13 22:23:40.129  1491  1575 E MzSysAppUninstall: 	at com.android.server.pm.PackageManagerService$10.run(PackageManagerService.java:16758)
12-13 22:23:40.129  1491  1575 E MzSysAppUninstall: 	at android.os.Handler.handleCallback(Handler.java:790)
